Archive member included to satisfy reference by file (symbol)

/usr/local/Cellar/arm-none-eabi-gcc/10.3-2021.07/gcc/bin/../lib/gcc/arm-none-eabi/10.3.1/thumb/v6-m/nofp/libgcc.a(_dvmd_tls.o)
                              CMakeFiles/test_RTC_GPS.dir/Users/matteo/Documents/GitHub/RP_2040/FW/pico-sdk/src/rp2_common/pico_divider/divider.S.obj (__aeabi_idiv0)
/usr/local/Cellar/arm-none-eabi-gcc/10.3-2021.07/gcc/bin/../lib/gcc/arm-none-eabi/10.3.1/../../../../arm-none-eabi/lib/thumb/v6-m/nofp/libg.a(lib_a-calloc.o)
                              CMakeFiles/test_RTC_GPS.dir/Users/matteo/Documents/GitHub/RP_2040/FW/pico-sdk/src/rp2_common/pico_malloc/pico_malloc.c.obj (calloc)
/usr/local/Cellar/arm-none-eabi-gcc/10.3-2021.07/gcc/bin/../lib/gcc/arm-none-eabi/10.3.1/../../../../arm-none-eabi/lib/thumb/v6-m/nofp/libg.a(lib_a-callocr.o)
                              /usr/local/Cellar/arm-none-eabi-gcc/10.3-2021.07/gcc/bin/../lib/gcc/arm-none-eabi/10.3.1/../../../../arm-none-eabi/lib/thumb/v6-m/nofp/libg.a(lib_a-calloc.o) (_calloc_r)
/usr/local/Cellar/arm-none-eabi-gcc/10.3-2021.07/gcc/bin/../lib/gcc/arm-none-eabi/10.3.1/../../../../arm-none-eabi/lib/thumb/v6-m/nofp/libg.a(lib_a-ctype_.o)
                              CMakeFiles/test_RTC_GPS.dir/Users/matteo/Documents/GitHub/RP_2040/FW/pico-sdk/lib/tinyusb/src/tusb.c.obj (_ctype_)
/usr/local/Cellar/arm-none-eabi-gcc/10.3-2021.07/gcc/bin/../lib/gcc/arm-none-eabi/10.3.1/../../../../arm-none-eabi/lib/thumb/v6-m/nofp/libg.a(lib_a-errno.o)
                              /usr/local/Cellar/arm-none-eabi-gcc/10.3-2021.07/gcc/bin/../lib/gcc/arm-none-eabi/10.3.1/../../../../arm-none-eabi/lib/thumb/v6-m/nofp/libg.a(lib_a-callocr.o) (__errno)
/usr/local/Cellar/arm-none-eabi-gcc/10.3-2021.07/gcc/bin/../lib/gcc/arm-none-eabi/10.3.1/../../../../arm-none-eabi/lib/thumb/v6-m/nofp/libg.a(lib_a-impure.o)
                              /usr/local/Cellar/arm-none-eabi-gcc/10.3-2021.07/gcc/bin/../lib/gcc/arm-none-eabi/10.3.1/../../../../arm-none-eabi/lib/thumb/v6-m/nofp/libg.a(lib_a-calloc.o) (_impure_ptr)
/usr/local/Cellar/arm-none-eabi-gcc/10.3-2021.07/gcc/bin/../lib/gcc/arm-none-eabi/10.3.1/../../../../arm-none-eabi/lib/thumb/v6-m/nofp/libg.a(lib_a-init.o)
                              /usr/local/Cellar/arm-none-eabi-gcc/10.3-2021.07/gcc/bin/../lib/gcc/arm-none-eabi/10.3.1/../../../../arm-none-eabi/lib/thumb/v6-m/nofp/crt0.o (__libc_init_array)
/usr/local/Cellar/arm-none-eabi-gcc/10.3-2021.07/gcc/bin/../lib/gcc/arm-none-eabi/10.3.1/../../../../arm-none-eabi/lib/thumb/v6-m/nofp/libg.a(lib_a-malloc.o)
                              CMakeFiles/test_RTC_GPS.dir/Users/matteo/Documents/GitHub/RP_2040/FW/pico-sdk/src/rp2_common/pico_malloc/pico_malloc.c.obj (malloc)
/usr/local/Cellar/arm-none-eabi-gcc/10.3-2021.07/gcc/bin/../lib/gcc/arm-none-eabi/10.3.1/../../../../arm-none-eabi/lib/thumb/v6-m/nofp/libg.a(lib_a-mallocr.o)
                              /usr/local/Cellar/arm-none-eabi-gcc/10.3-2021.07/gcc/bin/../lib/gcc/arm-none-eabi/10.3.1/../../../../arm-none-eabi/lib/thumb/v6-m/nofp/libg.a(lib_a-callocr.o) (_malloc_r)
/usr/local/Cellar/arm-none-eabi-gcc/10.3-2021.07/gcc/bin/../lib/gcc/arm-none-eabi/10.3.1/../../../../arm-none-eabi/lib/thumb/v6-m/nofp/libg.a(lib_a-mlock.o)
                              /usr/local/Cellar/arm-none-eabi-gcc/10.3-2021.07/gcc/bin/../lib/gcc/arm-none-eabi/10.3.1/../../../../arm-none-eabi/lib/thumb/v6-m/nofp/libg.a(lib_a-mallocr.o) (__malloc_lock)
/usr/local/Cellar/arm-none-eabi-gcc/10.3-2021.07/gcc/bin/../lib/gcc/arm-none-eabi/10.3.1/../../../../arm-none-eabi/lib/thumb/v6-m/nofp/libg.a(lib_a-sbrkr.o)
                              /usr/local/Cellar/arm-none-eabi-gcc/10.3-2021.07/gcc/bin/../lib/gcc/arm-none-eabi/10.3.1/../../../../arm-none-eabi/lib/thumb/v6-m/nofp/libg.a(lib_a-mallocr.o) (_sbrk_r)
/usr/local/Cellar/arm-none-eabi-gcc/10.3-2021.07/gcc/bin/../lib/gcc/arm-none-eabi/10.3.1/../../../../arm-none-eabi/lib/thumb/v6-m/nofp/libg.a(lib_a-strlen-stub.o)
                              CMakeFiles/test_RTC_GPS.dir/Users/matteo/Documents/GitHub/RP_2040/FW/pico-sdk/src/rp2_common/pico_stdio/stdio.c.obj (strlen)
/usr/local/Cellar/arm-none-eabi-gcc/10.3-2021.07/gcc/bin/../lib/gcc/arm-none-eabi/10.3.1/../../../../arm-none-eabi/lib/thumb/v6-m/nofp/libg.a(lib_a-freer.o)
                              /usr/local/Cellar/arm-none-eabi-gcc/10.3-2021.07/gcc/bin/../lib/gcc/arm-none-eabi/10.3.1/../../../../arm-none-eabi/lib/thumb/v6-m/nofp/libg.a(lib_a-malloc.o) (_free_r)
/usr/local/Cellar/arm-none-eabi-gcc/10.3-2021.07/gcc/bin/../lib/gcc/arm-none-eabi/10.3.1/../../../../arm-none-eabi/lib/thumb/v6-m/nofp/libg.a(lib_a-lock.o)
                              /usr/local/Cellar/arm-none-eabi-gcc/10.3-2021.07/gcc/bin/../lib/gcc/arm-none-eabi/10.3.1/../../../../arm-none-eabi/lib/thumb/v6-m/nofp/libg.a(lib_a-mlock.o) (__retarget_lock_acquire_recursive)
[...]
Memory Configuration

Name             Origin             Length             Attributes
FLASH            0x0000000010000000 0x0000000000200000 xr
RAM              0x0000000020000000 0x0000000000040000 xrw
SCRATCH_X        0x0000000020040000 0x0000000000001000 xrw
SCRATCH_Y        0x0000000020041000 0x0000000000001000 xrw
*default*        0x0000000000000000 0xffffffffffffffff

Linker script and memory map

LOAD /usr/local/Cellar/arm-none-eabi-gcc/10.3-2021.07/gcc/bin/../lib/gcc/arm-none-eabi/10.3.1/thumb/v6-m/nofp/crti.o
LOAD /usr/local/Cellar/arm-none-eabi-gcc/10.3-2021.07/gcc/bin/../lib/gcc/arm-none-eabi/10.3.1/thumb/v6-m/nofp/crtbegin.o
LOAD /usr/local/Cellar/arm-none-eabi-gcc/10.3-2021.07/gcc/bin/../lib/gcc/arm-none-eabi/10.3.1/../../../../arm-none-eabi/lib/thumb/v6-m/nofp/crt0.o

.flash_begin    0x0000000010000000        0x0
                0x0000000010000000                __flash_binary_start = .

.boot2          0x0000000010000000      0x100
                0x0000000010000000                __boot2_start__ = .
 *(.boot2)
 .boot2         0x0000000010000000      0x100 /var/folders/19/bq3d41vj75gdqwk218mtt4lc0000gn/T//ccdjr4dA.o
                0x0000000010000100                __boot2_end__ = .
                0x0000000000000001                ASSERT (((__boot2_end__ - __boot2_start__) == 0x100), ERROR: Pico second stage bootloader must be 256 bytes in size)

.text           0x0000000010000100     0x7548
                0x0000000010000100                __logical_binary_start = .
 *(.vectors)
 .vectors       0x0000000010000100       0xd4 CMakeFiles/test_RTC_GPS.dir/Users/matteo/Documents/GitHub/RP_2040/FW/pico-sdk/src/rp2_common/pico_standard_link/crt0.S.obj
                0x0000000010000100                __VECTOR_TABLE
                0x0000000010000100                __vectors
                0x00000000100001c0                __default_isrs_start
                0x00000000100001c0                isr_invalid
                0x00000000100001c2                isr_nmi
                0x00000000100001c4                isr_hardfault
                0x00000000100001c6                isr_svcall
                0x00000000100001c8                isr_pendsv
                0x00000000100001ca                isr_systick
                0x00000000100001cc                isr_irq28
                0x00000000100001cc                isr_irq19
                0x00000000100001cc                isr_irq0
                0x00000000100001cc                isr_irq6
                0x00000000100001cc                isr_irq22
                0x00000000100001cc                isr_irq17
                0x00000000100001cc                isr_irq14
                0x00000000100001cc                isr_irq2
                0x00000000100001cc                isr_irq10
                0x00000000100001cc                isr_irq8
                0x00000000100001cc                isr_irq24
                0x00000000100001cc                isr_irq1
                0x00000000100001cc                isr_irq7
                0x00000000100001cc                isr_irq21
                0x00000000100001cc                isr_irq20
                0x00000000100001cc                isr_irq15
                0x00000000100001cc                isr_irq25
                0x00000000100001cc                isr_irq4
                0x00000000100001cc                isr_irq16
                0x00000000100001cc                isr_irq29
                0x00000000100001cc                isr_irq26
                0x00000000100001cc                __default_isrs_end
                0x00000000100001cc                isr_irq3
                0x00000000100001cc                isr_irq9
                0x00000000100001cc                __unhandled_user_irq
                0x00000000100001cc                isr_irq13
                0x00000000100001cc                isr_irq27
                0x00000000100001cc                isr_irq31
                0x00000000100001cc                isr_irq5
                0x00000000100001cc                isr_irq11
                0x00000000100001cc                isr_irq23
                0x00000000100001cc                isr_irq18
                0x00000000100001cc                isr_irq30
                0x00000000100001cc                isr_irq12
                0x00000000100001d2                unhandled_user_irq_num_in_r0
 *(.binary_info_header)
 .binary_info_header
                0x00000000100001d4       0x14 CMakeFiles/test_RTC_GPS.dir/Users/matteo/Documents/GitHub/RP_2040/FW/pico-sdk/src/rp2_common/pico_standard_link/crt0.S.obj
                0x00000000100001e8                __binary_info_header_end = .
 *(.reset)
 .reset         0x00000000100001e8       0xa8 CMakeFiles/test_RTC_GPS.dir/Users/matteo/Documents/GitHub/RP_2040/FW/pico-sdk/src/rp2_common/pico_standard_link/crt0.S.obj
                0x00000000100001e8                _entry_point
                0x0000000010000266                __get_current_exception
 .reset         0x0000000010000290       0x30 CMakeFiles/test_RTC_GPS.dir/Users/matteo/Documents/GitHub/RP_2040/FW/pico-sdk/src/rp2_common/pico_standard_link/binary_info.c.obj
 *(.init)
 .init          0x00000000100002c0        0x4 /usr/local/Cellar/arm-none-eabi-gcc/10.3-2021.07/gcc/bin/../lib/gcc/arm-none-eabi/10.3.1/thumb/v6-m/nofp/crti.o
                0x00000000100002c0                _init
 *(EXCLUDE_FILE(*libm.a: *libc.a:*lib_a-mem*.o *libgcc.a:) .text*)
 .text          0x00000000100002c4       0x48 /usr/local/Cellar/arm-none-eabi-gcc/10.3-2021.07/gcc/bin/../lib/gcc/arm-none-eabi/10.3.1/thumb/v6-m/nofp/crtbegin.o
 .text.main     0x000000001000030c      0x208 CMakeFiles/test_RTC_GPS.dir/main.c.obj
                0x000000001000030c                main
 .text.mcp7940_get_all_data
                0x0000000010000514       0x3c CMakeFiles/test_RTC_GPS.dir/src/mcp7940.c.obj
                0x0000000010000514                mcp7940_get_all_data
 .text.mcp7940_write_single_register
                0x0000000010000550       0x2c CMakeFiles/test_RTC_GPS.dir/src/mcp7940.c.obj
                0x0000000010000550                mcp7940_write_single_register
 .text.mcp7940_write_multiple_registers
                0x000000001000057c       0x48 CMakeFiles/test_RTC_GPS.dir/src/mcp7940.c.obj
                0x000000001000057c                mcp7940_write_multiple_registers
 .text.mcp7940_add_hour_format
                0x00000000100005c4        0xc CMakeFiles/test_RTC_GPS.dir/src/mcp7940.c.obj
                0x00000000100005c4                mcp7940_add_hour_format
 .text.num_to_BCD
                0x00000000100005d0       0x24 CMakeFiles/test_RTC_GPS.dir/src/mcp7940.c.obj
                0x00000000100005d0                num_to_BCD
 .text.BCD_to_num
                0x00000000100005f4       0x20 CMakeFiles/test_RTC_GPS.dir/src/mcp7940.c.obj
                0x00000000100005f4                BCD_to_num
 .text.gpio_set_function
                0x0000000010000614       0x30 CMakeFiles/test_RTC_GPS.dir/Users/matteo/Documents/GitHub/RP_2040/FW/pico-sdk/src/rp2_common/hardware_gpio/gpio.c.obj
                0x0000000010000614                gpio_set_function
 .text.gpio_init
                0x0000000010000644       0x16 CMakeFiles/test_RTC_GPS.dir/Users/matteo/Documents/GitHub/RP_2040/FW/pico-sdk/src/rp2_common/hardware_gpio/gpio.c.obj
                0x0000000010000644                gpio_init
 *fill*         0x000000001000065a        0x2 
 .text.hw_claim_lock
                0x000000001000065c       0x18 CMakeFiles/test_RTC_GPS.dir/Users/matteo/Documents/GitHub/RP_2040/FW/pico-sdk/src/rp2_common/hardware_claim/claim.c.obj
                0x000000001000065c                hw_claim_lock
 .text.hw_claim_unlock
                0x0000000010000674       0x14 CMakeFiles/test_RTC_GPS.dir/Users/matteo/Documents/GitHub/RP_2040/FW/pico-sdk/src/rp2_common/hardware_claim/claim.c.obj
                0x0000000010000674                hw_claim_unlock
 .text.hw_claim_or_assert
                0x0000000010000688       0x32 CMakeFiles/test_RTC_GPS.dir/Users/matteo/Documents/GitHub/RP_2040/FW/pico-sdk/src/rp2_common/hardware_claim/claim.c.obj
                0x0000000010000688                hw_claim_or_assert
 .text.hw_claim_unused_from_range
                0x00000000100006ba       0x50 CMakeFiles/test_RTC_GPS.dir/Users/matteo/Documents/GitHub/RP_2040/FW/pico-sdk/src/rp2_common/hardware_claim/claim.c.obj
                0x00000000100006ba                hw_claim_unused_from_range
 *fill*         0x000000001000070a        0x2 
 .text.running_on_fpga
                0x000000001000070c       0x14 CMakeFiles/test_RTC_GPS.dir/Users/matteo/Documents/GitHub/RP_2040/FW/pico-sdk/src/rp2_common/pico_platform/platform.c.obj
                0x000000001000070c                running_on_fpga
 .text.spin_locks_reset
                0x0000000010000720       0x20 CMakeFiles/test_RTC_GPS.dir/Users/matteo/Documents/GitHub/RP_2040/FW/pico-sdk/src/rp2_common/hardware_sync/sync.c.obj
                0x0000000010000720                spin_locks_reset
 .text.next_striped_spin_lock_num
                0x0000000010000740       0x1c CMakeFiles/test_RTC_GPS.dir/Users/matteo/Documents/GitHub/RP_2040/FW/pico-sdk/src/rp2_common/hardware_sync/sync.c.obj
                0x0000000010000740                next_striped_spin_lock_num
 .text.spin_lock_claim_unused
                0x000000001000075c       0x20 CMakeFiles/test_RTC_GPS.dir/Users/matteo/Documents/GitHub/RP_2040/FW/pico-sdk/src/rp2_common/hardware_sync/sync.c.obj
                0x000000001000075c                spin_lock_claim_unused
 .text.alarm_pool_post_alloc_init
                0x000000001000077c       0x40 CMakeFiles/test_RTC_GPS.dir/Users/matteo/Documents/GitHub/RP_2040/FW/pico-sdk/src/common/pico_time/time.c.obj
 .text.sleep_until_callback
                0x00000000100007bc       0x30 CMakeFiles/test_RTC_GPS.dir/Users/matteo/Documents/GitHub/RP_2040/FW/pico-sdk/src/common/pico_time/time.c.obj
 .text.timer_pool_entry_comparator
                0x00000000100007ec       0x7c CMakeFiles/test_RTC_GPS.dir/Users/matteo/Documents/GitHub/RP_2040/FW/pico-sdk/src/common/pico_time/time.c.obj
                0x00000000100007ec                timer_pool_entry_comparator
 .text.ph_add_child_node
                0x0000000010000868       0xa4 CMakeFiles/test_RTC_GPS.dir/Users/matteo/Documents/GitHub/RP_2040/FW/pico-sdk/src/common/pico_time/time.c.obj
 .text.ph_merge_nodes
                0x000000001000090c       0x3e CMakeFiles/test_RTC_GPS.dir/Users/matteo/Documents/GitHub/RP_2040/FW/pico-sdk/src/common/pico_time/time.c.obj
 *fill*         0x000000001000094a        0x2 
 .text.add_alarm_under_lock
                0x000000001000094c      0x174 CMakeFiles/test_RTC_GPS.dir/Users/matteo/Documents/GitHub/RP_2040/FW/pico-sdk/src/common/pico_time/time.c.obj
 .text.alarm_pool_alarm_callback
                0x0000000010000ac0      0x328 CMakeFiles/test_RTC_GPS.dir/Users/matteo/Documents/GitHub/RP_2040/FW/pico-sdk/src/common/pico_time/time.c.obj
 .text.alarm_pool_init_default
                0x0000000010000de8       0x38 CMakeFiles/test_RTC_GPS.dir/Users/matteo/Documents/GitHub/RP_2040/FW/pico-sdk/src/common/pico_time/time.c.obj
                0x0000000010000de8                alarm_pool_init_default
 .text.alarm_pool_get_default
                0x0000000010000e20       0x2c CMakeFiles/test_RTC_GPS.dir/Users/matteo/Documents/GitHub/RP_2040/FW/pico-sdk/src/common/pico_time/time.c.obj
                0x0000000010000e20                alarm_pool_get_default
 .text.alarm_pool_add_alarm_at
                0x0000000010000e4c      0x170 CMakeFiles/test_RTC_GPS.dir/Users/matteo/Documents/GitHub/RP_2040/FW/pico-sdk/src/common/pico_time/time.c.obj
                0x0000000010000e4c                alarm_pool_add_alarm_at
 .text.alarm_pool_cancel_alarm
                0x0000000010000fbc       0xf0 CMakeFiles/test_RTC_GPS.dir/Users/matteo/Documents/GitHub/RP_2040/FW/pico-sdk/src/common/pico_time/time.c.obj
                0x0000000010000fbc                alarm_pool_cancel_alarm
 .text.sleep_until
                0x00000000100010ac       0xfc CMakeFiles/test_RTC_GPS.dir/Users/matteo/Documents/GitHub/RP_2040/FW/pico-sdk/src/common/pico_time/time.c.obj
                0x00000000100010ac                sleep_until
 .text.sleep_us
                0x00000000100011a8       0x58 CMakeFiles/test_RTC_GPS.dir/Users/matteo/Documents/GitHub/RP_2040/FW/pico-sdk/src/common/pico_time/time.c.obj
                0x00000000100011a8                sleep_us
 .text.sleep_ms
                0x0000000010001200       0x14 CMakeFiles/test_RTC_GPS.dir/Users/matteo/Documents/GitHub/RP_2040/FW/pico-sdk/src/common/pico_time/time.c.obj
                0x0000000010001200                sleep_ms
 .text.best_effort_wfe_or_timeout
                0x0000000010001214       0x80 CMakeFiles/test_RTC_GPS.dir/Users/matteo/Documents/GitHub/RP_2040/FW/pico-sdk/src/common/pico_time/time.c.obj
                0x0000000010001214                best_effort_wfe_or_timeout
 .text.hardware_alarm_irq_handler
                0x0000000010001294       0x8c CMakeFiles/test_RTC_GPS.dir/Users/matteo/Documents/GitHub/RP_2040/FW/pico-sdk/src/rp2_common/hardware_timer/timer.c.obj
 .text.hardware_alarm_claim
                0x0000000010001320       0x18 CMakeFiles/test_RTC_GPS.dir/Users/matteo/Documents/GitHub/RP_2040/FW/pico-sdk/src/rp2_common/hardware_timer/timer.c.obj
                0x0000000010001320                hardware_alarm_claim
 .text.time_us_64
                0x0000000010001338       0x18 CMakeFiles/test_RTC_GPS.dir/Users/matteo/Documents/GitHub/RP_2040/FW/pico-sdk/src/rp2_common/hardware_timer/timer.c.obj
                0x0000000010001338                time_us_64
 .text.busy_wait_until
                0x0000000010001350       0x28 CMakeFiles/test_RTC_GPS.dir/Users/matteo/Documents/GitHub/RP_2040/FW/pico-sdk/src/rp2_common/hardware_timer/timer.c.obj
                0x0000000010001350                busy_wait_until
 .text.hardware_alarm_set_callback
                0x0000000010001378       0x90 CMakeFiles/test_RTC_GPS.dir/Users/matteo/Documents/GitHub/RP_2040/FW/pico-sdk/src/rp2_common/hardware_timer/timer.c.obj
                0x0000000010001378                hardware_alarm_set_callback
 .text.hardware_alarm_set_target
                0x0000000010001408       0xe8 CMakeFiles/test_RTC_GPS.dir/Users/matteo/Documents/GitHub/RP_2040/FW/pico-sdk/src/rp2_common/hardware_timer/timer.c.obj
                0x0000000010001408                hardware_alarm_set_target
 .text.hardware_alarm_cancel
                0x00000000100014f0       0x40 CMakeFiles/test_RTC_GPS.dir/Users/matteo/Documents/GitHub/RP_2040/FW/pico-sdk/src/rp2_common/hardware_timer/timer.c.obj
                0x00000000100014f0                hardware_alarm_cancel
 .text.lock_init
                0x0000000010001530       0x10 CMakeFiles/test_RTC_GPS.dir/Users/matteo/Documents/GitHub/RP_2040/FW/pico-sdk/src/common/pico_sync/lock_core.c.obj
                0x0000000010001530                lock_init
 .text.mutex_init
                0x0000000010001540       0x1a CMakeFiles/test_RTC_GPS.dir/Users/matteo/Documents/GitHub/RP_2040/FW/pico-sdk/src/common/pico_sync/mutex.c.obj
                0x0000000010001540                mutex_init
 .text.recursive_mutex_init
                0x000000001000155a       0x1e CMakeFiles/test_RTC_GPS.dir/Users/matteo/Documents/GitHub/RP_2040/FW/pico-sdk/src/common/pico_sync/mutex.c.obj
                0x000000001000155a                recursive_mutex_init
 .text.critical_section_init_with_lock_num
                0x0000000010001578       0x14 CMakeFiles/test_RTC_GPS.dir/Users/matteo/Documents/GitHub/RP_2040/FW/pico-sdk/src/common/pico_sync/critical_section.c.obj
                0x0000000010001578                critical_section_init_with_lock_num
 .text.critical_section_init
                0x000000001000158c       0x14 CMakeFiles/test_RTC_GPS.dir/Users/matteo/Documents/GitHub/RP_2040/FW/pico-sdk/src/common/pico_sync/critical_section.c.obj
                0x000000001000158c                critical_section_init
 .text.ph_add_child_node
                0x00000000100015a0       0xa4 CMakeFiles/test_RTC_GPS.dir/Users/matteo/Documents/GitHub/RP_2040/FW/pico-sdk/src/common/pico_util/pheap.c.obj
 .text.ph_merge_nodes
                0x0000000010001644       0x3e CMakeFiles/test_RTC_GPS.dir/Users/matteo/Documents/GitHub/RP_2040/FW/pico-sdk/src/common/pico_util/pheap.c.obj
 *fill*         0x0000000010001682        0x2 
 .text.ph_clear
                0x0000000010001684       0x70 CMakeFiles/test_RTC_GPS.dir/Users/matteo/Documents/GitHub/RP_2040/FW/pico-sdk/src/common/pico_util/pheap.c.obj
                0x0000000010001684                ph_clear
 .text.ph_post_alloc_init
                0x00000000100016f4        0xe CMakeFiles/test_RTC_GPS.dir/Users/matteo/Documents/GitHub/RP_2040/FW/pico-sdk/src/common/pico_util/pheap.c.obj
                0x00000000100016f4                ph_post_alloc_init
 *fill*         0x0000000010001702        0x2 
 .text.ph_merge_two_pass
                0x0000000010001704       0xa8 CMakeFiles/test_RTC_GPS.dir/Users/matteo/Documents/GitHub/RP_2040/FW/pico-sdk/src/common/pico_util/pheap.c.obj
                0x0000000010001704                ph_merge_two_pass
 .text.ph_remove_any_head
                0x00000000100017ac      0x108 CMakeFiles/test_RTC_GPS.dir/Users/matteo/Documents/GitHub/RP_2040/FW/pico-sdk/src/common/pico_util/pheap.c.obj
 .text.ph_remove_head
                0x00000000100018b4       0x14 CMakeFiles/test_RTC_GPS.dir/Users/matteo/Documents/GitHub/RP_2040/FW/pico-sdk/src/common/pico_util/pheap.c.obj
                0x00000000100018b4                ph_remove_head
 .text.ph_remove_and_free_node
                0x00000000100018c8       0xf8 CMakeFiles/test_RTC_GPS.dir/Users/matteo/Documents/GitHub/RP_2040/FW/pico-sdk/src/common/pico_util/pheap.c.obj
                0x00000000100018c8                ph_remove_and_free_node
 .text._exit    0x00000000100019c0        0x4 CMakeFiles/test_RTC_GPS.dir/Users/matteo/Documents/GitHub/RP_2040/FW/pico-sdk/src/rp2_common/pico_runtime/runtime.c.obj
                0x00000000100019c0                _exit
 .text.exit     0x00000000100019c4        0x6 CMakeFiles/test_RTC_GPS.dir/Users/matteo/Documents/GitHub/RP_2040/FW/pico-sdk/src/rp2_common/pico_runtime/runtime.c.obj
                0x00000000100019c4                exit
 *fill*         0x00000000100019ca        0x2 
 .text.__assert_func
                0x00000000100019cc       0x3c CMakeFiles/test_RTC_GPS.dir/Users/matteo/Documents/GitHub/RP_2040/FW/pico-sdk/src/rp2_common/pico_runtime/runtime.c.obj
                0x00000000100019cc                __assert_func
 .text.runtime_init
                0x0000000010001a08       0xf8 CMakeFiles/test_RTC_GPS.dir/Users/matteo/Documents/GitHub/RP_2040/FW/pico-sdk/src/rp2_common/pico_runtime/runtime.c.obj
                0x0000000010001a08                runtime_init
 .text.panic    0x0000000010001b00       0x30 CMakeFiles/test_RTC_GPS.dir/Users/matteo/Documents/GitHub/RP_2040/FW/pico-sdk/src/rp2_common/pico_runtime/runtime.c.obj
                0x0000000010001b00                panic
 .text.clock_configure
                0x0000000010001b30      0x104 CMakeFiles/test_RTC_GPS.dir/Users/matteo/Documents/GitHub/RP_2040/FW/pico-sdk/src/rp2_common/hardware_clocks/clocks.c.obj
                0x0000000010001b30                clock_configure
 .text.clocks_init
                0x0000000010001c34      0x100 CMakeFiles/test_RTC_GPS.dir/Users/matteo/Documents/GitHub/RP_2040/FW/pico-sdk/src/rp2_common/hardware_clocks/clocks.c.obj
                0x0000000010001c34                clocks_init
 .text.clock_get_hz
                0x0000000010001d34        0xc CMakeFiles/test_RTC_GPS.dir/Users/matteo/Documents/GitHub/RP_2040/FW/pico-sdk/src/rp2_common/hardware_clocks/clocks.c.obj
                0x0000000010001d34                clock_get_hz
 .text.set_raw_irq_handler_and_unlock
                0x0000000010001d40       0x28 CMakeFiles/test_RTC_GPS.dir/Users/matteo/Documents/GitHub/RP_2040/FW/pico-sdk/src/rp2_common/hardware_irq/irq.c.obj
 .text.make_branch
                0x0000000010001d68       0x34 CMakeFiles/test_RTC_GPS.dir/Users/matteo/Documents/GitHub/RP_2040/FW/pico-sdk/src/rp2_common/hardware_irq/irq.c.obj
 .text.insert_branch_and_link
                0x0000000010001d9c       0x40 CMakeFiles/test_RTC_GPS.dir/Users/matteo/Documents/GitHub/RP_2040/FW/pico-sdk/src/rp2_common/hardware_irq/irq.c.obj
 .text.irq_is_enabled
                0x0000000010001ddc       0x18 CMakeFiles/test_RTC_GPS.dir/Users/matteo/Documents/GitHub/RP_2040/FW/pico-sdk/src/rp2_common/hardware_irq/irq.c.obj
                0x0000000010001ddc                irq_is_enabled
 .text.irq_set_mask_enabled
                0x0000000010001df4       0x20 CMakeFiles/test_RTC_GPS.dir/Users/matteo/Documents/GitHub/RP_2040/FW/pico-sdk/src/rp2_common/hardware_irq/irq.c.obj
                0x0000000010001df4                irq_set_mask_enabled
 .text.irq_set_enabled
                0x0000000010001e14        0xe CMakeFiles/test_RTC_GPS.dir/Users/matteo/Documents/GitHub/RP_2040/FW/pico-sdk/src/rp2_common/hardware_irq/irq.c.obj
                0x0000000010001e14                irq_set_enabled
 *fill*         0x0000000010001e22        0x2 
 .text.irq_set_pending
                0x0000000010001e24       0x10 CMakeFiles/test_RTC_GPS.dir/Users/matteo/Documents/GitHub/RP_2040/FW/pico-sdk/src/rp2_common/hardware_irq/irq.c.obj
                0x0000000010001e24                irq_set_pending
 .text.irq_get_vtable_handler
                0x0000000010001e34       0x10 CMakeFiles/test_RTC_GPS.dir/Users/matteo/Documents/GitHub/RP_2040/FW/pico-sdk/src/rp2_common/hardware_irq/irq.c.obj
                0x0000000010001e34                irq_get_vtable_handler
 .text.irq_set_exclusive_handler
                0x0000000010001e44       0x54 CMakeFiles/test_RTC_GPS.dir/Users/matteo/Documents/GitHub/RP_2040/FW/pico-sdk/src/rp2_common/hardware_irq/irq.c.obj
                0x0000000010001e44                irq_set_exclusive_handler
 .text.irq_remove_handler
                0x0000000010001e98      0x1ac CMakeFiles/test_RTC_GPS.dir/Users/matteo/Documents/GitHub/RP_2040/FW/pico-sdk/src/rp2_common/hardware_irq/irq.c.obj
                0x0000000010001e98                irq_remove_handler
 .text.irq_add_tail_to_free_list
                0x0000000010002044       0xf0 CMakeFiles/test_RTC_GPS.dir/Users/matteo/Documents/GitHub/RP_2040/FW/pico-sdk/src/rp2_common/hardware_irq/irq.c.obj
                0x0000000010002044                irq_add_tail_to_free_list
 .text.irq_init_priorities
                0x0000000010002134       0x1c CMakeFiles/test_RTC_GPS.dir/Users/matteo/Documents/GitHub/RP_2040/FW/pico-sdk/src/rp2_common/hardware_irq/irq.c.obj
                0x0000000010002134                irq_init_priorities
 .text.pll_init
                0x0000000010002150      0x118 CMakeFiles/test_RTC_GPS.dir/Users/matteo/Documents/GitHub/RP_2040/FW/pico-sdk/src/rp2_common/hardware_pll/pll.c.obj
                0x0000000010002150                pll_init
 .text.watchdog_start_tick
                0x0000000010002268       0x10 CMakeFiles/test_RTC_GPS.dir/Users/matteo/Documents/GitHub/RP_2040/FW/pico-sdk/src/rp2_common/hardware_watchdog/watchdog.c.obj
                0x0000000010002268                watchdog_start_tick
 .text.watchdog_update
                0x0000000010002278       0x14 CMakeFiles/test_RTC_GPS.dir/Users/matteo/Documents/GitHub/RP_2040/FW/pico-sdk/src/rp2_common/hardware_watchdog/watchdog.c.obj
                0x0000000010002278                watchdog_update
 .text._watchdog_enable
                0x000000001000228c       0x78 CMakeFiles/test_RTC_GPS.dir/Users/matteo/Documents/GitHub/RP_2040/FW/pico-sdk/src/rp2_common/hardware_watchdog/watchdog.c.obj
                0x000000001000228c                _watchdog_enable
 .text.watchdog_reboot
                0x0000000010002304       0x48 CMakeFiles/test_RTC_GPS.dir/Users/matteo/Documents/GitHub/RP_2040/FW/pico-sdk/src/rp2_common/hardware_watchdog/watchdog.c.obj
                0x0000000010002304                watchdog_reboot
 .text.xosc_init
                0x000000001000234c       0x28 CMakeFiles/test_RTC_GPS.dir/Users/matteo/Documents/GitHub/RP_2040/FW/pico-sdk/src/rp2_common/hardware_xosc/xosc.c.obj
                0x000000001000234c                xosc_init
 .text._out_null
                0x0000000010002374        0x2 CMakeFiles/test_RTC_GPS.dir/Users/matteo/Documents/GitHub/RP_2040/FW/pico-sdk/src/rp2_common/pico_printf/printf.c.obj
 .text._out_fct
                0x0000000010002376        0xe CMakeFiles/test_RTC_GPS.dir/Users/matteo/Documents/GitHub/RP_2040/FW/pico-sdk/src/rp2_common/pico_printf/printf.c.obj
 .text._atoi    0x0000000010002384       0x24 CMakeFiles/test_RTC_GPS.dir/Users/matteo/Documents/GitHub/RP_2040/FW/pico-sdk/src/rp2_common/pico_printf/printf.c.obj
 .text._out_rev
                0x00000000100023a8       0xae CMakeFiles/test_RTC_GPS.dir/Users/matteo/Documents/GitHub/RP_2040/FW/pico-sdk/src/rp2_common/pico_printf/printf.c.obj
 .text._ntoa_format
                0x0000000010002456      0x112 CMakeFiles/test_RTC_GPS.dir/Users/matteo/Documents/GitHub/RP_2040/FW/pico-sdk/src/rp2_common/pico_printf/printf.c.obj
 .text._ntoa_long
                0x0000000010002568       0xbc CMakeFiles/test_RTC_GPS.dir/Users/matteo/Documents/GitHub/RP_2040/FW/pico-sdk/src/rp2_common/pico_printf/printf.c.obj
 .text._ntoa_long_long
                0x0000000010002624       0xe2 CMakeFiles/test_RTC_GPS.dir/Users/matteo/Documents/GitHub/RP_2040/FW/pico-sdk/src/rp2_common/pico_printf/printf.c.obj
 *fill*         0x0000000010002706        0x2 
 .text._etoa    0x0000000010002708      0x414 CMakeFiles/test_RTC_GPS.dir/Users/matteo/Documents/GitHub/RP_2040/FW/pico-sdk/src/rp2_common/pico_printf/printf.c.obj
 .text._ftoa    0x0000000010002b1c      0x354 CMakeFiles/test_RTC_GPS.dir/Users/matteo/Documents/GitHub/RP_2040/FW/pico-sdk/src/rp2_common/pico_printf/printf.c.obj
 .text._vsnprintf
                0x0000000010002e70      0x624 CMakeFiles/test_RTC_GPS.dir/Users/matteo/Documents/GitHub/RP_2040/FW/pico-sdk/src/rp2_common/pico_printf/printf.c.obj
 .text.vfctprintf
                0x0000000010003494       0x20 CMakeFiles/test_RTC_GPS.dir/Users/matteo/Documents/GitHub/RP_2040/FW/pico-sdk/src/rp2_common/pico_printf/printf.c.obj
                0x0000000010003494                vfctprintf
 .text          0x00000000100034b4       0x10 CMakeFiles/test_RTC_GPS.dir/Users/matteo/Documents/GitHub/RP_2040/FW/pico-sdk/src/rp2_common/pico_bit_ops/bit_ops_aeabi.S.obj
 .text.rom_func_lookup
                0x00000000100034c4       0x10 CMakeFiles/test_RTC_GPS.dir/Users/matteo/Documents/GitHub/RP_2040/FW/pico-sdk/src/rp2_common/pico_bootrom/bootrom.c.obj
                0x00000000100034c4                rom_func_lookup
 .text.rom_data_lookup
                0x00000000100034d4       0x10 CMakeFiles/test_RTC_GPS.dir/Users/matteo/Documents/GitHub/RP_2040/FW/pico-sdk/src/rp2_common/pico_bootrom/bootrom.c.obj
                0x00000000100034d4                rom_data_lookup
 .text.rom_funcs_lookup
                0x00000000100034e4       0x36 CMakeFiles/test_RTC_GPS.dir/Users/matteo/Documents/GitHub/RP_2040/FW/pico-sdk/src/rp2_common/pico_bootrom/bootrom.c.obj
                0x00000000100034e4                rom_funcs_lookup
 *fill*         0x000000001000351a        0x2 
 .text.__wrap___aeabi_idiv
                0x000000001000351c       0x50 CMakeFiles/test_RTC_GPS.dir/Users/matteo/Documents/GitHub/RP_2040/FW/pico-sdk/src/rp2_common/pico_divider/divider.S.obj
                0x000000001000351c                __wrap___aeabi_idivmod
                0x000000001000351c                divmod_s32s32
                0x000000001000351c                div_s32s32
                0x000000001000351c                __wrap___aeabi_idiv
                0x0000000010003524                divmod_s32s32_unsafe
                0x0000000010003550                divmod_s32s32_savestate
 .text.__wrap___aeabi_uidiv
                0x000000001000356c       0x4c CMakeFiles/test_RTC_GPS.dir/Users/matteo/Documents/GitHub/RP_2040/FW/pico-sdk/src/rp2_common/pico_divider/divider.S.obj
                0x000000001000356c                __wrap___aeabi_uidiv
                0x000000001000356c                __wrap___aeabi_uidivmod
                0x000000001000356c                div_u32u32
                0x000000001000356c                divmod_u32u32
                0x0000000010003574                divmod_u32u32_unsafe
                0x000000001000359c                divmod_u32u32_savestate
 .text.__wrap___aeabi_ldiv
                0x00000000100035b8      0x434 CMakeFiles/test_RTC_GPS.dir/Users/matteo/Documents/GitHub/RP_2040/FW/pico-sdk/src/rp2_common/pico_divider/divider.S.obj
                0x00000000100035b8                __wrap___aeabi_ldivmod
                0x00000000100035b8                div_s64s64
                0x00000000100035b8                divmod_s64s64
                0x00000000100035f0                divmod_u64u64
                0x00000000100035f0                div_u64u64
                0x00000000100035f0                __wrap___aeabi_uldivmod
                0x0000000010003600                divmod_u64u64_savestate
                0x0000000010003628                divmod_s64s64_unsafe
                0x00000000100036b0                divmod_u64u64_unsafe
 .text.__wrap___aeabi_darithmetic
                0x00000000100039ec       0x80 CMakeFiles/test_RTC_GPS.dir/Users/matteo/Documents/GitHub/RP_2040/FW/pico-sdk/src/rp2_common/pico_double/double_aeabi.S.obj
                0x00000000100039ec                __wrap___aeabi_drsub
                0x00000000100039f2                __wrap___aeabi_dsub
                0x0000000010003a04                __wrap___aeabi_dadd
                0x0000000010003a16                __wrap___aeabi_ddiv
                0x0000000010003a52                __wrap___aeabi_dmul
 .text.__wrap___aeabi_cdcmple
                0x0000000010003a6c       0x6c CMakeFiles/test_RTC_GPS.dir/Users/matteo/Documents/GitHub/RP_2040/FW/pico-sdk/src/rp2_common/pico_double/double_aeabi.S.obj
                0x0000000010003a6c                __wrap___aeabi_cdrcmple
                0x0000000010003a7c                __wrap___aeabi_cdcmple
                0x0000000010003a7c                __wrap___aeabi_cdcmpeq
 .text.__wrap___aeabi_dcmplt
                0x0000000010003ad8        0xc CMakeFiles/test_RTC_GPS.dir/Users/matteo/Documents/GitHub/RP_2040/FW/pico-sdk/src/rp2_common/pico_double/double_aeabi.S.obj
                0x0000000010003ad8                __wrap___aeabi_dcmplt
 .text.__wrap___aeabi_dcmple
                0x0000000010003ae4       0x10 CMakeFiles/test_RTC_GPS.dir/Users/matteo/Documents/GitHub/RP_2040/FW/pico-sdk/src/rp2_common/pico_double/double_aeabi.S.obj
                0x0000000010003ae4                __wrap___aeabi_dcmple
 .text.__wrap___aeabi_dcmpge
                0x0000000010003af4       0x10 CMakeFiles/test_RTC_GPS.dir/Users/matteo/Documents/GitHub/RP_2040/FW/pico-sdk/src/rp2_common/pico_double/double_aeabi.S.obj
                0x0000000010003af4                __wrap___aeabi_dcmpge
 .text.__wrap___aeabi_dcmpgt
                0x0000000010003b04        0xa CMakeFiles/test_RTC_GPS.dir/Users/matteo/Documents/GitHub/RP_2040/FW/pico-sdk/src/rp2_common/pico_double/double_aeabi.S.obj
                0x0000000010003b04                __wrap___aeabi_dcmpgt
 .text.__wrap___aeabi_dcmpun
                0x0000000010003b0e       0x1c CMakeFiles/test_RTC_GPS.dir/Users/matteo/Documents/GitHub/RP_2040/FW/pico-sdk/src/rp2_common/pico_double/double_aeabi.S.obj
                0x0000000010003b0e                __wrap___aeabi_dcmpun
 *fill*         0x0000000010003b2a        0x2 
 .text.__wrap___aeabi_i2d
                0x0000000010003b2c       0x38 CMakeFiles/test_RTC_GPS.dir/Users/matteo/Documents/GitHub/RP_2040/FW/pico-sdk/src/rp2_common/pico_double/double_aeabi.S.obj
                0x0000000010003b2c                __wrap___aeabi_ui2d
                0x0000000010003b34                __wrap___aeabi_i2d
 .text.__wrap___aeabi_d2iz
                0x0000000010003b64       0x48 CMakeFiles/test_RTC_GPS.dir/Users/matteo/Documents/GitHub/RP_2040/FW/pico-sdk/src/rp2_common/pico_double/double_aeabi.S.obj
                0x0000000010003b64                __wrap___aeabi_d2iz
                0x0000000010003b64                double2int_z
 .text.__wrap___aeabi_d2uiz
                0x0000000010003bac       0x18 CMakeFiles/test_RTC_GPS.dir/Users/matteo/Documents/GitHub/RP_2040/FW/pico-sdk/src/rp2_common/pico_double/double_aeabi.S.obj
                0x0000000010003bac                double2uint
                0x0000000010003bac                __wrap___aeabi_d2uiz
 .text.__aeabi_double_init
                0x0000000010003bc4       0xc8 CMakeFiles/test_RTC_GPS.dir/Users/matteo/Documents/GitHub/RP_2040/FW/pico-sdk/src/rp2_common/pico_double/double_init_rom.c.obj
                0x0000000010003bc4                __aeabi_double_init
 .text.double_table_shim_on_use_helper
                0x0000000010003c8c       0x34 CMakeFiles/test_RTC_GPS.dir/Users/matteo/Documents/GitHub/RP_2040/FW/pico-sdk/src/rp2_common/pico_double/double_v1_rom_shim.S.obj
                0x0000000010003c8c                double_table_shim_on_use_helper
 .text.__wrap___aeabi_dsub
                0x0000000010003cc0       0x10 CMakeFiles/test_RTC_GPS.dir/Users/matteo/Documents/GitHub/RP_2040/FW/pico-sdk/src/rp2_common/pico_double/double_v1_rom_shim.S.obj
                0x0000000010003cc0                drsub_shim
                0x0000000010003cc6                dsub_shim
 .text.dadd_shim
                0x0000000010003cd0      0x15c CMakeFiles/test_RTC_GPS.dir/Users/matteo/Documents/GitHub/RP_2040/FW/pico-sdk/src/rp2_common/pico_double/double_v1_rom_shim.S.obj
                0x0000000010003cd0                dadd_shim
 .text.dmul_shim
                0x0000000010003e2c      0x15c CMakeFiles/test_RTC_GPS.dir/Users/matteo/Documents/GitHub/RP_2040/FW/pico-sdk/src/rp2_common/pico_double/double_v1_rom_shim.S.obj
                0x0000000010003e2c                dmul_shim
 .text.ddiv_shim
                0x0000000010003f88      0x1b0 CMakeFiles/test_RTC_GPS.dir/Users/matteo/Documents/GitHub/RP_2040/FW/pico-sdk/src/rp2_common/pico_double/double_v1_rom_shim.S.obj
                0x0000000010003f88                ddiv_shim
 .text.double2uint_shim
                0x0000000010004138        0xe CMakeFiles/test_RTC_GPS.dir/Users/matteo/Documents/GitHub/RP_2040/FW/pico-sdk/src/rp2_common/pico_double/double_v1_rom_shim.S.obj
                0x0000000010004138                double2uint_shim
                0x000000001000413a                double2ufix_shim
 *fill*         0x0000000010004146        0x2 
 .text.double2uint64_shim
                0x0000000010004148       0x70 CMakeFiles/test_RTC_GPS.dir/Users/matteo/Documents/GitHub/RP_2040/FW/pico-sdk/src/rp2_common/pico_double/double_v1_rom_shim.S.obj
                0x0000000010004148                double2uint64_shim
                0x000000001000414a                double2ufix64_shim
                0x000000001000416a                d2fix_a
 .text.dunpacks
                0x00000000100041b8       0x3c CMakeFiles/test_RTC_GPS.dir/Users/matteo/Documents/GitHub/RP_2040/FW/pico-sdk/src/rp2_common/pico_double/double_v1_rom_shim.S.obj
                0x00000000100041b8                dunpacks
 .text.__aeabi_lmul
                0x00000000100041f4       0x32 CMakeFiles/test_RTC_GPS.dir/Users/matteo/Documents/GitHub/RP_2040/FW/pico-sdk/src/rp2_common/pico_int64_ops/pico_int64_ops_aeabi.S.obj
                0x00000000100041f4                __wrap___aeabi_lmul
 *fill*         0x0000000010004226        0x2 
 .text.__aeabi_float_init
                0x0000000010004228       0xfc CMakeFiles/test_RTC_GPS.dir/Users/matteo/Documents/GitHub/RP_2040/FW/pico-sdk/src/rp2_common/pico_float/float_init_rom.c.obj
                0x0000000010004228                __aeabi_float_init
 .text.float_table_shim_on_use_helper
                0x0000000010004324       0x34 CMakeFiles/test_RTC_GPS.dir/Users/matteo/Documents/GitHub/RP_2040/FW/pico-sdk/src/rp2_common/pico_float/float_v1_rom_shim.S.obj
                0x0000000010004324                float_table_shim_on_use_helper
 .text          0x0000000010004358       0x10 CMakeFiles/test_RTC_GPS.dir/Users/matteo/Documents/GitHub/RP_2040/FW/pico-sdk/src/rp2_common/pico_mem_ops/mem_ops_aeabi.S.obj
                0x0000000010004358                __aeabi_mem_init
 .text.memset   0x0000000010004368        0xc CMakeFiles/test_RTC_GPS.dir/Users/matteo/Documents/GitHub/RP_2040/FW/pico-sdk/src/rp2_common/pico_mem_ops/mem_ops_aeabi.S.obj
                0x0000000010004368                __wrap_memset
 .text.memcpy   0x0000000010004374        0xc CMakeFiles/test_RTC_GPS.dir/Users/matteo/Documents/GitHub/RP_2040/FW/pico-sdk/src/rp2_common/pico_mem_ops/mem_ops_aeabi.S.obj
                0x0000000010004374                __wrap___aeabi_memcpy
                0x0000000010004374                __wrap_memcpy
 .text.stdio_out_chars_no_crlf
                0x0000000010004380        0xe CMakeFiles/test_RTC_GPS.dir/Users/matteo/Documents/GitHub/RP_2040/FW/pico-sdk/src/rp2_common/pico_stdio/stdio.c.obj
 *fill*         0x000000001000438e        0x2 
 .text.stdio_out_chars_crlf
                0x0000000010004390       0x80 CMakeFiles/test_RTC_GPS.dir/Users/matteo/Documents/GitHub/RP_2040/FW/pico-sdk/src/rp2_common/pico_stdio/stdio.c.obj
 .text.stdio_stack_buffer_flush
                0x0000000010004410       0x44 CMakeFiles/test_RTC_GPS.dir/Users/matteo/Documents/GitHub/RP_2040/FW/pico-sdk/src/rp2_common/pico_stdio/stdio.c.obj
 .text.stdio_buffered_printer
                0x0000000010004454       0x20 CMakeFiles/test_RTC_GPS.dir/Users/matteo/Documents/GitHub/RP_2040/FW/pico-sdk/src/rp2_common/pico_stdio/stdio.c.obj
 .text.stdout_serialize_begin
                0x0000000010004474       0x30 CMakeFiles/test_RTC_GPS.dir/Users/matteo/Documents/GitHub/RP_2040/FW/pico-sdk/src/rp2_common/pico_stdio/stdio.c.obj
                0x0000000010004474                stdout_serialize_begin
 .text.stdout_serialize_end
                0x00000000100044a4       0x10 CMakeFiles/test_RTC_GPS.dir/Users/matteo/Documents/GitHub/RP_2040/FW/pico-sdk/src/rp2_common/pico_stdio/stdio.c.obj
                0x00000000100044a4                stdout_serialize_end
 .text.stdio_put_string
                0x00000000100044b4       0x98 CMakeFiles/test_RTC_GPS.dir/Users/matteo/Documents/GitHub/RP_2040/FW/pico-sdk/src/rp2_common/pico_stdio/stdio.c.obj
 .text.stdio_set_driver_enabled
                0x000000001000454c       0x38 CMakeFiles/test_RTC_GPS.dir/Users/matteo/Documents/GitHub/RP_2040/FW/pico-sdk/src/rp2_common/pico_stdio/stdio.c.obj
                0x000000001000454c                stdio_set_driver_enabled
 .text.stdio_flush
                0x0000000010004584       0x20 CMakeFiles/test_RTC_GPS.dir/Users/matteo/Documents/GitHub/RP_2040/FW/pico-sdk/src/rp2_common/pico_stdio/stdio.c.obj
                0x0000000010004584                stdio_flush
 .text.__wrap_puts
                0x00000000100045a4       0x1e CMakeFiles/test_RTC_GPS.dir/Users/matteo/Documents/GitHub/RP_2040/FW/pico-sdk/src/rp2_common/pico_stdio/stdio.c.obj
                0x00000000100045a4                __wrap_puts
 *fill*         0x00000000100045c2        0x2 
 .text.__wrap_vprintf
                0x00000000100045c4       0x44 CMakeFiles/test_RTC_GPS.dir/Users/matteo/Documents/GitHub/RP_2040/FW/pico-sdk/src/rp2_common/pico_stdio/stdio.c.obj
                0x00000000100045c4                __wrap_vprintf
 .text.__wrap_printf
                0x0000000010004608       0x18 CMakeFiles/test_RTC_GPS.dir/Users/matteo/Documents/GitHub/RP_2040/FW/pico-sdk/src/rp2_common/pico_stdio/stdio.c.obj
                0x0000000010004608                __wrap_printf
 .text.stdio_init_all
                0x0000000010004620        0x8 CMakeFiles/test_RTC_GPS.dir/Users/matteo/Documents/GitHub/RP_2040/FW/pico-sdk/src/rp2_common/pico_stdio/stdio.c.obj
                0x0000000010004620                stdio_init_all
 .text.resetd_init
                0x0000000010004628        0x2 CMakeFiles/test_RTC_GPS.dir/Users/matteo/Documents/GitHub/RP_2040/FW/pico-sdk/src/rp2_common/pico_stdio_usb/reset_interface.c.obj
 *fill*         0x000000001000462a        0x2 
 .text.resetd_reset
                0x000000001000462c        0xc CMakeFiles/test_RTC_GPS.dir/Users/matteo/Documents/GitHub/RP_2040/FW/pico-sdk/src/rp2_common/pico_stdio_usb/reset_interface.c.obj
 .text.resetd_open
                0x0000000010004638       0x34 CMakeFiles/test_RTC_GPS.dir/Users/matteo/Documents/GitHub/RP_2040/FW/pico-sdk/src/rp2_common/pico_stdio_usb/reset_interface.c.obj
 .text.resetd_xfer_cb
                0x000000001000466c        0x4 CMakeFiles/test_RTC_GPS.dir/Users/matteo/Documents/GitHub/RP_2040/FW/pico-sdk/src/rp2_common/pico_stdio_usb/reset_interface.c.obj
 .text.reset_usb_boot
                0x0000000010004670       0x18 CMakeFiles/test_RTC_GPS.dir/Users/matteo/Documents/GitHub/RP_2040/FW/pico-sdk/src/rp2_common/pico_stdio_usb/reset_interface.c.obj
 .text.resetd_control_xfer_cb
                0x0000000010004688       0x5c CMakeFiles/test_RTC_GPS.dir/Users/matteo/Documents/GitHub/RP_2040/FW/pico-sdk/src/rp2_common/pico_stdio_usb/reset_interface.c.obj
 .text.usbd_app_driver_get_cb
                0x00000000100046e4        0xc CMakeFiles/test_RTC_GPS.dir/Users/matteo/Documents/GitHub/RP_2040/FW/pico-sdk/src/rp2_common/pico_stdio_usb/reset_interface.c.obj
                0x00000000100046e4                usbd_app_driver_get_cb
 .text.tud_cdc_line_coding_cb
                0x00000000100046f0       0x28 CMakeFiles/test_RTC_GPS.dir/Users/matteo/Documents/GitHub/RP_2040/FW/pico-sdk/src/rp2_common/pico_stdio_usb/reset_interface.c.obj
                0x00000000100046f0                tud_cdc_line_coding_cb
 .text.stdio_usb_in_chars
                0x0000000010004718       0x70 CMakeFiles/test_RTC_GPS.dir/Users/matteo/Documents/GitHub/RP_2040/FW/pico-sdk/src/rp2_common/pico_stdio_usb/stdio_usb.c.obj
                0x0000000010004718                stdio_usb_in_chars
 .text.low_priority_worker_irq
                0x0000000010004788       0x20 CMakeFiles/test_RTC_GPS.dir/Users/matteo/Documents/GitHub/RP_2040/FW/pico-sdk/src/rp2_common/pico_stdio_usb/stdio_usb.c.obj
 .text.stdio_usb_out_chars
                0x00000000100047a8       0xd4 CMakeFiles/test_RTC_GPS.dir/Users/matteo/Documents/GitHub/RP_2040/FW/pico-sdk/src/rp2_common/pico_stdio_usb/stdio_usb.c.obj
 .text.timer_task
                0x000000001000487c       0x10 CMakeFiles/test_RTC_GPS.dir/Users/matteo/Documents/GitHub/RP_2040/FW/pico-sdk/src/rp2_common/pico_stdio_usb/stdio_usb.c.obj
 .text.stdio_usb_init
                0x000000001000488c       0xb8 CMakeFiles/test_RTC_GPS.dir/Users/matteo/Documents/GitHub/RP_2040/FW/pico-sdk/src/rp2_common/pico_stdio_usb/stdio_usb.c.obj
                0x000000001000488c                stdio_usb_init
 .text.tud_descriptor_device_cb
                0x0000000010004944        0x8 CMakeFiles/test_RTC_GPS.dir/Users/matteo/Documents/GitHub/RP_2040/FW/pico-sdk/src/rp2_common/pico_stdio_usb/stdio_usb_descriptors.c.obj
                0x0000000010004944                tud_descriptor_device_cb
 .text.tud_descriptor_configuration_cb
                0x000000001000494c        0x8 CMakeFiles/test_RTC_GPS.dir/Users/matteo/Documents/GitHub/RP_2040/FW/pico-sdk/src/rp2_common/pico_stdio_usb/stdio_usb_descriptors.c.obj
                0x000000001000494c                tud_descriptor_configuration_cb
 .text.tud_descriptor_string_cb
                0x0000000010004954       0x6c CMakeFiles/test_RTC_GPS.dir/Users/matteo/Documents/GitHub/RP_2040/FW/pico-sdk/src/rp2_common/pico_stdio_usb/stdio_usb_descriptors.c.obj
                0x0000000010004954                tud_descriptor_string_cb
 .text.hw_endpoint_get_by_addr
                0x00000000100049c0       0x18 CMakeFiles/test_RTC_GPS.dir/Users/matteo/Documents/GitHub/RP_2040/FW/pico-sdk/lib/tinyusb/src/portable/raspberrypi/rp2040/dcd_rp2040.c.obj
 .text.reset_ep0_pid
                0x00000000100049d8       0x28 CMakeFiles/test_RTC_GPS.dir/Users/matteo/Documents/GitHub/RP_2040/FW/pico-sdk/lib/tinyusb/src/portable/raspberrypi/rp2040/dcd_rp2040.c.obj
 .text._hw_endpoint_alloc
                0x0000000010004a00       0x70 CMakeFiles/test_RTC_GPS.dir/Users/matteo/Documents/GitHub/RP_2040/FW/pico-sdk/lib/tinyusb/src/portable/raspberrypi/rp2040/dcd_rp2040.c.obj
 .text.hw_endpoint_init
                0x0000000010004a70       0x88 CMakeFiles/test_RTC_GPS.dir/Users/matteo/Documents/GitHub/RP_2040/FW/pico-sdk/lib/tinyusb/src/portable/raspberrypi/rp2040/dcd_rp2040.c.obj
 .text.reset_non_control_endpoints
                0x0000000010004af8       0x40 CMakeFiles/test_RTC_GPS.dir/Users/matteo/Documents/GitHub/RP_2040/FW/pico-sdk/lib/tinyusb/src/portable/raspberrypi/rp2040/dcd_rp2040.c.obj
 .text.hw_handle_buff_status
                0x0000000010004b38       0x8c CMakeFiles/test_RTC_GPS.dir/Users/matteo/Documents/GitHub/RP_2040/FW/pico-sdk/lib/tinyusb/src/portable/raspberrypi/rp2040/dcd_rp2040.c.obj
 .text.dcd_rp2040_irq
                0x0000000010004bc4       0xc0 CMakeFiles/test_RTC_GPS.dir/Users/matteo/Documents/GitHub/RP_2040/FW/pico-sdk/lib/tinyusb/src/portable/raspberrypi/rp2040/dcd_rp2040.c.obj
 .text.hw_endpoint_xfer
                0x0000000010004c84       0x14 CMakeFiles/test_RTC_GPS.dir/Users/matteo/Documents/GitHub/RP_2040/FW/pico-sdk/lib/tinyusb/src/portable/raspberrypi/rp2040/dcd_rp2040.c.obj
 .text.dcd_int_enable
                0x0000000010004c98       0x2c CMakeFiles/test_RTC_GPS.dir/Users/matteo/Documents/GitHub/RP_2040/FW/pico-sdk/lib/tinyusb/src/portable/raspberrypi/rp2040/dcd_rp2040.c.obj
                0x0000000010004c98                dcd_int_enable
 .text.dcd_set_address
                0x0000000010004cc4       0x2c CMakeFiles/test_RTC_GPS.dir/Users/matteo/Documents/GitHub/RP_2040/FW/pico-sdk/lib/tinyusb/src/portable/raspberrypi/rp2040/dcd_rp2040.c.obj
                0x0000000010004cc4                dcd_set_address
 .text.dcd_connect
                0x0000000010004cf0       0x10 CMakeFiles/test_RTC_GPS.dir/Users/matteo/Documents/GitHub/RP_2040/FW/pico-sdk/lib/tinyusb/src/portable/raspberrypi/rp2040/dcd_rp2040.c.obj
                0x0000000010004cf0                dcd_connect
 .text.dcd_init
                0x0000000010004d00       0x7c CMakeFiles/test_RTC_GPS.dir/Users/matteo/Documents/GitHub/RP_2040/FW/pico-sdk/lib/tinyusb/src/portable/raspberrypi/rp2040/dcd_rp2040.c.obj
                0x0000000010004d00                dcd_init
 .text.dcd_edpt0_status_complete
                0x0000000010004d7c       0x1c CMakeFiles/test_RTC_GPS.dir/Users/matteo/Documents/GitHub/RP_2040/FW/pico-sdk/lib/tinyusb/src/portable/raspberrypi/rp2040/dcd_rp2040.c.obj
                0x0000000010004d7c                dcd_edpt0_status_complete
 .text.dcd_edpt_open
                0x0000000010004d98       0x40 CMakeFiles/test_RTC_GPS.dir/Users/matteo/Documents/GitHub/RP_2040/FW/pico-sdk/lib/tinyusb/src/portable/raspberrypi/rp2040/dcd_rp2040.c.obj
                0x0000000010004d98                dcd_edpt_open
 .text.dcd_edpt_close_all
                0x0000000010004dd8        0x8 CMakeFiles/test_RTC_GPS.dir/Users/matteo/Documents/GitHub/RP_2040/FW/pico-sdk/lib/tinyusb/src/portable/raspberrypi/rp2040/dcd_rp2040.c.obj
                0x0000000010004dd8                dcd_edpt_close_all
 .text.dcd_edpt_xfer
                0x0000000010004de0       0x30 CMakeFiles/test_RTC_GPS.dir/Users/matteo/Documents/GitHub/RP_2040/FW/pico-sdk/lib/tinyusb/src/portable/raspberrypi/rp2040/dcd_rp2040.c.obj
                0x0000000010004de0                dcd_edpt_xfer
 .text.dcd_edpt_stall
                0x0000000010004e10       0x2c CMakeFiles/test_RTC_GPS.dir/Users/matteo/Documents/GitHub/RP_2040/FW/pico-sdk/lib/tinyusb/src/portable/raspberrypi/rp2040/dcd_rp2040.c.obj
                0x0000000010004e10                dcd_edpt_stall
 .text.dcd_edpt_clear_stall
                0x0000000010004e3c       0x20 CMakeFiles/test_RTC_GPS.dir/Users/matteo/Documents/GitHub/RP_2040/FW/pico-sdk/lib/tinyusb/src/portable/raspberrypi/rp2040/dcd_rp2040.c.obj
                0x0000000010004e3c                dcd_edpt_clear_stall
 .text.prepare_ep_buffer
                0x0000000010004e5c       0x70 CMakeFiles/test_RTC_GPS.dir/Users/matteo/Documents/GitHub/RP_2040/FW/pico-sdk/lib/tinyusb/src/portable/raspberrypi/rp2040/rp2040_usb.c.obj
 .text.sync_ep_buffer
                0x0000000010004ecc       0x7c CMakeFiles/test_RTC_GPS.dir/Users/matteo/Documents/GitHub/RP_2040/FW/pico-sdk/lib/tinyusb/src/portable/raspberrypi/rp2040/rp2040_usb.c.obj
 .text._hw_endpoint_xfer_sync
                0x0000000010004f48       0x28 CMakeFiles/test_RTC_GPS.dir/Users/matteo/Documents/GitHub/RP_2040/FW/pico-sdk/lib/tinyusb/src/portable/raspberrypi/rp2040/rp2040_usb.c.obj
 .text.rp2040_usb_init
                0x0000000010004f70       0x4c CMakeFiles/test_RTC_GPS.dir/Users/matteo/Documents/GitHub/RP_2040/FW/pico-sdk/lib/tinyusb/src/portable/raspberrypi/rp2040/rp2040_usb.c.obj
                0x0000000010004f70                rp2040_usb_init
 .text.hw_endpoint_reset_transfer
                0x0000000010004fbc        0xc CMakeFiles/test_RTC_GPS.dir/Users/matteo/Documents/GitHub/RP_2040/FW/pico-sdk/lib/tinyusb/src/portable/raspberrypi/rp2040/rp2040_usb.c.obj
                0x0000000010004fbc                hw_endpoint_reset_transfer
 .text._hw_endpoint_buffer_control_update32
                0x0000000010004fc8       0x58 CMakeFiles/test_RTC_GPS.dir/Users/matteo/Documents/GitHub/RP_2040/FW/pico-sdk/lib/tinyusb/src/portable/raspberrypi/rp2040/rp2040_usb.c.obj
                0x0000000010004fc8                _hw_endpoint_buffer_control_update32
 .text._hw_endpoint_start_next_buffer
                0x0000000010005020       0x74 CMakeFiles/test_RTC_GPS.dir/Users/matteo/Documents/GitHub/RP_2040/FW/pico-sdk/lib/tinyusb/src/portable/raspberrypi/rp2040/rp2040_usb.c.obj
 .text.hw_endpoint_xfer_start
                0x0000000010005094       0x48 CMakeFiles/test_RTC_GPS.dir/Users/matteo/Documents/GitHub/RP_2040/FW/pico-sdk/lib/tinyusb/src/portable/raspberrypi/rp2040/rp2040_usb.c.obj
                0x0000000010005094                hw_endpoint_xfer_start
 .text.hw_endpoint_xfer_continue
                0x00000000100050dc       0x38 CMakeFiles/test_RTC_GPS.dir/Users/matteo/Documents/GitHub/RP_2040/FW/pico-sdk/lib/tinyusb/src/portable/raspberrypi/rp2040/rp2040_usb.c.obj
                0x00000000100050dc                hw_endpoint_xfer_continue
 .text.configuration_reset
                0x0000000010005114       0x84 CMakeFiles/test_RTC_GPS.dir/Users/matteo/Documents/GitHub/RP_2040/FW/pico-sdk/lib/tinyusb/src/device/usbd.c.obj
 .text.usbd_reset
                0x0000000010005198        0xc CMakeFiles/test_RTC_GPS.dir/Users/matteo/Documents/GitHub/RP_2040/FW/pico-sdk/lib/tinyusb/src/device/usbd.c.obj
 .text.invoke_class_control
                0x00000000100051a4       0x1a CMakeFiles/test_RTC_GPS.dir/Users/matteo/Documents/GitHub/RP_2040/FW/pico-sdk/lib/tinyusb/src/device/usbd.c.obj
 *fill*         0x00000000100051be        0x2 
 .text.process_set_config
                0x00000000100051c0      0x1b0 CMakeFiles/test_RTC_GPS.dir/Users/matteo/Documents/GitHub/RP_2040/FW/pico-sdk/lib/tinyusb/src/device/usbd.c.obj
 .text.process_get_descriptor
                0x0000000010005370       0xec CMakeFiles/test_RTC_GPS.dir/Users/matteo/Documents/GitHub/RP_2040/FW/pico-sdk/lib/tinyusb/src/device/usbd.c.obj
 .text.tud_mounted
                0x000000001000545c       0x10 CMakeFiles/test_RTC_GPS.dir/Users/matteo/Documents/GitHub/RP_2040/FW/pico-sdk/lib/tinyusb/src/device/usbd.c.obj
                0x000000001000545c                tud_mounted
 .text.tud_suspended
                0x000000001000546c       0x10 CMakeFiles/test_RTC_GPS.dir/Users/matteo/Documents/GitHub/RP_2040/FW/pico-sdk/lib/tinyusb/src/device/usbd.c.obj
                0x000000001000546c                tud_suspended
 .text.tud_inited
                0x000000001000547c        0xc CMakeFiles/test_RTC_GPS.dir/Users/matteo/Documents/GitHub/RP_2040/FW/pico-sdk/lib/tinyusb/src/device/usbd.c.obj
                0x000000001000547c                tud_inited
 .text.tud_init
                0x0000000010005488       0xcc CMakeFiles/test_RTC_GPS.dir/Users/matteo/Documents/GitHub/RP_2040/FW/pico-sdk/lib/tinyusb/src/device/usbd.c.obj
                0x0000000010005488                tud_init
 .text.dcd_event_handler
                0x0000000010005554      0x1e0 CMakeFiles/test_RTC_GPS.dir/Users/matteo/Documents/GitHub/RP_2040/FW/pico-sdk/lib/tinyusb/src/device/usbd.c.obj
                0x0000000010005554                dcd_event_handler
 .text.dcd_event_bus_signal
                0x0000000010005734       0x26 CMakeFiles/test_RTC_GPS.dir/Users/matteo/Documents/GitHub/RP_2040/FW/pico-sdk/lib/tinyusb/src/device/usbd.c.obj
                0x0000000010005734                dcd_event_bus_signal
 .text.dcd_event_bus_reset
                0x000000001000575a       0x2a CMakeFiles/test_RTC_GPS.dir/Users/matteo/Documents/GitHub/RP_2040/FW/pico-sdk/lib/tinyusb/src/device/usbd.c.obj
                0x000000001000575a                dcd_event_bus_reset
 .text.dcd_event_setup_received
                0x0000000010005784       0x34 CMakeFiles/test_RTC_GPS.dir/Users/matteo/Documents/GitHub/RP_2040/FW/pico-sdk/lib/tinyusb/src/device/usbd.c.obj
                0x0000000010005784                dcd_event_setup_received
 .text.dcd_event_xfer_complete
                0x00000000100057b8       0x44 CMakeFiles/test_RTC_GPS.dir/Users/matteo/Documents/GitHub/RP_2040/FW/pico-sdk/lib/tinyusb/src/device/usbd.c.obj
                0x00000000100057b8                dcd_event_xfer_complete
 .text.usbd_edpt_open
                0x00000000100057fc       0x58 CMakeFiles/test_RTC_GPS.dir/Users/matteo/Documents/GitHub/RP_2040/FW/pico-sdk/lib/tinyusb/src/device/usbd.c.obj
                0x00000000100057fc                usbd_edpt_open
 .text.usbd_open_edpt_pair
                0x0000000010005854       0x8c CMakeFiles/test_RTC_GPS.dir/Users/matteo/Documents/GitHub/RP_2040/FW/pico-sdk/lib/tinyusb/src/device/usbd.c.obj
                0x0000000010005854                usbd_open_edpt_pair
 .text.usbd_edpt_claim
                0x00000000100058e0       0x8c CMakeFiles/test_RTC_GPS.dir/Users/matteo/Documents/GitHub/RP_2040/FW/pico-sdk/lib/tinyusb/src/device/usbd.c.obj
                0x00000000100058e0                usbd_edpt_claim
 .text.usbd_edpt_release
                0x000000001000596c       0x68 CMakeFiles/test_RTC_GPS.dir/Users/matteo/Documents/GitHub/RP_2040/FW/pico-sdk/lib/tinyusb/src/device/usbd.c.obj
                0x000000001000596c                usbd_edpt_release
 .text.usbd_edpt_xfer
                0x00000000100059d4       0x80 CMakeFiles/test_RTC_GPS.dir/Users/matteo/Documents/GitHub/RP_2040/FW/pico-sdk/lib/tinyusb/src/device/usbd.c.obj
                0x00000000100059d4                usbd_edpt_xfer
 .text.usbd_edpt_stall
                0x0000000010005a54       0x40 CMakeFiles/test_RTC_GPS.dir/Users/matteo/Documents/GitHub/RP_2040/FW/pico-sdk/lib/tinyusb/src/device/usbd.c.obj
                0x0000000010005a54                usbd_edpt_stall
 .text.usbd_edpt_clear_stall
                0x0000000010005a94       0x40 CMakeFiles/test_RTC_GPS.dir/Users/matteo/Documents/GitHub/RP_2040/FW/pico-sdk/lib/tinyusb/src/device/usbd.c.obj
                0x0000000010005a94                usbd_edpt_clear_stall
 .text.usbd_edpt_stalled
                0x0000000010005ad4       0x1c CMakeFiles/test_RTC_GPS.dir/Users/matteo/Documents/GitHub/RP_2040/FW/pico-sdk/lib/tinyusb/src/device/usbd.c.obj
                0x0000000010005ad4                usbd_edpt_stalled
 .text.process_control_request
                0x0000000010005af0      0x3b8 CMakeFiles/test_RTC_GPS.dir/Users/matteo/Documents/GitHub/RP_2040/FW/pico-sdk/lib/tinyusb/src/device/usbd.c.obj
 .text.tud_task
                0x0000000010005ea8      0x218 CMakeFiles/test_RTC_GPS.dir/Users/matteo/Documents/GitHub/RP_2040/FW/pico-sdk/lib/tinyusb/src/device/usbd.c.obj
                0x0000000010005ea8                tud_task
 .text._data_stage_xact
                0x00000000100060c0       0x58 CMakeFiles/test_RTC_GPS.dir/Users/matteo/Documents/GitHub/RP_2040/FW/pico-sdk/lib/tinyusb/src/device/usbd_control.c.obj
 .text.tud_control_status
                0x0000000010006118       0x38 CMakeFiles/test_RTC_GPS.dir/Users/matteo/Documents/GitHub/RP_2040/FW/pico-sdk/lib/tinyusb/src/device/usbd_control.c.obj
                0x0000000010006118                tud_control_status
 .text.tud_control_xfer
                0x0000000010006150       0xa8 CMakeFiles/test_RTC_GPS.dir/Users/matteo/Documents/GitHub/RP_2040/FW/pico-sdk/lib/tinyusb/src/device/usbd_control.c.obj
                0x0000000010006150                tud_control_xfer
 .text.usbd_control_reset
                0x00000000100061f8       0x14 CMakeFiles/test_RTC_GPS.dir/Users/matteo/Documents/GitHub/RP_2040/FW/pico-sdk/lib/tinyusb/src/device/usbd_control.c.obj
                0x00000000100061f8                usbd_control_reset
 .text.usbd_control_set_complete_callback
                0x000000001000620c        0xc CMakeFiles/test_RTC_GPS.dir/Users/matteo/Documents/GitHub/RP_2040/FW/pico-sdk/lib/tinyusb/src/device/usbd_control.c.obj
                0x000000001000620c                usbd_control_set_complete_callback
 .text.usbd_control_set_request
                0x0000000010006218       0x1c CMakeFiles/test_RTC_GPS.dir/Users/matteo/Documents/GitHub/RP_2040/FW/pico-sdk/lib/tinyusb/src/device/usbd_control.c.obj
                0x0000000010006218                usbd_control_set_request
 .text.usbd_control_xfer_cb
                0x0000000010006234       0xfc CMakeFiles/test_RTC_GPS.dir/Users/matteo/Documents/GitHub/RP_2040/FW/pico-sdk/lib/tinyusb/src/device/usbd_control.c.obj
                0x0000000010006234                usbd_control_xfer_cb
 .text._prep_out_transaction
                0x0000000010006330       0x46 CMakeFiles/test_RTC_GPS.dir/Users/matteo/Documents/GitHub/RP_2040/FW/pico-sdk/lib/tinyusb/src/class/cdc/cdc_device.c.obj
 *fill*         0x0000000010006376        0x2 
 .text.tud_cdc_n_connected
                0x0000000010006378       0x44 CMakeFiles/test_RTC_GPS.dir/Users/matteo/Documents/GitHub/RP_2040/FW/pico-sdk/lib/tinyusb/src/class/cdc/cdc_device.c.obj
                0x0000000010006378                tud_cdc_n_connected
 .text.tud_cdc_n_available
                0x00000000100063bc       0x18 CMakeFiles/test_RTC_GPS.dir/Users/matteo/Documents/GitHub/RP_2040/FW/pico-sdk/lib/tinyusb/src/class/cdc/cdc_device.c.obj
                0x00000000100063bc                tud_cdc_n_available
 .text.tud_cdc_n_read
                0x00000000100063d4       0x28 CMakeFiles/test_RTC_GPS.dir/Users/matteo/Documents/GitHub/RP_2040/FW/pico-sdk/lib/tinyusb/src/class/cdc/cdc_device.c.obj
                0x00000000100063d4                tud_cdc_n_read
 .text.tud_cdc_n_write_flush
                0x00000000100063fc       0xcc CMakeFiles/test_RTC_GPS.dir/Users/matteo/Documents/GitHub/RP_2040/FW/pico-sdk/lib/tinyusb/src/class/cdc/cdc_device.c.obj
                0x00000000100063fc                tud_cdc_n_write_flush
 .text.tud_cdc_n_write
                0x00000000100064c8       0x38 CMakeFiles/test_RTC_GPS.dir/Users/matteo/Documents/GitHub/RP_2040/FW/pico-sdk/lib/tinyusb/src/class/cdc/cdc_device.c.obj
                0x00000000100064c8                tud_cdc_n_write
 .text.tud_cdc_n_write_available
                0x0000000010006500       0x1c CMakeFiles/test_RTC_GPS.dir/Users/matteo/Documents/GitHub/RP_2040/FW/pico-sdk/lib/tinyusb/src/class/cdc/cdc_device.c.obj
                0x0000000010006500                tud_cdc_n_write_available
 .text.cdcd_init
                0x000000001000651c       0xbc CMakeFiles/test_RTC_GPS.dir/Users/matteo/Documents/GitHub/RP_2040/FW/pico-sdk/lib/tinyusb/src/class/cdc/cdc_device.c.obj
                0x000000001000651c                cdcd_init
 .text.cdcd_reset
                0x00000000100065d8       0x44 CMakeFiles/test_RTC_GPS.dir/Users/matteo/Documents/GitHub/RP_2040/FW/pico-sdk/lib/tinyusb/src/class/cdc/cdc_device.c.obj
                0x00000000100065d8                cdcd_reset
 .text.cdcd_open
                0x000000001000661c       0xf8 CMakeFiles/test_RTC_GPS.dir/Users/matteo/Documents/GitHub/RP_2040/FW/pico-sdk/lib/tinyusb/src/class/cdc/cdc_device.c.obj
                0x000000001000661c                cdcd_open
 .text.cdcd_control_xfer_cb
                0x0000000010006714      0x134 CMakeFiles/test_RTC_GPS.dir/Users/matteo/Documents/GitHub/RP_2040/FW/pico-sdk/lib/tinyusb/src/class/cdc/cdc_device.c.obj
                0x0000000010006714                cdcd_control_xfer_cb
 .text.cdcd_xfer_cb
                0x0000000010006848      0x144 CMakeFiles/test_RTC_GPS.dir/Users/matteo/Documents/GitHub/RP_2040/FW/pico-sdk/lib/tinyusb/src/class/cdc/cdc_device.c.obj
                0x0000000010006848                cdcd_xfer_cb
 .text.tusb_init
                0x000000001000698c       0x24 CMakeFiles/test_RTC_GPS.dir/Users/matteo/Documents/GitHub/RP_2040/FW/pico-sdk/lib/tinyusb/src/tusb.c.obj
                0x000000001000698c                tusb_init
 .text.tusb_inited
                0x00000000100069b0        0xe CMakeFiles/test_RTC_GPS.dir/Users/matteo/Documents/GitHub/RP_2040/FW/pico-sdk/lib/tinyusb/src/tusb.c.obj
                0x00000000100069b0                tusb_inited
 *fill*         0x00000000100069be        0x2 
 .text.tu_edpt_validate
                0x00000000100069c0       0xa8 CMakeFiles/test_RTC_GPS.dir/Users/matteo/Documents/GitHub/RP_2040/FW/pico-sdk/lib/tinyusb/src/tusb.c.obj
                0x00000000100069c0                tu_edpt_validate
 .text.tu_edpt_bind_driver
                0x0000000010006a68       0x2a CMakeFiles/test_RTC_GPS.dir/Users/matteo/Documents/GitHub/RP_2040/FW/pico-sdk/lib/tinyusb/src/tusb.c.obj
                0x0000000010006a68                tu_edpt_bind_driver
 .text.advance_pointer
                0x0000000010006a92       0x18 CMakeFiles/test_RTC_GPS.dir/Users/matteo/Documents/GitHub/RP_2040/FW/pico-sdk/lib/tinyusb/src/common/tusb_fifo.c.obj
 .text.backward_pointer
                0x0000000010006aaa       0x1e CMakeFiles/test_RTC_GPS.dir/Users/matteo/Documents/GitHub/RP_2040/FW/pico-sdk/lib/tinyusb/src/common/tusb_fifo.c.obj
 .text.get_relative_pointer
                0x0000000010006ac8       0x10 CMakeFiles/test_RTC_GPS.dir/Users/matteo/Documents/GitHub/RP_2040/FW/pico-sdk/lib/tinyusb/src/common/tusb_fifo.c.obj
 .text._tu_fifo_peek
                0x0000000010006ad8       0x50 CMakeFiles/test_RTC_GPS.dir/Users/matteo/Documents/GitHub/RP_2040/FW/pico-sdk/lib/tinyusb/src/common/tusb_fifo.c.obj
 .text._ff_pull_const_addr
                0x0000000010006b28       0x4c CMakeFiles/test_RTC_GPS.dir/Users/matteo/Documents/GitHub/RP_2040/FW/pico-sdk/lib/tinyusb/src/common/tusb_fifo.c.obj
 .text._ff_pull_n
                0x0000000010006b74      0x10c CMakeFiles/test_RTC_GPS.dir/Users/matteo/Documents/GitHub/RP_2040/FW/pico-sdk/lib/tinyusb/src/common/tusb_fifo.c.obj
 .text._tu_fifo_peek_n
                0x0000000010006c80       0x5e CMakeFiles/test_RTC_GPS.dir/Users/matteo/Documents/GitHub/RP_2040/FW/pico-sdk/lib/tinyusb/src/common/tusb_fifo.c.obj
 .text._tu_fifo_read_n
                0x0000000010006cde       0x4e CMakeFiles/test_RTC_GPS.dir/Users/matteo/Documents/GitHub/RP_2040/FW/pico-sdk/lib/tinyusb/src/common/tusb_fifo.c.obj
 .text._ff_push_const_addr
                0x0000000010006d2c       0x40 CMakeFiles/test_RTC_GPS.dir/Users/matteo/Documents/GitHub/RP_2040/FW/pico-sdk/lib/tinyusb/src/common/tusb_fifo.c.obj
 .text._ff_push_n
                0x0000000010006d6c      0x108 CMakeFiles/test_RTC_GPS.dir/Users/matteo/Documents/GitHub/RP_2040/FW/pico-sdk/lib/tinyusb/src/common/tusb_fifo.c.obj
 .text._tu_fifo_write_n
                0x0000000010006e74       0x9e CMakeFiles/test_RTC_GPS.dir/Users/matteo/Documents/GitHub/RP_2040/FW/pico-sdk/lib/tinyusb/src/common/tusb_fifo.c.obj
 .text.tu_fifo_config
                0x0000000010006f12       0x72 CMakeFiles/test_RTC_GPS.dir/Users/matteo/Documents/GitHub/RP_2040/FW/pico-sdk/lib/tinyusb/src/common/tusb_fifo.c.obj
                0x0000000010006f12                tu_fifo_config
 .text.tu_fifo_count
                0x0000000010006f84       0x26 CMakeFiles/test_RTC_GPS.dir/Users/matteo/Documents/GitHub/RP_2040/FW/pico-sdk/lib/tinyusb/src/common/tusb_fifo.c.obj
                0x0000000010006f84                tu_fifo_count
 .text.tu_fifo_empty
                0x0000000010006faa       0x10 CMakeFiles/test_RTC_GPS.dir/Users/matteo/Documents/GitHub/RP_2040/FW/pico-sdk/lib/tinyusb/src/common/tusb_fifo.c.obj
                0x0000000010006faa                tu_fifo_empty
 .text.tu_fifo_remaining
                0x0000000010006fba       0x20 CMakeFiles/test_RTC_GPS.dir/Users/matteo/Documents/GitHub/RP_2040/FW/pico-sdk/lib/tinyusb/src/common/tusb_fifo.c.obj
                0x0000000010006fba                tu_fifo_remaining
 .text.tu_fifo_read
                0x0000000010006fda       0x42 CMakeFiles/test_RTC_GPS.dir/Users/matteo/Documents/GitHub/RP_2040/FW/pico-sdk/lib/tinyusb/src/common/tusb_fifo.c.obj
                0x0000000010006fda                tu_fifo_read
 .text.tu_fifo_read_n
                0x000000001000701c        0xa CMakeFiles/test_RTC_GPS.dir/Users/matteo/Documents/GitHub/RP_2040/FW/pico-sdk/lib/tinyusb/src/common/tusb_fifo.c.obj
                0x000000001000701c                tu_fifo_read_n
 .text.tu_fifo_write
                0x0000000010007026       0x6c CMakeFiles/test_RTC_GPS.dir/Users/matteo/Documents/GitHub/RP_2040/FW/pico-sdk/lib/tinyusb/src/common/tusb_fifo.c.obj
                0x0000000010007026                tu_fifo_write
 .text.tu_fifo_write_n
                0x0000000010007092        0xa CMakeFiles/test_RTC_GPS.dir/Users/matteo/Documents/GitHub/RP_2040/FW/pico-sdk/lib/tinyusb/src/common/tusb_fifo.c.obj
                0x0000000010007092                tu_fifo_write_n
 .text.tu_fifo_clear
                0x000000001000709c       0x4c CMakeFiles/test_RTC_GPS.dir/Users/matteo/Documents/GitHub/RP_2040/FW/pico-sdk/lib/tinyusb/src/common/tusb_fifo.c.obj
                0x000000001000709c                tu_fifo_clear
 .text.tu_fifo_set_overwritable
                0x00000000100070e8       0x3c CMakeFiles/test_RTC_GPS.dir/Users/matteo/Documents/GitHub/RP_2040/FW/pico-sdk/lib/tinyusb/src/common/tusb_fifo.c.obj
                0x00000000100070e8                tu_fifo_set_overwritable
 .text._retrieve_unique_id_on_boot
                0x0000000010007124       0x10 CMakeFiles/test_RTC_GPS.dir/Users/matteo/Documents/GitHub/RP_2040/FW/pico-sdk/src/rp2_common/pico_unique_id/unique_id.c.obj
 .text.pico_get_unique_board_id_string
                0x0000000010007134       0x60 CMakeFiles/test_RTC_GPS.dir/Users/matteo/Documents/GitHub/RP_2040/FW/pico-sdk/src/rp2_common/pico_unique_id/unique_id.c.obj
                0x0000000010007134                pico_get_unique_board_id_string
 .text.flash_get_unique_id
                0x0000000010007194       0x46 CMakeFiles/test_RTC_GPS.dir/Users/matteo/Documents/GitHub/RP_2040/FW/pico-sdk/src/rp2_common/hardware_flash/flash.c.obj
                0x0000000010007194                flash_get_unique_id
 .text.i2c_write_blocking_internal
                0x00000000100071da      0x140 CMakeFiles/test_RTC_GPS.dir/Users/matteo/Documents/GitHub/RP_2040/FW/pico-sdk/src/rp2_common/hardware_i2c/i2c.c.obj
 .text.i2c_read_blocking_internal
                0x000000001000731a       0xe6 CMakeFiles/test_RTC_GPS.dir/Users/matteo/Documents/GitHub/RP_2040/FW/pico-sdk/src/rp2_common/hardware_i2c/i2c.c.obj
 .text.i2c_set_baudrate
                0x0000000010007400       0xf0 CMakeFiles/test_RTC_GPS.dir/Users/matteo/Documents/GitHub/RP_2040/FW/pico-sdk/src/rp2_common/hardware_i2c/i2c.c.obj
                0x0000000010007400                i2c_set_baudrate
 .text.i2c_init
                0x00000000100074f0       0x58 CMakeFiles/test_RTC_GPS.dir/Users/matteo/Documents/GitHub/RP_2040/FW/pico-sdk/src/rp2_common/hardware_i2c/i2c.c.obj
                0x00000000100074f0                i2c_init
 .text.i2c_write_blocking
                0x0000000010007548       0x18 CMakeFiles/test_RTC_GPS.dir/Users/matteo/Documents/GitHub/RP_2040/FW/pico-sdk/src/rp2_common/hardware_i2c/i2c.c.obj
                0x0000000010007548                i2c_write_blocking
 .text.i2c_read_blocking
                0x0000000010007560       0x18 CMakeFiles/test_RTC_GPS.dir/Users/matteo/Documents/GitHub/RP_2040/FW/pico-sdk/src/rp2_common/hardware_i2c/i2c.c.obj
                0x0000000010007560                i2c_read_blocking
 .text.strlen   0x0000000010007578       0x5c /usr/local/Cellar/arm-none-eabi-gcc/10.3-2021.07/gcc/bin/../lib/gcc/arm-none-eabi/10.3.1/../../../../arm-none-eabi/lib/thumb/v6-m/nofp/libg.a(lib_a-strlen-stub.o)
                0x0000000010007578                strlen
 *(.fini)
 .fini          0x00000000100075d4        0x4 /usr/local/Cellar/arm-none-eabi-gcc/10.3-2021.07/gcc/bin/../lib/gcc/arm-none-eabi/10.3.1/thumb/v6-m/nofp/crti.o
                0x00000000100075d4                _fini
 .fini.__stub   0x00000000100075d8       0x70 linker stubs
 *crtbegin.o(.ctors)
 *crtbegin?.o(.ctors)
 *(EXCLUDE_FILE(*crtend.o *crtend?.o) .ctors)
 *(SORT_BY_NAME(.ctors.*))
 *(.ctors)
 *crtbegin.o(.dtors)
 *crtbegin?.o(.dtors)
 *(EXCLUDE_FILE(*crtend.o *crtend?.o) .dtors)
 *(SORT_BY_NAME(.dtors.*))
 *(.dtors)
 *(.eh_frame*)
 .eh_frame      0x0000000010007648        0x0 /usr/local/Cellar/arm-none-eabi-gcc/10.3-2021.07/gcc/bin/../lib/gcc/arm-none-eabi/10.3.1/thumb/v6-m/nofp/crtbegin.o
                0x0000000010007648                . = ALIGN (0x4)

.glue_7         0x0000000010007648        0x0
 .glue_7        0x0000000010007648        0x0 linker stubs

.glue_7t        0x0000000010007648        0x0
 .glue_7t       0x0000000010007648        0x0 linker stubs

.vfp11_veneer   0x0000000010007648        0x0
 .vfp11_veneer  0x0000000010007648        0x0 linker stubs

.v4_bx          0x0000000010007648        0x0
 .v4_bx         0x0000000010007648        0x0 linker stubs

.iplt           0x0000000010007648        0x0
 .iplt          0x0000000010007648        0x0 /usr/local/Cellar/arm-none-eabi-gcc/10.3-2021.07/gcc/bin/../lib/gcc/arm-none-eabi/10.3.1/thumb/v6-m/nofp/crtbegin.o

.rodata         0x0000000010007648     0x17c4
 *(EXCLUDE_FILE(*libm.a: *libc.a:*lib_a-mem*.o *libgcc.a:) .rodata*)
 .rodata.main.str1.4
                0x0000000010007648       0x1e CMakeFiles/test_RTC_GPS.dir/main.c.obj
 *fill*         0x0000000010007666        0x2 
 .rodata.spin_lock_claim_unused.str1.4
                0x0000000010007668       0x1b CMakeFiles/test_RTC_GPS.dir/Users/matteo/Documents/GitHub/RP_2040/FW/pico-sdk/src/rp2_common/hardware_sync/sync.c.obj
 *fill*         0x0000000010007683        0x1 
 .rodata.repeating_timer_callback.str1.4
                0x0000000010007684       0x63 CMakeFiles/test_RTC_GPS.dir/Users/matteo/Documents/GitHub/RP_2040/FW/pico-sdk/src/common/pico_time/time.c.obj
 *fill*         0x00000000100076e7        0x1 
 .rodata.alarm_pool_dump_key.str1.4
                0x00000000100076e8       0x33 CMakeFiles/test_RTC_GPS.dir/Users/matteo/Documents/GitHub/RP_2040/FW/pico-sdk/src/common/pico_time/time.c.obj
 *fill*         0x000000001000771b        0x1 
 .rodata.ph_add_child_node.str1.4
                0x000000001000771c       0xae CMakeFiles/test_RTC_GPS.dir/Users/matteo/Documents/GitHub/RP_2040/FW/pico-sdk/src/common/pico_time/time.c.obj
 *fill*         0x00000000100077ca        0x2 
 .rodata.add_alarm_under_lock.str1.4
                0x00000000100077cc       0x28 CMakeFiles/test_RTC_GPS.dir/Users/matteo/Documents/GitHub/RP_2040/FW/pico-sdk/src/common/pico_time/time.c.obj
                                         0x2b (size before relaxing)
 .rodata.alarm_pool_alarm_callback.str1.4
                0x00000000100077f4       0xfe CMakeFiles/test_RTC_GPS.dir/Users/matteo/Documents/GitHub/RP_2040/FW/pico-sdk/src/common/pico_time/time.c.obj
 *fill*         0x00000000100078f2        0x2 
 .rodata.alarm_pool_get_default.str1.4
                0x00000000100078f4       0x21 CMakeFiles/test_RTC_GPS.dir/Users/matteo/Documents/GitHub/RP_2040/FW/pico-sdk/src/common/pico_time/time.c.obj
 *fill*         0x0000000010007915        0x3 
 .rodata.alarm_pool_cancel_alarm.str1.4
                0x0000000010007918       0x27 CMakeFiles/test_RTC_GPS.dir/Users/matteo/Documents/GitHub/RP_2040/FW/pico-sdk/src/common/pico_time/time.c.obj
 *fill*         0x000000001000793f        0x1 
 .rodata.sleep_until.str1.4
                0x0000000010007940       0x4d CMakeFiles/test_RTC_GPS.dir/Users/matteo/Documents/GitHub/RP_2040/FW/pico-sdk/src/common/pico_time/time.c.obj
 *fill*         0x000000001000798d        0x3 
 .rodata.__func__.1
                0x0000000010007990       0x18 CMakeFiles/test_RTC_GPS.dir/Users/matteo/Documents/GitHub/RP_2040/FW/pico-sdk/src/common/pico_time/time.c.obj
 .rodata.__func__.10
                0x00000000100079a8       0x15 CMakeFiles/test_RTC_GPS.dir/Users/matteo/Documents/GitHub/RP_2040/FW/pico-sdk/src/common/pico_time/time.c.obj
 *fill*         0x00000000100079bd        0x3 
 .rodata.__func__.11
                0x00000000100079c0       0x1a CMakeFiles/test_RTC_GPS.dir/Users/matteo/Documents/GitHub/RP_2040/FW/pico-sdk/src/common/pico_time/time.c.obj
 *fill*         0x00000000100079da        0x2 
 .rodata.__func__.12
                0x00000000100079dc        0xa CMakeFiles/test_RTC_GPS.dir/Users/matteo/Documents/GitHub/RP_2040/FW/pico-sdk/src/common/pico_time/time.c.obj
 *fill*         0x00000000100079e6        0x2 
 .rodata.__func__.3
                0x00000000100079e8       0x17 CMakeFiles/test_RTC_GPS.dir/Users/matteo/Documents/GitHub/RP_2040/FW/pico-sdk/src/common/pico_time/time.c.obj
 *fill*         0x00000000100079ff        0x1 
 .rodata.__func__.4
                0x0000000010007a00       0x12 CMakeFiles/test_RTC_GPS.dir/Users/matteo/Documents/GitHub/RP_2040/FW/pico-sdk/src/common/pico_time/time.c.obj
 *fill*         0x0000000010007a12        0x2 
 .rodata.__func__.5
                0x0000000010007a14        0xd CMakeFiles/test_RTC_GPS.dir/Users/matteo/Documents/GitHub/RP_2040/FW/pico-sdk/src/common/pico_time/time.c.obj
 *fill*         0x0000000010007a21        0x3 
 .rodata.__func__.6
                0x0000000010007a24       0x12 CMakeFiles/test_RTC_GPS.dir/Users/matteo/Documents/GitHub/RP_2040/FW/pico-sdk/src/common/pico_time/time.c.obj
 *fill*         0x0000000010007a36        0x2 
 .rodata.__func__.7
                0x0000000010007a38        0xf CMakeFiles/test_RTC_GPS.dir/Users/matteo/Documents/GitHub/RP_2040/FW/pico-sdk/src/common/pico_time/time.c.obj
 *fill*         0x0000000010007a47        0x1 
 .rodata.__func__.8
                0x0000000010007a48        0xc CMakeFiles/test_RTC_GPS.dir/Users/matteo/Documents/GitHub/RP_2040/FW/pico-sdk/src/common/pico_time/time.c.obj
 .rodata.__func__.9
                0x0000000010007a54       0x15 CMakeFiles/test_RTC_GPS.dir/Users/matteo/Documents/GitHub/RP_2040/FW/pico-sdk/src/common/pico_time/time.c.obj
 *fill*         0x0000000010007a69        0x3 
 .rodata.hardware_alarm_claim.str1.4
                0x0000000010007a6c       0x22 CMakeFiles/test_RTC_GPS.dir/Users/matteo/Documents/GitHub/RP_2040/FW/pico-sdk/src/rp2_common/hardware_timer/timer.c.obj
 *fill*         0x0000000010007a8e        0x2 
 .rodata.hardware_alarm_set_target.str1.4
                0x0000000010007a90       0x7d CMakeFiles/test_RTC_GPS.dir/Users/matteo/Documents/GitHub/RP_2040/FW/pico-sdk/src/rp2_common/hardware_timer/timer.c.obj
 *fill*         0x0000000010007b0d        0x3 
 .rodata.__func__.0
                0x0000000010007b10       0x1a CMakeFiles/test_RTC_GPS.dir/Users/matteo/Documents/GitHub/RP_2040/FW/pico-sdk/src/rp2_common/hardware_timer/timer.c.obj
 *fill*         0x0000000010007b2a        0x2 
 .rodata.str1.4
                0x0000000010007b2c       0xa1 CMakeFiles/test_RTC_GPS.dir/Users/matteo/Documents/GitHub/RP_2040/FW/pico-sdk/src/common/pico_sync/mutex.c.obj
                                        0x11d (size before relaxing)
 *fill*         0x0000000010007bcd        0x3 
 .rodata.__func__.1
                0x0000000010007bd0        0xb CMakeFiles/test_RTC_GPS.dir/Users/matteo/Documents/GitHub/RP_2040/FW/pico-sdk/src/common/pico_sync/mutex.c.obj
 *fill*         0x0000000010007bdb        0x1 
 .rodata.__func__.3
                0x0000000010007bdc       0x18 CMakeFiles/test_RTC_GPS.dir/Users/matteo/Documents/GitHub/RP_2040/FW/pico-sdk/src/common/pico_sync/mutex.c.obj
 .rodata.__func__.4
                0x0000000010007bf4       0x15 CMakeFiles/test_RTC_GPS.dir/Users/matteo/Documents/GitHub/RP_2040/FW/pico-sdk/src/common/pico_sync/mutex.c.obj
 .rodata.ph_add_child_node.str1.4
                0x0000000010007c09       0xae CMakeFiles/test_RTC_GPS.dir/Users/matteo/Documents/GitHub/RP_2040/FW/pico-sdk/src/common/pico_util/pheap.c.obj
 *fill*         0x0000000010007c09        0x3 
 .rodata.ph_remove_any_head.str1.4
                0x0000000010007c0c       0xa4 CMakeFiles/test_RTC_GPS.dir/Users/matteo/Documents/GitHub/RP_2040/FW/pico-sdk/src/common/pico_util/pheap.c.obj
 .rodata.ph_remove_and_free_node.str1.4
                0x0000000010007cb0       0x26 CMakeFiles/test_RTC_GPS.dir/Users/matteo/Documents/GitHub/RP_2040/FW/pico-sdk/src/common/pico_util/pheap.c.obj
 *fill*         0x0000000010007cd6        0x2 
 .rodata.__func__.0
                0x0000000010007cd8       0x18 CMakeFiles/test_RTC_GPS.dir/Users/matteo/Documents/GitHub/RP_2040/FW/pico-sdk/src/common/pico_util/pheap.c.obj
 .rodata.__func__.1
                0x0000000010007cf0       0x13 CMakeFiles/test_RTC_GPS.dir/Users/matteo/Documents/GitHub/RP_2040/FW/pico-sdk/src/common/pico_util/pheap.c.obj
 *fill*         0x0000000010007d03        0x1 
 .rodata.__func__.2
                0x0000000010007d04       0x12 CMakeFiles/test_RTC_GPS.dir/Users/matteo/Documents/GitHub/RP_2040/FW/pico-sdk/src/common/pico_util/pheap.c.obj
 *fill*         0x0000000010007d16        0x2 
 .rodata.__func__.3
                0x0000000010007d18        0xc CMakeFiles/test_RTC_GPS.dir/Users/matteo/Documents/GitHub/RP_2040/FW/pico-sdk/src/common/pico_util/pheap.c.obj
 .rodata.__assert_func.str1.4
                0x0000000010007d24       0x3f CMakeFiles/test_RTC_GPS.dir/Users/matteo/Documents/GitHub/RP_2040/FW/pico-sdk/src/rp2_common/pico_runtime/runtime.c.obj
                                         0x43 (size before relaxing)
 *fill*         0x0000000010007d63        0x1 
 .rodata.runtime_init.str1.4
                0x0000000010007d64       0x79 CMakeFiles/test_RTC_GPS.dir/Users/matteo/Documents/GitHub/RP_2040/FW/pico-sdk/src/rp2_common/pico_runtime/runtime.c.obj
 *fill*         0x0000000010007ddd        0x3 
 .rodata.panic.str1.4
                0x0000000010007de0       0x10 CMakeFiles/test_RTC_GPS.dir/Users/matteo/Documents/GitHub/RP_2040/FW/pico-sdk/src/rp2_common/pico_runtime/runtime.c.obj
                                         0x12 (size before relaxing)
 .rodata.__func__.1
                0x0000000010007df0        0xd CMakeFiles/test_RTC_GPS.dir/Users/matteo/Documents/GitHub/RP_2040/FW/pico-sdk/src/rp2_common/pico_runtime/runtime.c.obj
 *fill*         0x0000000010007dfd        0x3 
 .rodata.clock_configure.str1.4
                0x0000000010007e00       0x6f CMakeFiles/test_RTC_GPS.dir/Users/matteo/Documents/GitHub/RP_2040/FW/pico-sdk/src/rp2_common/hardware_clocks/clocks.c.obj
 *fill*         0x0000000010007e6f        0x1 
 .rodata.__func__.1
                0x0000000010007e70       0x10 CMakeFiles/test_RTC_GPS.dir/Users/matteo/Documents/GitHub/RP_2040/FW/pico-sdk/src/rp2_common/hardware_clocks/clocks.c.obj
 .rodata.make_branch.str1.4
                0x0000000010007e80       0x65 CMakeFiles/test_RTC_GPS.dir/Users/matteo/Documents/GitHub/RP_2040/FW/pico-sdk/src/rp2_common/hardware_irq/irq.c.obj
 *fill*         0x0000000010007ee5        0x3 
 .rodata.irq_set_exclusive_handler.str1.4
                0x0000000010007ee8       0x36 CMakeFiles/test_RTC_GPS.dir/Users/matteo/Documents/GitHub/RP_2040/FW/pico-sdk/src/rp2_common/hardware_irq/irq.c.obj
 *fill*         0x0000000010007f1e        0x2 
 .rodata.irq_add_shared_handler.str1.4
                0x0000000010007f20       0xd9 CMakeFiles/test_RTC_GPS.dir/Users/matteo/Documents/GitHub/RP_2040/FW/pico-sdk/src/rp2_common/hardware_irq/irq.c.obj
 *fill*         0x0000000010007ff9        0x3 
 .rodata.irq_remove_handler.str1.4
                0x0000000010007ffc       0x2a CMakeFiles/test_RTC_GPS.dir/Users/matteo/Documents/GitHub/RP_2040/FW/pico-sdk/src/rp2_common/hardware_irq/irq.c.obj
 *fill*         0x0000000010008026        0x2 
 .rodata.irq_add_tail_to_free_list.str1.4
                0x0000000010008028       0x32 CMakeFiles/test_RTC_GPS.dir/Users/matteo/Documents/GitHub/RP_2040/FW/pico-sdk/src/rp2_common/hardware_irq/irq.c.obj
                                         0x3a (size before relaxing)
 *fill*         0x000000001000805a        0x2 
 .rodata.__func__.0
                0x000000001000805c       0x1a CMakeFiles/test_RTC_GPS.dir/Users/matteo/Documents/GitHub/RP_2040/FW/pico-sdk/src/rp2_common/hardware_irq/irq.c.obj
 *fill*         0x0000000010008076        0x2 
 .rodata.__func__.1
                0x0000000010008078       0x17 CMakeFiles/test_RTC_GPS.dir/Users/matteo/Documents/GitHub/RP_2040/FW/pico-sdk/src/rp2_common/hardware_irq/irq.c.obj
 *fill*         0x000000001000808f        0x1 
 .rodata.__func__.2
                0x0000000010008090       0x13 CMakeFiles/test_RTC_GPS.dir/Users/matteo/Documents/GitHub/RP_2040/FW/pico-sdk/src/rp2_common/hardware_irq/irq.c.obj
 *fill*         0x00000000100080a3        0x1 
 .rodata.__func__.3
                0x00000000100080a4        0xc CMakeFiles/test_RTC_GPS.dir/Users/matteo/Documents/GitHub/RP_2040/FW/pico-sdk/src/rp2_common/hardware_irq/irq.c.obj
 .rodata.__func__.4
                0x00000000100080b0        0xf CMakeFiles/test_RTC_GPS.dir/Users/matteo/Documents/GitHub/RP_2040/FW/pico-sdk/src/rp2_common/hardware_irq/irq.c.obj
 *fill*         0x00000000100080bf        0x1 
 .rodata.__func__.6
                0x00000000100080c0       0x1a CMakeFiles/test_RTC_GPS.dir/Users/matteo/Documents/GitHub/RP_2040/FW/pico-sdk/src/rp2_common/hardware_irq/irq.c.obj
 *fill*         0x00000000100080da        0x2 
 .rodata.pll_init.str1.4
                0x00000000100080dc       0xf3 CMakeFiles/test_RTC_GPS.dir/Users/matteo/Documents/GitHub/RP_2040/FW/pico-sdk/src/rp2_common/hardware_pll/pll.c.obj
 *fill*         0x00000000100081cf        0x1 
 .rodata.__func__.0
                0x00000000100081d0        0x9 CMakeFiles/test_RTC_GPS.dir/Users/matteo/Documents/GitHub/RP_2040/FW/pico-sdk/src/rp2_common/hardware_pll/pll.c.obj
 *fill*         0x00000000100081d9        0x3 
 .rodata._ftoa.str1.4
                0x00000000100081dc       0x15 CMakeFiles/test_RTC_GPS.dir/Users/matteo/Documents/GitHub/RP_2040/FW/pico-sdk/src/rp2_common/pico_printf/printf.c.obj
 *fill*         0x00000000100081f1        0x3 
 .rodata._vsnprintf
                0x00000000100081f4      0x1e0 CMakeFiles/test_RTC_GPS.dir/Users/matteo/Documents/GitHub/RP_2040/FW/pico-sdk/src/rp2_common/pico_printf/printf.c.obj
 *fill*         0x00000000100083d4        0x4 
 .rodata.pow10.0
                0x00000000100083d8       0x50 CMakeFiles/test_RTC_GPS.dir/Users/matteo/Documents/GitHub/RP_2040/FW/pico-sdk/src/rp2_common/pico_printf/printf.c.obj
 .rodata.__aeabi_double_init.str1.4
                0x0000000010008428       0xc0 CMakeFiles/test_RTC_GPS.dir/Users/matteo/Documents/GitHub/RP_2040/FW/pico-sdk/src/rp2_common/pico_double/double_init_rom.c.obj
 .rodata.__func__.0
                0x00000000100084e8       0x14 CMakeFiles/test_RTC_GPS.dir/Users/matteo/Documents/GitHub/RP_2040/FW/pico-sdk/src/rp2_common/pico_double/double_init_rom.c.obj
 .rodata.__aeabi_float_init.str1.4
                0x00000000100084fc       0x92 CMakeFiles/test_RTC_GPS.dir/Users/matteo/Documents/GitHub/RP_2040/FW/pico-sdk/src/rp2_common/pico_float/float_init_rom.c.obj
                                         0x96 (size before relaxing)
 *fill*         0x000000001000858e        0x2 
 .rodata.__func__.0
                0x0000000010008590       0x13 CMakeFiles/test_RTC_GPS.dir/Users/matteo/Documents/GitHub/RP_2040/FW/pico-sdk/src/rp2_common/pico_float/float_init_rom.c.obj
 *fill*         0x00000000100085a3        0x1 
 .rodata.str1.4
                0x00000000100085a4       0x44 CMakeFiles/test_RTC_GPS.dir/Users/matteo/Documents/GitHub/RP_2040/FW/pico-sdk/src/rp2_common/pico_standard_link/binary_info.c.obj
 .rodata.__bi_44
                0x00000000100085e8        0xc CMakeFiles/test_RTC_GPS.dir/Users/matteo/Documents/GitHub/RP_2040/FW/pico-sdk/src/rp2_common/pico_standard_link/binary_info.c.obj
 .rodata.__bi_75
                0x00000000100085f4        0xc CMakeFiles/test_RTC_GPS.dir/Users/matteo/Documents/GitHub/RP_2040/FW/pico-sdk/src/rp2_common/pico_standard_link/binary_info.c.obj
 .rodata.__bi_81
                0x0000000010008600        0xc CMakeFiles/test_RTC_GPS.dir/Users/matteo/Documents/GitHub/RP_2040/FW/pico-sdk/src/rp2_common/pico_standard_link/binary_info.c.obj
 .rodata.crlf_str.3
                0x000000001000860c        0x2 CMakeFiles/test_RTC_GPS.dir/Users/matteo/Documents/GitHub/RP_2040/FW/pico-sdk/src/rp2_common/pico_stdio/stdio.c.obj
 *fill*         0x000000001000860e        0x2 
 .rodata._resetd_driver
                0x0000000010008610       0x18 CMakeFiles/test_RTC_GPS.dir/Users/matteo/Documents/GitHub/RP_2040/FW/pico-sdk/src/rp2_common/pico_stdio_usb/reset_interface.c.obj
 .rodata.stdio_usb_init.str1.4
                0x0000000010008628       0x79 CMakeFiles/test_RTC_GPS.dir/Users/matteo/Documents/GitHub/RP_2040/FW/pico-sdk/src/rp2_common/pico_stdio_usb/stdio_usb.c.obj
 .rodata.str1.4
                0x0000000010008628       0x13 CMakeFiles/test_RTC_GPS.dir/Users/matteo/Documents/GitHub/RP_2040/FW/pico-sdk/src/rp2_common/pico_stdio_usb/stdio_usb.c.obj
 *fill*         0x000000001000863b        0x1 
 .rodata.__bi_93.1
                0x000000001000863c        0xc CMakeFiles/test_RTC_GPS.dir/Users/matteo/Documents/GitHub/RP_2040/FW/pico-sdk/src/rp2_common/pico_stdio_usb/stdio_usb.c.obj
 .rodata.__func__.0
                0x0000000010008648       0x15 CMakeFiles/test_RTC_GPS.dir/Users/matteo/Documents/GitHub/RP_2040/FW/pico-sdk/src/rp2_common/pico_stdio_usb/stdio_usb.c.obj
 *fill*         0x000000001000865d        0x3 
 .rodata.str1.4
                0x0000000010008660       0x2a CMakeFiles/test_RTC_GPS.dir/Users/matteo/Documents/GitHub/RP_2040/FW/pico-sdk/src/rp2_common/pico_stdio_usb/stdio_usb_descriptors.c.obj
 *fill*         0x000000001000868a        0x2 
 .rodata.usbd_desc_cfg
                0x000000001000868c       0x54 CMakeFiles/test_RTC_GPS.dir/Users/matteo/Documents/GitHub/RP_2040/FW/pico-sdk/src/rp2_common/pico_stdio_usb/stdio_usb_descriptors.c.obj
 .rodata.usbd_desc_device
                0x00000000100086e0       0x12 CMakeFiles/test_RTC_GPS.dir/Users/matteo/Documents/GitHub/RP_2040/FW/pico-sdk/src/rp2_common/pico_stdio_usb/stdio_usb_descriptors.c.obj
 *fill*         0x00000000100086f2        0x2 
 .rodata.usbd_desc_str
                0x00000000100086f4       0x18 CMakeFiles/test_RTC_GPS.dir/Users/matteo/Documents/GitHub/RP_2040/FW/pico-sdk/src/rp2_common/pico_stdio_usb/stdio_usb_descriptors.c.obj
 .rodata._hw_endpoint_alloc.str1.4
                0x000000001000870c       0xcd CMakeFiles/test_RTC_GPS.dir/Users/matteo/Documents/GitHub/RP_2040/FW/pico-sdk/lib/tinyusb/src/portable/raspberrypi/rp2040/dcd_rp2040.c.obj
 *fill*         0x00000000100087d9        0x3 
 .rodata.dcd_rp2040_irq.str1.4
                0x00000000100087dc       0x14 CMakeFiles/test_RTC_GPS.dir/Users/matteo/Documents/GitHub/RP_2040/FW/pico-sdk/lib/tinyusb/src/portable/raspberrypi/rp2040/dcd_rp2040.c.obj
 .rodata.dcd_int_enable.str1.4
                0x00000000100087f0        0xc CMakeFiles/test_RTC_GPS.dir/Users/matteo/Documents/GitHub/RP_2040/FW/pico-sdk/lib/tinyusb/src/portable/raspberrypi/rp2040/dcd_rp2040.c.obj
 .rodata.__func__.0
                0x00000000100087fc        0xe CMakeFiles/test_RTC_GPS.dir/Users/matteo/Documents/GitHub/RP_2040/FW/pico-sdk/lib/tinyusb/src/portable/raspberrypi/rp2040/dcd_rp2040.c.obj
 *fill*         0x000000001000880a        0x2 
 .rodata.__func__.1
                0x000000001000880c        0xe CMakeFiles/test_RTC_GPS.dir/Users/matteo/Documents/GitHub/RP_2040/FW/pico-sdk/lib/tinyusb/src/portable/raspberrypi/rp2040/dcd_rp2040.c.obj
 *fill*         0x000000001000881a        0x2 
 .rodata.__func__.3
                0x000000001000881c       0x10 CMakeFiles/test_RTC_GPS.dir/Users/matteo/Documents/GitHub/RP_2040/FW/pico-sdk/lib/tinyusb/src/portable/raspberrypi/rp2040/dcd_rp2040.c.obj
 .rodata.__func__.5
                0x000000001000882c        0xf CMakeFiles/test_RTC_GPS.dir/Users/matteo/Documents/GitHub/RP_2040/FW/pico-sdk/lib/tinyusb/src/portable/raspberrypi/rp2040/dcd_rp2040.c.obj
 *fill*         0x000000001000883b        0x1 
 .rodata.__func__.6
                0x000000001000883c       0x13 CMakeFiles/test_RTC_GPS.dir/Users/matteo/Documents/GitHub/RP_2040/FW/pico-sdk/lib/tinyusb/src/portable/raspberrypi/rp2040/dcd_rp2040.c.obj
 *fill*         0x000000001000884f        0x1 
 .rodata.__func__.7
                0x0000000010008850        0x9 CMakeFiles/test_RTC_GPS.dir/Users/matteo/Documents/GitHub/RP_2040/FW/pico-sdk/lib/tinyusb/src/portable/raspberrypi/rp2040/dcd_rp2040.c.obj
 *fill*         0x0000000010008859        0x3 
 .rodata.sync_ep_buffer.str1.4
                0x000000001000885c       0xa9 CMakeFiles/test_RTC_GPS.dir/Users/matteo/Documents/GitHub/RP_2040/FW/pico-sdk/lib/tinyusb/src/portable/raspberrypi/rp2040/rp2040_usb.c.obj
 *fill*         0x0000000010008905        0x3 
 .rodata._hw_endpoint_buffer_control_update32.str1.4
                0x0000000010008908       0x1f CMakeFiles/test_RTC_GPS.dir/Users/matteo/Documents/GitHub/RP_2040/FW/pico-sdk/lib/tinyusb/src/portable/raspberrypi/rp2040/rp2040_usb.c.obj
 *fill*         0x0000000010008927        0x1 
 .rodata.hw_endpoint_xfer_start.str1.4
                0x0000000010008928       0x38 CMakeFiles/test_RTC_GPS.dir/Users/matteo/Documents/GitHub/RP_2040/FW/pico-sdk/lib/tinyusb/src/portable/raspberrypi/rp2040/rp2040_usb.c.obj
 .rodata.hw_endpoint_xfer_continue.str1.4
                0x0000000010008960       0x29 CMakeFiles/test_RTC_GPS.dir/Users/matteo/Documents/GitHub/RP_2040/FW/pico-sdk/lib/tinyusb/src/portable/raspberrypi/rp2040/rp2040_usb.c.obj
 *fill*         0x0000000010008989        0x3 
 .rodata.str1.4
                0x000000001000898c        0x7 CMakeFiles/test_RTC_GPS.dir/Users/matteo/Documents/GitHub/RP_2040/FW/pico-sdk/lib/tinyusb/src/portable/raspberrypi/rp2040/rp2040_usb.c.obj
 *fill*         0x0000000010008993        0x1 
 .rodata.__func__.0
                0x0000000010008994        0xf CMakeFiles/test_RTC_GPS.dir/Users/matteo/Documents/GitHub/RP_2040/FW/pico-sdk/lib/tinyusb/src/portable/raspberrypi/rp2040/rp2040_usb.c.obj
 *fill*         0x00000000100089a3        0x1 
 .rodata.process_set_config.str1.4
                0x00000000100089a4       0x17 CMakeFiles/test_RTC_GPS.dir/Users/matteo/Documents/GitHub/RP_2040/FW/pico-sdk/lib/tinyusb/src/device/usbd.c.obj
 *fill*         0x00000000100089bb        0x1 
 .rodata.process_get_descriptor
                0x00000000100089bc       0x40 CMakeFiles/test_RTC_GPS.dir/Users/matteo/Documents/GitHub/RP_2040/FW/pico-sdk/lib/tinyusb/src/device/usbd.c.obj
 .rodata.process_control_request
                0x00000000100089fc       0x28 CMakeFiles/test_RTC_GPS.dir/Users/matteo/Documents/GitHub/RP_2040/FW/pico-sdk/lib/tinyusb/src/device/usbd.c.obj
 .rodata.tud_task
                0x0000000010008a24       0x24 CMakeFiles/test_RTC_GPS.dir/Users/matteo/Documents/GitHub/RP_2040/FW/pico-sdk/lib/tinyusb/src/device/usbd.c.obj
 .rodata.__func__.2
                0x0000000010008a48        0xf CMakeFiles/test_RTC_GPS.dir/Users/matteo/Documents/GitHub/RP_2040/FW/pico-sdk/lib/tinyusb/src/device/usbd.c.obj
 *fill*         0x0000000010008a57        0x1 
 .rodata.__func__.3
                0x0000000010008a58        0xf CMakeFiles/test_RTC_GPS.dir/Users/matteo/Documents/GitHub/RP_2040/FW/pico-sdk/lib/tinyusb/src/device/usbd.c.obj
 *fill*         0x0000000010008a67        0x1 
 .rodata.__func__.4
                0x0000000010008a68       0x14 CMakeFiles/test_RTC_GPS.dir/Users/matteo/Documents/GitHub/RP_2040/FW/pico-sdk/lib/tinyusb/src/device/usbd.c.obj
 .rodata.__func__.5
                0x0000000010008a7c       0x10 CMakeFiles/test_RTC_GPS.dir/Users/matteo/Documents/GitHub/RP_2040/FW/pico-sdk/lib/tinyusb/src/device/usbd.c.obj
 .rodata.__func__.6
                0x0000000010008a8c       0x17 CMakeFiles/test_RTC_GPS.dir/Users/matteo/Documents/GitHub/RP_2040/FW/pico-sdk/lib/tinyusb/src/device/usbd.c.obj
 *fill*         0x0000000010008aa3        0x1 
 .rodata.__func__.7
                0x0000000010008aa4       0x13 CMakeFiles/test_RTC_GPS.dir/Users/matteo/Documents/GitHub/RP_2040/FW/pico-sdk/lib/tinyusb/src/device/usbd.c.obj
 *fill*         0x0000000010008ab7        0x1 
 .rodata.__func__.8
                0x0000000010008ab8       0x18 CMakeFiles/test_RTC_GPS.dir/Users/matteo/Documents/GitHub/RP_2040/FW/pico-sdk/lib/tinyusb/src/device/usbd.c.obj
 .rodata.__func__.9
                0x0000000010008ad0        0x9 CMakeFiles/test_RTC_GPS.dir/Users/matteo/Documents/GitHub/RP_2040/FW/pico-sdk/lib/tinyusb/src/device/usbd.c.obj
 *fill*         0x0000000010008ad9        0x3 
 .rodata._usbd_driver
                0x0000000010008adc       0x18 CMakeFiles/test_RTC_GPS.dir/Users/matteo/Documents/GitHub/RP_2040/FW/pico-sdk/lib/tinyusb/src/device/usbd.c.obj
 .rodata.tud_control_xfer.str1.4
                0x0000000010008af4       0x17 CMakeFiles/test_RTC_GPS.dir/Users/matteo/Documents/GitHub/RP_2040/FW/pico-sdk/lib/tinyusb/src/device/usbd_control.c.obj
 .rodata.__func__.0
                0x0000000010008af4       0x15 CMakeFiles/test_RTC_GPS.dir/Users/matteo/Documents/GitHub/RP_2040/FW/pico-sdk/lib/tinyusb/src/device/usbd_control.c.obj
 *fill*         0x0000000010008b09        0x3 
 .rodata.__func__.1
                0x0000000010008b0c       0x11 CMakeFiles/test_RTC_GPS.dir/Users/matteo/Documents/GitHub/RP_2040/FW/pico-sdk/lib/tinyusb/src/device/usbd_control.c.obj
 .rodata.tud_cdc_n_write_flush.str1.4
                0x0000000010008b1d       0x17 CMakeFiles/test_RTC_GPS.dir/Users/matteo/Documents/GitHub/RP_2040/FW/pico-sdk/lib/tinyusb/src/class/cdc/cdc_device.c.obj