Archive member included to satisfy reference by file (symbol)

d:/program files/gnu arm embedded toolchain/10 2021.10/bin/../lib/gcc/arm-none-eabi/10.3.1/thumb/v6-m/nofp\libgcc.a(_dvmd_tls.o)
                              CMakeFiles/test_RTC_GPS.dir/D_/WORKSPACE/PSE2_RP2040/RP_2040/FW/pico-sdk/src/rp2_common/pico_divider/divider.S.obj (__aeabi_idiv0)
d:/program files/gnu arm embedded toolchain/10 2021.10/bin/../lib/gcc/arm-none-eabi/10.3.1/../../../../arm-none-eabi/lib/thumb/v6-m/nofp\libg.a(lib_a-calloc.o)
                              CMakeFiles/test_RTC_GPS.dir/D_/WORKSPACE/PSE2_RP2040/RP_2040/FW/pico-sdk/src/rp2_common/pico_malloc/pico_malloc.c.obj (calloc)
d:/program files/gnu arm embedded toolchain/10 2021.10/bin/../lib/gcc/arm-none-eabi/10.3.1/../../../../arm-none-eabi/lib/thumb/v6-m/nofp\libg.a(lib_a-callocr.o)
                              d:/program files/gnu arm embedded toolchain/10 2021.10/bin/../lib/gcc/arm-none-eabi/10.3.1/../../../../arm-none-eabi/lib/thumb/v6-m/nofp\libg.a(lib_a-calloc.o) (_calloc_r)
d:/program files/gnu arm embedded toolchain/10 2021.10/bin/../lib/gcc/arm-none-eabi/10.3.1/../../../../arm-none-eabi/lib/thumb/v6-m/nofp\libg.a(lib_a-ctype_.o)
                              CMakeFiles/test_RTC_GPS.dir/D_/WORKSPACE/PSE2_RP2040/RP_2040/FW/pico-sdk/lib/tinyusb/src/tusb.c.obj (_ctype_)
d:/program files/gnu arm embedded toolchain/10 2021.10/bin/../lib/gcc/arm-none-eabi/10.3.1/../../../../arm-none-eabi/lib/thumb/v6-m/nofp\libg.a(lib_a-errno.o)
                              d:/program files/gnu arm embedded toolchain/10 2021.10/bin/../lib/gcc/arm-none-eabi/10.3.1/../../../../arm-none-eabi/lib/thumb/v6-m/nofp\libg.a(lib_a-callocr.o) (__errno)
d:/program files/gnu arm embedded toolchain/10 2021.10/bin/../lib/gcc/arm-none-eabi/10.3.1/../../../../arm-none-eabi/lib/thumb/v6-m/nofp\libg.a(lib_a-impure.o)
                              d:/program files/gnu arm embedded toolchain/10 2021.10/bin/../lib/gcc/arm-none-eabi/10.3.1/../../../../arm-none-eabi/lib/thumb/v6-m/nofp\libg.a(lib_a-calloc.o) (_impure_ptr)
d:/program files/gnu arm embedded toolchain/10 2021.10/bin/../lib/gcc/arm-none-eabi/10.3.1/../../../../arm-none-eabi/lib/thumb/v6-m/nofp\libg.a(lib_a-init.o)
                              d:/program files/gnu arm embedded toolchain/10 2021.10/bin/../lib/gcc/arm-none-eabi/10.3.1/../../../../arm-none-eabi/lib/thumb/v6-m/nofp/crt0.o (__libc_init_array)
d:/program files/gnu arm embedded toolchain/10 2021.10/bin/../lib/gcc/arm-none-eabi/10.3.1/../../../../arm-none-eabi/lib/thumb/v6-m/nofp\libg.a(lib_a-malloc.o)
                              CMakeFiles/test_RTC_GPS.dir/D_/WORKSPACE/PSE2_RP2040/RP_2040/FW/pico-sdk/src/rp2_common/pico_malloc/pico_malloc.c.obj (malloc)
d:/program files/gnu arm embedded toolchain/10 2021.10/bin/../lib/gcc/arm-none-eabi/10.3.1/../../../../arm-none-eabi/lib/thumb/v6-m/nofp\libg.a(lib_a-mallocr.o)
                              d:/program files/gnu arm embedded toolchain/10 2021.10/bin/../lib/gcc/arm-none-eabi/10.3.1/../../../../arm-none-eabi/lib/thumb/v6-m/nofp\libg.a(lib_a-callocr.o) (_malloc_r)
d:/program files/gnu arm embedded toolchain/10 2021.10/bin/../lib/gcc/arm-none-eabi/10.3.1/../../../../arm-none-eabi/lib/thumb/v6-m/nofp\libg.a(lib_a-mlock.o)
                              d:/program files/gnu arm embedded toolchain/10 2021.10/bin/../lib/gcc/arm-none-eabi/10.3.1/../../../../arm-none-eabi/lib/thumb/v6-m/nofp\libg.a(lib_a-mallocr.o) (__malloc_lock)
d:/program files/gnu arm embedded toolchain/10 2021.10/bin/../lib/gcc/arm-none-eabi/10.3.1/../../../../arm-none-eabi/lib/thumb/v6-m/nofp\libg.a(lib_a-sbrkr.o)
                              d:/program files/gnu arm embedded toolchain/10 2021.10/bin/../lib/gcc/arm-none-eabi/10.3.1/../../../../arm-none-eabi/lib/thumb/v6-m/nofp\libg.a(lib_a-mallocr.o) (_sbrk_r)
d:/program files/gnu arm embedded toolchain/10 2021.10/bin/../lib/gcc/arm-none-eabi/10.3.1/../../../../arm-none-eabi/lib/thumb/v6-m/nofp\libg.a(lib_a-strlen-stub.o)
                              CMakeFiles/test_RTC_GPS.dir/D_/WORKSPACE/PSE2_RP2040/RP_2040/FW/pico-sdk/src/rp2_common/pico_stdio/stdio.c.obj (strlen)
d:/program files/gnu arm embedded toolchain/10 2021.10/bin/../lib/gcc/arm-none-eabi/10.3.1/../../../../arm-none-eabi/lib/thumb/v6-m/nofp\libg.a(lib_a-freer.o)
                              d:/program files/gnu arm embedded toolchain/10 2021.10/bin/../lib/gcc/arm-none-eabi/10.3.1/../../../../arm-none-eabi/lib/thumb/v6-m/nofp\libg.a(lib_a-malloc.o) (_free_r)
d:/program files/gnu arm embedded toolchain/10 2021.10/bin/../lib/gcc/arm-none-eabi/10.3.1/../../../../arm-none-eabi/lib/thumb/v6-m/nofp\libg.a(lib_a-lock.o)
                              d:/program files/gnu arm embedded toolchain/10 2021.10/bin/../lib/gcc/arm-none-eabi/10.3.1/../../../../arm-none-eabi/lib/thumb/v6-m/nofp\libg.a(lib_a-mlock.o) (__retarget_lock_acquire_recursive)
[...]
Memory Configuration

Name             Origin             Length             Attributes
FLASH            0x10000000         0x00200000         xr
RAM              0x20000000         0x00040000         xrw
SCRATCH_X        0x20040000         0x00001000         xrw
SCRATCH_Y        0x20041000         0x00001000         xrw
*default*        0x00000000         0xffffffff

Linker script and memory map

LOAD d:/program files/gnu arm embedded toolchain/10 2021.10/bin/../lib/gcc/arm-none-eabi/10.3.1/thumb/v6-m/nofp/crti.o
LOAD d:/program files/gnu arm embedded toolchain/10 2021.10/bin/../lib/gcc/arm-none-eabi/10.3.1/thumb/v6-m/nofp/crtbegin.o
LOAD d:/program files/gnu arm embedded toolchain/10 2021.10/bin/../lib/gcc/arm-none-eabi/10.3.1/../../../../arm-none-eabi/lib/thumb/v6-m/nofp/crt0.o

.flash_begin    0x10000000        0x0
                0x10000000                __flash_binary_start = .

.boot2          0x10000000      0x100
                0x10000000                __boot2_start__ = .
 *(.boot2)
 .boot2         0x10000000      0x100 C:\Users\andre\AppData\Local\Temp\ccWMYBNe.o
                0x10000100                __boot2_end__ = .
                0x00000001                ASSERT (((__boot2_end__ - __boot2_start__) == 0x100), ERROR: Pico second stage bootloader must be 256 bytes in size)

.text           0x10000100     0x7490
                0x10000100                __logical_binary_start = .
 *(.vectors)
 .vectors       0x10000100       0xd4 CMakeFiles/test_RTC_GPS.dir/D_/WORKSPACE/PSE2_RP2040/RP_2040/FW/pico-sdk/src/rp2_common/pico_standard_link/crt0.S.obj
                0x10000100                __VECTOR_TABLE
                0x10000100                __vectors
                0x100001c0                isr_invalid
                0x100001c0                __default_isrs_start
                0x100001c2                isr_nmi
                0x100001c4                isr_hardfault
                0x100001c6                isr_svcall
                0x100001c8                isr_pendsv
                0x100001ca                isr_systick
                0x100001cc                isr_irq23
                0x100001cc                isr_irq18
                0x100001cc                isr_irq11
                0x100001cc                isr_irq28
                0x100001cc                isr_irq19
                0x100001cc                isr_irq0
                0x100001cc                isr_irq6
                0x100001cc                isr_irq5
                0x100001cc                isr_irq12
                0x100001cc                isr_irq22
                0x100001cc                isr_irq31
                0x100001cc                isr_irq17
                0x100001cc                isr_irq27
                0x100001cc                isr_irq30
                0x100001cc                isr_irq2
                0x100001cc                isr_irq10
                0x100001cc                isr_irq8
                0x100001cc                isr_irq24
                0x100001cc                isr_irq1
                0x100001cc                isr_irq7
                0x100001cc                isr_irq21
                0x100001cc                isr_irq20
                0x100001cc                isr_irq15
                0x100001cc                isr_irq25
                0x100001cc                isr_irq13
                0x100001cc                __unhandled_user_irq
                0x100001cc                isr_irq4
                0x100001cc                isr_irq16
                0x100001cc                isr_irq29
                0x100001cc                isr_irq26
                0x100001cc                __default_isrs_end
                0x100001cc                isr_irq3
                0x100001cc                isr_irq14
                0x100001cc                isr_irq9
                0x100001d2                unhandled_user_irq_num_in_r0
 *(.binary_info_header)
 .binary_info_header
                0x100001d4       0x14 CMakeFiles/test_RTC_GPS.dir/D_/WORKSPACE/PSE2_RP2040/RP_2040/FW/pico-sdk/src/rp2_common/pico_standard_link/crt0.S.obj
                0x100001e8                __binary_info_header_end = .
 *(.reset)
 .reset         0x100001e8       0xa8 CMakeFiles/test_RTC_GPS.dir/D_/WORKSPACE/PSE2_RP2040/RP_2040/FW/pico-sdk/src/rp2_common/pico_standard_link/crt0.S.obj
                0x100001e8                _entry_point
                0x10000266                __get_current_exception
 .reset         0x10000290       0x30 CMakeFiles/test_RTC_GPS.dir/D_/WORKSPACE/PSE2_RP2040/RP_2040/FW/pico-sdk/src/rp2_common/pico_standard_link/binary_info.c.obj
 *(.init)
 .init          0x100002c0        0x4 d:/program files/gnu arm embedded toolchain/10 2021.10/bin/../lib/gcc/arm-none-eabi/10.3.1/thumb/v6-m/nofp/crti.o
                0x100002c0                _init
 *(EXCLUDE_FILE(*libm.a: *libc.a:*lib_a-mem*.o *libgcc.a:) .text*)
 .text          0x100002c4       0x48 d:/program files/gnu arm embedded toolchain/10 2021.10/bin/../lib/gcc/arm-none-eabi/10.3.1/thumb/v6-m/nofp/crtbegin.o
 .text.on_uart_rx
                0x1000030c       0xd8 CMakeFiles/test_RTC_GPS.dir/main.c.obj
                0x1000030c                on_uart_rx
 .text.gpio_callback
                0x100003e4        0x4 CMakeFiles/test_RTC_GPS.dir/main.c.obj
                0x100003e4                gpio_callback
 .text.main     0x100003e8      0x198 CMakeFiles/test_RTC_GPS.dir/main.c.obj
                0x100003e8                main
 .text.num_to_BCD
                0x10000580       0x24 CMakeFiles/test_RTC_GPS.dir/src/mcp7940.c.obj
                0x10000580                num_to_BCD
 .text.gpio_set_function
                0x100005a4       0x30 CMakeFiles/test_RTC_GPS.dir/D_/WORKSPACE/PSE2_RP2040/RP_2040/FW/pico-sdk/src/rp2_common/hardware_gpio/gpio.c.obj
                0x100005a4                gpio_set_function
 .text.gpio_acknowledge_irq
                0x100005d4       0x18 CMakeFiles/test_RTC_GPS.dir/D_/WORKSPACE/PSE2_RP2040/RP_2040/FW/pico-sdk/src/rp2_common/hardware_gpio/gpio.c.obj
                0x100005d4                gpio_acknowledge_irq
 .text._gpio_set_irq_enabled
                0x100005ec       0x34 CMakeFiles/test_RTC_GPS.dir/D_/WORKSPACE/PSE2_RP2040/RP_2040/FW/pico-sdk/src/rp2_common/hardware_gpio/gpio.c.obj
 .text.gpio_set_irq_enabled
                0x10000620       0x20 CMakeFiles/test_RTC_GPS.dir/D_/WORKSPACE/PSE2_RP2040/RP_2040/FW/pico-sdk/src/rp2_common/hardware_gpio/gpio.c.obj
                0x10000620                gpio_set_irq_enabled
 .text.gpio_set_irq_enabled_with_callback
                0x10000640       0x30 CMakeFiles/test_RTC_GPS.dir/D_/WORKSPACE/PSE2_RP2040/RP_2040/FW/pico-sdk/src/rp2_common/hardware_gpio/gpio.c.obj
                0x10000640                gpio_set_irq_enabled_with_callback
 .text.gpio_irq_handler
                0x10000670       0x68 CMakeFiles/test_RTC_GPS.dir/D_/WORKSPACE/PSE2_RP2040/RP_2040/FW/pico-sdk/src/rp2_common/hardware_gpio/gpio.c.obj
 .text.gpio_init
                0x100006d8       0x16 CMakeFiles/test_RTC_GPS.dir/D_/WORKSPACE/PSE2_RP2040/RP_2040/FW/pico-sdk/src/rp2_common/hardware_gpio/gpio.c.obj
                0x100006d8                gpio_init
 *fill*         0x100006ee        0x2 
 .text.hw_claim_lock
                0x100006f0       0x18 CMakeFiles/test_RTC_GPS.dir/D_/WORKSPACE/PSE2_RP2040/RP_2040/FW/pico-sdk/src/rp2_common/hardware_claim/claim.c.obj
                0x100006f0                hw_claim_lock
 .text.hw_claim_unlock
                0x10000708       0x14 CMakeFiles/test_RTC_GPS.dir/D_/WORKSPACE/PSE2_RP2040/RP_2040/FW/pico-sdk/src/rp2_common/hardware_claim/claim.c.obj
                0x10000708                hw_claim_unlock
 .text.hw_claim_or_assert
                0x1000071c       0x32 CMakeFiles/test_RTC_GPS.dir/D_/WORKSPACE/PSE2_RP2040/RP_2040/FW/pico-sdk/src/rp2_common/hardware_claim/claim.c.obj
                0x1000071c                hw_claim_or_assert
 .text.hw_claim_unused_from_range
                0x1000074e       0x50 CMakeFiles/test_RTC_GPS.dir/D_/WORKSPACE/PSE2_RP2040/RP_2040/FW/pico-sdk/src/rp2_common/hardware_claim/claim.c.obj
                0x1000074e                hw_claim_unused_from_range
 *fill*         0x1000079e        0x2 
 .text.running_on_fpga
                0x100007a0       0x14 CMakeFiles/test_RTC_GPS.dir/D_/WORKSPACE/PSE2_RP2040/RP_2040/FW/pico-sdk/src/rp2_common/pico_platform/platform.c.obj
                0x100007a0                running_on_fpga
 .text.spin_locks_reset
                0x100007b4       0x20 CMakeFiles/test_RTC_GPS.dir/D_/WORKSPACE/PSE2_RP2040/RP_2040/FW/pico-sdk/src/rp2_common/hardware_sync/sync.c.obj
                0x100007b4                spin_locks_reset
 .text.next_striped_spin_lock_num
                0x100007d4       0x1c CMakeFiles/test_RTC_GPS.dir/D_/WORKSPACE/PSE2_RP2040/RP_2040/FW/pico-sdk/src/rp2_common/hardware_sync/sync.c.obj
                0x100007d4                next_striped_spin_lock_num
 .text.spin_lock_claim_unused
                0x100007f0       0x20 CMakeFiles/test_RTC_GPS.dir/D_/WORKSPACE/PSE2_RP2040/RP_2040/FW/pico-sdk/src/rp2_common/hardware_sync/sync.c.obj
                0x100007f0                spin_lock_claim_unused
 .text.uart_set_baudrate
                0x10000810       0x5c CMakeFiles/test_RTC_GPS.dir/D_/WORKSPACE/PSE2_RP2040/RP_2040/FW/pico-sdk/src/rp2_common/hardware_uart/uart.c.obj
                0x10000810                uart_set_baudrate
 .text.uart_set_translate_crlf
                0x1000086c       0x28 CMakeFiles/test_RTC_GPS.dir/D_/WORKSPACE/PSE2_RP2040/RP_2040/FW/pico-sdk/src/rp2_common/hardware_uart/uart.c.obj
                0x1000086c                uart_set_translate_crlf
 .text.uart_init
                0x10000894       0x80 CMakeFiles/test_RTC_GPS.dir/D_/WORKSPACE/PSE2_RP2040/RP_2040/FW/pico-sdk/src/rp2_common/hardware_uart/uart.c.obj
                0x10000894                uart_init
 .text.alarm_pool_post_alloc_init
                0x10000914       0x40 CMakeFiles/test_RTC_GPS.dir/D_/WORKSPACE/PSE2_RP2040/RP_2040/FW/pico-sdk/src/common/pico_time/time.c.obj
 .text.sleep_until_callback
                0x10000954       0x30 CMakeFiles/test_RTC_GPS.dir/D_/WORKSPACE/PSE2_RP2040/RP_2040/FW/pico-sdk/src/common/pico_time/time.c.obj
 .text.timer_pool_entry_comparator
                0x10000984       0x7c CMakeFiles/test_RTC_GPS.dir/D_/WORKSPACE/PSE2_RP2040/RP_2040/FW/pico-sdk/src/common/pico_time/time.c.obj
                0x10000984                timer_pool_entry_comparator
 .text.ph_add_child_node
                0x10000a00       0xa4 CMakeFiles/test_RTC_GPS.dir/D_/WORKSPACE/PSE2_RP2040/RP_2040/FW/pico-sdk/src/common/pico_time/time.c.obj
 .text.ph_merge_nodes
                0x10000aa4       0x3e CMakeFiles/test_RTC_GPS.dir/D_/WORKSPACE/PSE2_RP2040/RP_2040/FW/pico-sdk/src/common/pico_time/time.c.obj
 *fill*         0x10000ae2        0x2 
 .text.add_alarm_under_lock
                0x10000ae4      0x174 CMakeFiles/test_RTC_GPS.dir/D_/WORKSPACE/PSE2_RP2040/RP_2040/FW/pico-sdk/src/common/pico_time/time.c.obj
 .text.alarm_pool_alarm_callback
                0x10000c58      0x328 CMakeFiles/test_RTC_GPS.dir/D_/WORKSPACE/PSE2_RP2040/RP_2040/FW/pico-sdk/src/common/pico_time/time.c.obj
 .text.alarm_pool_init_default
                0x10000f80       0x38 CMakeFiles/test_RTC_GPS.dir/D_/WORKSPACE/PSE2_RP2040/RP_2040/FW/pico-sdk/src/common/pico_time/time.c.obj
                0x10000f80                alarm_pool_init_default
 .text.alarm_pool_get_default
                0x10000fb8       0x2c CMakeFiles/test_RTC_GPS.dir/D_/WORKSPACE/PSE2_RP2040/RP_2040/FW/pico-sdk/src/common/pico_time/time.c.obj
                0x10000fb8                alarm_pool_get_default
 .text.alarm_pool_add_alarm_at
                0x10000fe4      0x170 CMakeFiles/test_RTC_GPS.dir/D_/WORKSPACE/PSE2_RP2040/RP_2040/FW/pico-sdk/src/common/pico_time/time.c.obj
                0x10000fe4                alarm_pool_add_alarm_at
 .text.alarm_pool_cancel_alarm
                0x10001154       0xf0 CMakeFiles/test_RTC_GPS.dir/D_/WORKSPACE/PSE2_RP2040/RP_2040/FW/pico-sdk/src/common/pico_time/time.c.obj
                0x10001154                alarm_pool_cancel_alarm
 .text.sleep_until
                0x10001244       0xfc CMakeFiles/test_RTC_GPS.dir/D_/WORKSPACE/PSE2_RP2040/RP_2040/FW/pico-sdk/src/common/pico_time/time.c.obj
                0x10001244                sleep_until
 .text.sleep_us
                0x10001340       0x58 CMakeFiles/test_RTC_GPS.dir/D_/WORKSPACE/PSE2_RP2040/RP_2040/FW/pico-sdk/src/common/pico_time/time.c.obj
                0x10001340                sleep_us
 .text.sleep_ms
                0x10001398       0x14 CMakeFiles/test_RTC_GPS.dir/D_/WORKSPACE/PSE2_RP2040/RP_2040/FW/pico-sdk/src/common/pico_time/time.c.obj
                0x10001398                sleep_ms
 .text.best_effort_wfe_or_timeout
                0x100013ac       0x80 CMakeFiles/test_RTC_GPS.dir/D_/WORKSPACE/PSE2_RP2040/RP_2040/FW/pico-sdk/src/common/pico_time/time.c.obj
                0x100013ac                best_effort_wfe_or_timeout
 .text.hardware_alarm_irq_handler
                0x1000142c       0x8c CMakeFiles/test_RTC_GPS.dir/D_/WORKSPACE/PSE2_RP2040/RP_2040/FW/pico-sdk/src/rp2_common/hardware_timer/timer.c.obj
 .text.hardware_alarm_claim
                0x100014b8       0x18 CMakeFiles/test_RTC_GPS.dir/D_/WORKSPACE/PSE2_RP2040/RP_2040/FW/pico-sdk/src/rp2_common/hardware_timer/timer.c.obj
                0x100014b8                hardware_alarm_claim
 .text.time_us_64
                0x100014d0       0x18 CMakeFiles/test_RTC_GPS.dir/D_/WORKSPACE/PSE2_RP2040/RP_2040/FW/pico-sdk/src/rp2_common/hardware_timer/timer.c.obj
                0x100014d0                time_us_64
 .text.busy_wait_until
                0x100014e8       0x28 CMakeFiles/test_RTC_GPS.dir/D_/WORKSPACE/PSE2_RP2040/RP_2040/FW/pico-sdk/src/rp2_common/hardware_timer/timer.c.obj
                0x100014e8                busy_wait_until
 .text.hardware_alarm_set_callback
                0x10001510       0x90 CMakeFiles/test_RTC_GPS.dir/D_/WORKSPACE/PSE2_RP2040/RP_2040/FW/pico-sdk/src/rp2_common/hardware_timer/timer.c.obj
                0x10001510                hardware_alarm_set_callback
 .text.hardware_alarm_set_target
                0x100015a0       0xe8 CMakeFiles/test_RTC_GPS.dir/D_/WORKSPACE/PSE2_RP2040/RP_2040/FW/pico-sdk/src/rp2_common/hardware_timer/timer.c.obj
                0x100015a0                hardware_alarm_set_target
 .text.hardware_alarm_cancel
                0x10001688       0x40 CMakeFiles/test_RTC_GPS.dir/D_/WORKSPACE/PSE2_RP2040/RP_2040/FW/pico-sdk/src/rp2_common/hardware_timer/timer.c.obj
                0x10001688                hardware_alarm_cancel
 .text.lock_init
                0x100016c8       0x10 CMakeFiles/test_RTC_GPS.dir/D_/WORKSPACE/PSE2_RP2040/RP_2040/FW/pico-sdk/src/common/pico_sync/lock_core.c.obj
                0x100016c8                lock_init
 .text.mutex_init
                0x100016d8       0x1a CMakeFiles/test_RTC_GPS.dir/D_/WORKSPACE/PSE2_RP2040/RP_2040/FW/pico-sdk/src/common/pico_sync/mutex.c.obj
                0x100016d8                mutex_init
 .text.recursive_mutex_init
                0x100016f2       0x1e CMakeFiles/test_RTC_GPS.dir/D_/WORKSPACE/PSE2_RP2040/RP_2040/FW/pico-sdk/src/common/pico_sync/mutex.c.obj
                0x100016f2                recursive_mutex_init
 .text.critical_section_init_with_lock_num
                0x10001710       0x14 CMakeFiles/test_RTC_GPS.dir/D_/WORKSPACE/PSE2_RP2040/RP_2040/FW/pico-sdk/src/common/pico_sync/critical_section.c.obj
                0x10001710                critical_section_init_with_lock_num
 .text.critical_section_init
                0x10001724       0x14 CMakeFiles/test_RTC_GPS.dir/D_/WORKSPACE/PSE2_RP2040/RP_2040/FW/pico-sdk/src/common/pico_sync/critical_section.c.obj
                0x10001724                critical_section_init
 .text.ph_add_child_node
                0x10001738       0xa4 CMakeFiles/test_RTC_GPS.dir/D_/WORKSPACE/PSE2_RP2040/RP_2040/FW/pico-sdk/src/common/pico_util/pheap.c.obj
 .text.ph_merge_nodes
                0x100017dc       0x3e CMakeFiles/test_RTC_GPS.dir/D_/WORKSPACE/PSE2_RP2040/RP_2040/FW/pico-sdk/src/common/pico_util/pheap.c.obj
 *fill*         0x1000181a        0x2 
 .text.ph_clear
                0x1000181c       0x70 CMakeFiles/test_RTC_GPS.dir/D_/WORKSPACE/PSE2_RP2040/RP_2040/FW/pico-sdk/src/common/pico_util/pheap.c.obj
                0x1000181c                ph_clear
 .text.ph_post_alloc_init
                0x1000188c        0xe CMakeFiles/test_RTC_GPS.dir/D_/WORKSPACE/PSE2_RP2040/RP_2040/FW/pico-sdk/src/common/pico_util/pheap.c.obj
                0x1000188c                ph_post_alloc_init
 *fill*         0x1000189a        0x2 
 .text.ph_merge_two_pass
                0x1000189c       0xa8 CMakeFiles/test_RTC_GPS.dir/D_/WORKSPACE/PSE2_RP2040/RP_2040/FW/pico-sdk/src/common/pico_util/pheap.c.obj
                0x1000189c                ph_merge_two_pass
 .text.ph_remove_any_head
                0x10001944      0x108 CMakeFiles/test_RTC_GPS.dir/D_/WORKSPACE/PSE2_RP2040/RP_2040/FW/pico-sdk/src/common/pico_util/pheap.c.obj
 .text.ph_remove_head
                0x10001a4c       0x14 CMakeFiles/test_RTC_GPS.dir/D_/WORKSPACE/PSE2_RP2040/RP_2040/FW/pico-sdk/src/common/pico_util/pheap.c.obj
                0x10001a4c                ph_remove_head
 .text.ph_remove_and_free_node
                0x10001a60       0xf8 CMakeFiles/test_RTC_GPS.dir/D_/WORKSPACE/PSE2_RP2040/RP_2040/FW/pico-sdk/src/common/pico_util/pheap.c.obj
                0x10001a60                ph_remove_and_free_node
 .text._exit    0x10001b58        0x4 CMakeFiles/test_RTC_GPS.dir/D_/WORKSPACE/PSE2_RP2040/RP_2040/FW/pico-sdk/src/rp2_common/pico_runtime/runtime.c.obj
                0x10001b58                _exit
 .text.exit     0x10001b5c        0x6 CMakeFiles/test_RTC_GPS.dir/D_/WORKSPACE/PSE2_RP2040/RP_2040/FW/pico-sdk/src/rp2_common/pico_runtime/runtime.c.obj
                0x10001b5c                exit
 *fill*         0x10001b62        0x2 
 .text.__assert_func
                0x10001b64       0x3c CMakeFiles/test_RTC_GPS.dir/D_/WORKSPACE/PSE2_RP2040/RP_2040/FW/pico-sdk/src/rp2_common/pico_runtime/runtime.c.obj
                0x10001b64                __assert_func
 .text.runtime_init
                0x10001ba0       0xf8 CMakeFiles/test_RTC_GPS.dir/D_/WORKSPACE/PSE2_RP2040/RP_2040/FW/pico-sdk/src/rp2_common/pico_runtime/runtime.c.obj
                0x10001ba0                runtime_init
 .text.panic    0x10001c98       0x30 CMakeFiles/test_RTC_GPS.dir/D_/WORKSPACE/PSE2_RP2040/RP_2040/FW/pico-sdk/src/rp2_common/pico_runtime/runtime.c.obj
                0x10001c98                panic
 .text.clock_configure
                0x10001cc8      0x104 CMakeFiles/test_RTC_GPS.dir/D_/WORKSPACE/PSE2_RP2040/RP_2040/FW/pico-sdk/src/rp2_common/hardware_clocks/clocks.c.obj
                0x10001cc8                clock_configure
 .text.clocks_init
                0x10001dcc      0x100 CMakeFiles/test_RTC_GPS.dir/D_/WORKSPACE/PSE2_RP2040/RP_2040/FW/pico-sdk/src/rp2_common/hardware_clocks/clocks.c.obj
                0x10001dcc                clocks_init
 .text.clock_get_hz
                0x10001ecc        0xc CMakeFiles/test_RTC_GPS.dir/D_/WORKSPACE/PSE2_RP2040/RP_2040/FW/pico-sdk/src/rp2_common/hardware_clocks/clocks.c.obj
                0x10001ecc                clock_get_hz
 .text.set_raw_irq_handler_and_unlock
                0x10001ed8       0x28 CMakeFiles/test_RTC_GPS.dir/D_/WORKSPACE/PSE2_RP2040/RP_2040/FW/pico-sdk/src/rp2_common/hardware_irq/irq.c.obj
 .text.make_branch
                0x10001f00       0x34 CMakeFiles/test_RTC_GPS.dir/D_/WORKSPACE/PSE2_RP2040/RP_2040/FW/pico-sdk/src/rp2_common/hardware_irq/irq.c.obj
 .text.insert_branch_and_link
                0x10001f34       0x40 CMakeFiles/test_RTC_GPS.dir/D_/WORKSPACE/PSE2_RP2040/RP_2040/FW/pico-sdk/src/rp2_common/hardware_irq/irq.c.obj
 .text.irq_is_enabled
                0x10001f74       0x18 CMakeFiles/test_RTC_GPS.dir/D_/WORKSPACE/PSE2_RP2040/RP_2040/FW/pico-sdk/src/rp2_common/hardware_irq/irq.c.obj
                0x10001f74                irq_is_enabled
 .text.irq_set_mask_enabled
                0x10001f8c       0x20 CMakeFiles/test_RTC_GPS.dir/D_/WORKSPACE/PSE2_RP2040/RP_2040/FW/pico-sdk/src/rp2_common/hardware_irq/irq.c.obj
                0x10001f8c                irq_set_mask_enabled
 .text.irq_set_enabled
                0x10001fac        0xe CMakeFiles/test_RTC_GPS.dir/D_/WORKSPACE/PSE2_RP2040/RP_2040/FW/pico-sdk/src/rp2_common/hardware_irq/irq.c.obj
                0x10001fac                irq_set_enabled
 *fill*         0x10001fba        0x2 
 .text.irq_set_pending
                0x10001fbc       0x10 CMakeFiles/test_RTC_GPS.dir/D_/WORKSPACE/PSE2_RP2040/RP_2040/FW/pico-sdk/src/rp2_common/hardware_irq/irq.c.obj
                0x10001fbc                irq_set_pending
 .text.irq_get_vtable_handler
                0x10001fcc       0x10 CMakeFiles/test_RTC_GPS.dir/D_/WORKSPACE/PSE2_RP2040/RP_2040/FW/pico-sdk/src/rp2_common/hardware_irq/irq.c.obj
                0x10001fcc                irq_get_vtable_handler
 .text.irq_set_exclusive_handler
                0x10001fdc       0x54 CMakeFiles/test_RTC_GPS.dir/D_/WORKSPACE/PSE2_RP2040/RP_2040/FW/pico-sdk/src/rp2_common/hardware_irq/irq.c.obj
                0x10001fdc                irq_set_exclusive_handler
 .text.irq_remove_handler
                0x10002030      0x1ac CMakeFiles/test_RTC_GPS.dir/D_/WORKSPACE/PSE2_RP2040/RP_2040/FW/pico-sdk/src/rp2_common/hardware_irq/irq.c.obj
                0x10002030                irq_remove_handler
 .text.irq_add_tail_to_free_list
                0x100021dc       0xf0 CMakeFiles/test_RTC_GPS.dir/D_/WORKSPACE/PSE2_RP2040/RP_2040/FW/pico-sdk/src/rp2_common/hardware_irq/irq.c.obj
                0x100021dc                irq_add_tail_to_free_list
 .text.irq_init_priorities
                0x100022cc       0x1c CMakeFiles/test_RTC_GPS.dir/D_/WORKSPACE/PSE2_RP2040/RP_2040/FW/pico-sdk/src/rp2_common/hardware_irq/irq.c.obj
                0x100022cc                irq_init_priorities
 .text.pll_init
                0x100022e8      0x118 CMakeFiles/test_RTC_GPS.dir/D_/WORKSPACE/PSE2_RP2040/RP_2040/FW/pico-sdk/src/rp2_common/hardware_pll/pll.c.obj
                0x100022e8                pll_init
 .text.watchdog_start_tick
                0x10002400       0x10 CMakeFiles/test_RTC_GPS.dir/D_/WORKSPACE/PSE2_RP2040/RP_2040/FW/pico-sdk/src/rp2_common/hardware_watchdog/watchdog.c.obj
                0x10002400                watchdog_start_tick
 .text.watchdog_update
                0x10002410       0x14 CMakeFiles/test_RTC_GPS.dir/D_/WORKSPACE/PSE2_RP2040/RP_2040/FW/pico-sdk/src/rp2_common/hardware_watchdog/watchdog.c.obj
                0x10002410                watchdog_update
 .text._watchdog_enable
                0x10002424       0x78 CMakeFiles/test_RTC_GPS.dir/D_/WORKSPACE/PSE2_RP2040/RP_2040/FW/pico-sdk/src/rp2_common/hardware_watchdog/watchdog.c.obj
                0x10002424                _watchdog_enable
 .text.watchdog_reboot
                0x1000249c       0x48 CMakeFiles/test_RTC_GPS.dir/D_/WORKSPACE/PSE2_RP2040/RP_2040/FW/pico-sdk/src/rp2_common/hardware_watchdog/watchdog.c.obj
                0x1000249c                watchdog_reboot
 .text.xosc_init
                0x100024e4       0x28 CMakeFiles/test_RTC_GPS.dir/D_/WORKSPACE/PSE2_RP2040/RP_2040/FW/pico-sdk/src/rp2_common/hardware_xosc/xosc.c.obj
                0x100024e4                xosc_init
 .text._out_null
                0x1000250c        0x2 CMakeFiles/test_RTC_GPS.dir/D_/WORKSPACE/PSE2_RP2040/RP_2040/FW/pico-sdk/src/rp2_common/pico_printf/printf.c.obj
 .text._out_fct
                0x1000250e        0xe CMakeFiles/test_RTC_GPS.dir/D_/WORKSPACE/PSE2_RP2040/RP_2040/FW/pico-sdk/src/rp2_common/pico_printf/printf.c.obj
 .text._atoi    0x1000251c       0x24 CMakeFiles/test_RTC_GPS.dir/D_/WORKSPACE/PSE2_RP2040/RP_2040/FW/pico-sdk/src/rp2_common/pico_printf/printf.c.obj
 .text._out_rev
                0x10002540       0xae CMakeFiles/test_RTC_GPS.dir/D_/WORKSPACE/PSE2_RP2040/RP_2040/FW/pico-sdk/src/rp2_common/pico_printf/printf.c.obj
 .text._ntoa_format
                0x100025ee      0x112 CMakeFiles/test_RTC_GPS.dir/D_/WORKSPACE/PSE2_RP2040/RP_2040/FW/pico-sdk/src/rp2_common/pico_printf/printf.c.obj
 .text._ntoa_long
                0x10002700       0xbc CMakeFiles/test_RTC_GPS.dir/D_/WORKSPACE/PSE2_RP2040/RP_2040/FW/pico-sdk/src/rp2_common/pico_printf/printf.c.obj
 .text._ntoa_long_long
                0x100027bc       0xe2 CMakeFiles/test_RTC_GPS.dir/D_/WORKSPACE/PSE2_RP2040/RP_2040/FW/pico-sdk/src/rp2_common/pico_printf/printf.c.obj
 *fill*         0x1000289e        0x2 
 .text._etoa    0x100028a0      0x414 CMakeFiles/test_RTC_GPS.dir/D_/WORKSPACE/PSE2_RP2040/RP_2040/FW/pico-sdk/src/rp2_common/pico_printf/printf.c.obj
 .text._ftoa    0x10002cb4      0x354 CMakeFiles/test_RTC_GPS.dir/D_/WORKSPACE/PSE2_RP2040/RP_2040/FW/pico-sdk/src/rp2_common/pico_printf/printf.c.obj
 .text._vsnprintf
                0x10003008      0x624 CMakeFiles/test_RTC_GPS.dir/D_/WORKSPACE/PSE2_RP2040/RP_2040/FW/pico-sdk/src/rp2_common/pico_printf/printf.c.obj
 .text.vfctprintf
                0x1000362c       0x20 CMakeFiles/test_RTC_GPS.dir/D_/WORKSPACE/PSE2_RP2040/RP_2040/FW/pico-sdk/src/rp2_common/pico_printf/printf.c.obj
                0x1000362c                vfctprintf
 .text          0x1000364c       0x10 CMakeFiles/test_RTC_GPS.dir/D_/WORKSPACE/PSE2_RP2040/RP_2040/FW/pico-sdk/src/rp2_common/pico_bit_ops/bit_ops_aeabi.S.obj
 .text.rom_func_lookup
                0x1000365c       0x10 CMakeFiles/test_RTC_GPS.dir/D_/WORKSPACE/PSE2_RP2040/RP_2040/FW/pico-sdk/src/rp2_common/pico_bootrom/bootrom.c.obj
                0x1000365c                rom_func_lookup
 .text.rom_data_lookup
                0x1000366c       0x10 CMakeFiles/test_RTC_GPS.dir/D_/WORKSPACE/PSE2_RP2040/RP_2040/FW/pico-sdk/src/rp2_common/pico_bootrom/bootrom.c.obj
                0x1000366c                rom_data_lookup
 .text.rom_funcs_lookup
                0x1000367c       0x36 CMakeFiles/test_RTC_GPS.dir/D_/WORKSPACE/PSE2_RP2040/RP_2040/FW/pico-sdk/src/rp2_common/pico_bootrom/bootrom.c.obj
                0x1000367c                rom_funcs_lookup
 *fill*         0x100036b2        0x2 
 .text.__wrap___aeabi_idiv
                0x100036b4       0x50 CMakeFiles/test_RTC_GPS.dir/D_/WORKSPACE/PSE2_RP2040/RP_2040/FW/pico-sdk/src/rp2_common/pico_divider/divider.S.obj
                0x100036b4                __wrap___aeabi_idivmod
                0x100036b4                divmod_s32s32
                0x100036b4                div_s32s32
                0x100036b4                __wrap___aeabi_idiv
                0x100036bc                divmod_s32s32_unsafe
                0x100036e8                divmod_s32s32_savestate
 .text.__wrap___aeabi_uidiv
                0x10003704       0x4c CMakeFiles/test_RTC_GPS.dir/D_/WORKSPACE/PSE2_RP2040/RP_2040/FW/pico-sdk/src/rp2_common/pico_divider/divider.S.obj
                0x10003704                __wrap___aeabi_uidiv
                0x10003704                __wrap___aeabi_uidivmod
                0x10003704                div_u32u32
                0x10003704                divmod_u32u32
                0x1000370c                divmod_u32u32_unsafe
                0x10003734                divmod_u32u32_savestate
 .text.__wrap___aeabi_ldiv
                0x10003750      0x434 CMakeFiles/test_RTC_GPS.dir/D_/WORKSPACE/PSE2_RP2040/RP_2040/FW/pico-sdk/src/rp2_common/pico_divider/divider.S.obj
                0x10003750                div_s64s64
                0x10003750                divmod_s64s64
                0x10003750                __wrap___aeabi_ldivmod
                0x10003788                divmod_u64u64
                0x10003788                div_u64u64
                0x10003788                __wrap___aeabi_uldivmod
                0x10003798                divmod_u64u64_savestate
                0x100037c0                divmod_s64s64_unsafe
                0x10003848                divmod_u64u64_unsafe
 .text.__wrap___aeabi_darithmetic
                0x10003b84       0x80 CMakeFiles/test_RTC_GPS.dir/D_/WORKSPACE/PSE2_RP2040/RP_2040/FW/pico-sdk/src/rp2_common/pico_double/double_aeabi.S.obj
                0x10003b84                __wrap___aeabi_drsub
                0x10003b8a                __wrap___aeabi_dsub
                0x10003b9c                __wrap___aeabi_dadd
                0x10003bae                __wrap___aeabi_ddiv
                0x10003bea                __wrap___aeabi_dmul
 .text.__wrap___aeabi_cdcmple
                0x10003c04       0x6c CMakeFiles/test_RTC_GPS.dir/D_/WORKSPACE/PSE2_RP2040/RP_2040/FW/pico-sdk/src/rp2_common/pico_double/double_aeabi.S.obj
                0x10003c04                __wrap___aeabi_cdrcmple
                0x10003c14                __wrap___aeabi_cdcmpeq
                0x10003c14                __wrap___aeabi_cdcmple
 .text.__wrap___aeabi_dcmplt
                0x10003c70        0xc CMakeFiles/test_RTC_GPS.dir/D_/WORKSPACE/PSE2_RP2040/RP_2040/FW/pico-sdk/src/rp2_common/pico_double/double_aeabi.S.obj
                0x10003c70                __wrap___aeabi_dcmplt
 .text.__wrap___aeabi_dcmple
                0x10003c7c       0x10 CMakeFiles/test_RTC_GPS.dir/D_/WORKSPACE/PSE2_RP2040/RP_2040/FW/pico-sdk/src/rp2_common/pico_double/double_aeabi.S.obj
                0x10003c7c                __wrap___aeabi_dcmple
 .text.__wrap___aeabi_dcmpge
                0x10003c8c       0x10 CMakeFiles/test_RTC_GPS.dir/D_/WORKSPACE/PSE2_RP2040/RP_2040/FW/pico-sdk/src/rp2_common/pico_double/double_aeabi.S.obj
                0x10003c8c                __wrap___aeabi_dcmpge
 .text.__wrap___aeabi_dcmpgt
                0x10003c9c        0xa CMakeFiles/test_RTC_GPS.dir/D_/WORKSPACE/PSE2_RP2040/RP_2040/FW/pico-sdk/src/rp2_common/pico_double/double_aeabi.S.obj
                0x10003c9c                __wrap___aeabi_dcmpgt
 .text.__wrap___aeabi_dcmpun
                0x10003ca6       0x1c CMakeFiles/test_RTC_GPS.dir/D_/WORKSPACE/PSE2_RP2040/RP_2040/FW/pico-sdk/src/rp2_common/pico_double/double_aeabi.S.obj
                0x10003ca6                __wrap___aeabi_dcmpun
 *fill*         0x10003cc2        0x2 
 .text.__wrap___aeabi_i2d
                0x10003cc4       0x38 CMakeFiles/test_RTC_GPS.dir/D_/WORKSPACE/PSE2_RP2040/RP_2040/FW/pico-sdk/src/rp2_common/pico_double/double_aeabi.S.obj
                0x10003cc4                __wrap___aeabi_ui2d
                0x10003ccc                __wrap___aeabi_i2d
 .text.__wrap___aeabi_d2iz
                0x10003cfc       0x48 CMakeFiles/test_RTC_GPS.dir/D_/WORKSPACE/PSE2_RP2040/RP_2040/FW/pico-sdk/src/rp2_common/pico_double/double_aeabi.S.obj
                0x10003cfc                double2int_z
                0x10003cfc                __wrap___aeabi_d2iz
 .text.__wrap___aeabi_d2uiz
                0x10003d44       0x18 CMakeFiles/test_RTC_GPS.dir/D_/WORKSPACE/PSE2_RP2040/RP_2040/FW/pico-sdk/src/rp2_common/pico_double/double_aeabi.S.obj
                0x10003d44                __wrap___aeabi_d2uiz
                0x10003d44                double2uint
 .text.__aeabi_double_init
                0x10003d5c       0xc8 CMakeFiles/test_RTC_GPS.dir/D_/WORKSPACE/PSE2_RP2040/RP_2040/FW/pico-sdk/src/rp2_common/pico_double/double_init_rom.c.obj
                0x10003d5c                __aeabi_double_init
 .text.double_table_shim_on_use_helper
                0x10003e24       0x34 CMakeFiles/test_RTC_GPS.dir/D_/WORKSPACE/PSE2_RP2040/RP_2040/FW/pico-sdk/src/rp2_common/pico_double/double_v1_rom_shim.S.obj
                0x10003e24                double_table_shim_on_use_helper
 .text.__wrap___aeabi_dsub
                0x10003e58       0x10 CMakeFiles/test_RTC_GPS.dir/D_/WORKSPACE/PSE2_RP2040/RP_2040/FW/pico-sdk/src/rp2_common/pico_double/double_v1_rom_shim.S.obj
                0x10003e58                drsub_shim
                0x10003e5e                dsub_shim
 .text.dadd_shim
                0x10003e68      0x15c CMakeFiles/test_RTC_GPS.dir/D_/WORKSPACE/PSE2_RP2040/RP_2040/FW/pico-sdk/src/rp2_common/pico_double/double_v1_rom_shim.S.obj
                0x10003e68                dadd_shim
 .text.dmul_shim
                0x10003fc4      0x15c CMakeFiles/test_RTC_GPS.dir/D_/WORKSPACE/PSE2_RP2040/RP_2040/FW/pico-sdk/src/rp2_common/pico_double/double_v1_rom_shim.S.obj
                0x10003fc4                dmul_shim
 .text.ddiv_shim
                0x10004120      0x1b0 CMakeFiles/test_RTC_GPS.dir/D_/WORKSPACE/PSE2_RP2040/RP_2040/FW/pico-sdk/src/rp2_common/pico_double/double_v1_rom_shim.S.obj
                0x10004120                ddiv_shim
 .text.double2uint_shim
                0x100042d0        0xe CMakeFiles/test_RTC_GPS.dir/D_/WORKSPACE/PSE2_RP2040/RP_2040/FW/pico-sdk/src/rp2_common/pico_double/double_v1_rom_shim.S.obj
                0x100042d0                double2uint_shim
                0x100042d2                double2ufix_shim
 *fill*         0x100042de        0x2 
 .text.double2uint64_shim
                0x100042e0       0x70 CMakeFiles/test_RTC_GPS.dir/D_/WORKSPACE/PSE2_RP2040/RP_2040/FW/pico-sdk/src/rp2_common/pico_double/double_v1_rom_shim.S.obj
                0x100042e0                double2uint64_shim
                0x100042e2                double2ufix64_shim
                0x10004302                d2fix_a
 .text.dunpacks
                0x10004350       0x3c CMakeFiles/test_RTC_GPS.dir/D_/WORKSPACE/PSE2_RP2040/RP_2040/FW/pico-sdk/src/rp2_common/pico_double/double_v1_rom_shim.S.obj
                0x10004350                dunpacks
 .text.__aeabi_lmul
                0x1000438c       0x32 CMakeFiles/test_RTC_GPS.dir/D_/WORKSPACE/PSE2_RP2040/RP_2040/FW/pico-sdk/src/rp2_common/pico_int64_ops/pico_int64_ops_aeabi.S.obj
                0x1000438c                __wrap___aeabi_lmul
 *fill*         0x100043be        0x2 
 .text.__aeabi_float_init
                0x100043c0       0xfc CMakeFiles/test_RTC_GPS.dir/D_/WORKSPACE/PSE2_RP2040/RP_2040/FW/pico-sdk/src/rp2_common/pico_float/float_init_rom.c.obj
                0x100043c0                __aeabi_float_init
 .text.float_table_shim_on_use_helper
                0x100044bc       0x34 CMakeFiles/test_RTC_GPS.dir/D_/WORKSPACE/PSE2_RP2040/RP_2040/FW/pico-sdk/src/rp2_common/pico_float/float_v1_rom_shim.S.obj
                0x100044bc                float_table_shim_on_use_helper
 .text          0x100044f0       0x10 CMakeFiles/test_RTC_GPS.dir/D_/WORKSPACE/PSE2_RP2040/RP_2040/FW/pico-sdk/src/rp2_common/pico_mem_ops/mem_ops_aeabi.S.obj
                0x100044f0                __aeabi_mem_init
 .text.memset   0x10004500        0xc CMakeFiles/test_RTC_GPS.dir/D_/WORKSPACE/PSE2_RP2040/RP_2040/FW/pico-sdk/src/rp2_common/pico_mem_ops/mem_ops_aeabi.S.obj
                0x10004500                __wrap_memset
 .text.memcpy   0x1000450c        0xc CMakeFiles/test_RTC_GPS.dir/D_/WORKSPACE/PSE2_RP2040/RP_2040/FW/pico-sdk/src/rp2_common/pico_mem_ops/mem_ops_aeabi.S.obj
                0x1000450c                __wrap_memcpy
                0x1000450c                __wrap___aeabi_memcpy
 .text.stdio_out_chars_no_crlf
                0x10004518        0xe CMakeFiles/test_RTC_GPS.dir/D_/WORKSPACE/PSE2_RP2040/RP_2040/FW/pico-sdk/src/rp2_common/pico_stdio/stdio.c.obj
 *fill*         0x10004526        0x2 
 .text.stdio_out_chars_crlf
                0x10004528       0x80 CMakeFiles/test_RTC_GPS.dir/D_/WORKSPACE/PSE2_RP2040/RP_2040/FW/pico-sdk/src/rp2_common/pico_stdio/stdio.c.obj
 .text.stdio_stack_buffer_flush
                0x100045a8       0x44 CMakeFiles/test_RTC_GPS.dir/D_/WORKSPACE/PSE2_RP2040/RP_2040/FW/pico-sdk/src/rp2_common/pico_stdio/stdio.c.obj
 .text.stdio_buffered_printer
                0x100045ec       0x20 CMakeFiles/test_RTC_GPS.dir/D_/WORKSPACE/PSE2_RP2040/RP_2040/FW/pico-sdk/src/rp2_common/pico_stdio/stdio.c.obj
 .text.stdout_serialize_begin
                0x1000460c       0x30 CMakeFiles/test_RTC_GPS.dir/D_/WORKSPACE/PSE2_RP2040/RP_2040/FW/pico-sdk/src/rp2_common/pico_stdio/stdio.c.obj
                0x1000460c                stdout_serialize_begin
 .text.stdout_serialize_end
                0x1000463c       0x10 CMakeFiles/test_RTC_GPS.dir/D_/WORKSPACE/PSE2_RP2040/RP_2040/FW/pico-sdk/src/rp2_common/pico_stdio/stdio.c.obj
                0x1000463c                stdout_serialize_end
 .text.stdio_put_string
                0x1000464c       0x98 CMakeFiles/test_RTC_GPS.dir/D_/WORKSPACE/PSE2_RP2040/RP_2040/FW/pico-sdk/src/rp2_common/pico_stdio/stdio.c.obj
 .text.stdio_set_driver_enabled
                0x100046e4       0x38 CMakeFiles/test_RTC_GPS.dir/D_/WORKSPACE/PSE2_RP2040/RP_2040/FW/pico-sdk/src/rp2_common/pico_stdio/stdio.c.obj
                0x100046e4                stdio_set_driver_enabled
 .text.stdio_flush
                0x1000471c       0x20 CMakeFiles/test_RTC_GPS.dir/D_/WORKSPACE/PSE2_RP2040/RP_2040/FW/pico-sdk/src/rp2_common/pico_stdio/stdio.c.obj
                0x1000471c                stdio_flush
 .text.__wrap_puts
                0x1000473c       0x1e CMakeFiles/test_RTC_GPS.dir/D_/WORKSPACE/PSE2_RP2040/RP_2040/FW/pico-sdk/src/rp2_common/pico_stdio/stdio.c.obj
                0x1000473c                __wrap_puts
 *fill*         0x1000475a        0x2 
 .text.__wrap_vprintf
                0x1000475c       0x44 CMakeFiles/test_RTC_GPS.dir/D_/WORKSPACE/PSE2_RP2040/RP_2040/FW/pico-sdk/src/rp2_common/pico_stdio/stdio.c.obj
                0x1000475c                __wrap_vprintf
 .text.__wrap_printf
                0x100047a0       0x18 CMakeFiles/test_RTC_GPS.dir/D_/WORKSPACE/PSE2_RP2040/RP_2040/FW/pico-sdk/src/rp2_common/pico_stdio/stdio.c.obj
                0x100047a0                __wrap_printf
 .text.stdio_init_all
                0x100047b8        0x8 CMakeFiles/test_RTC_GPS.dir/D_/WORKSPACE/PSE2_RP2040/RP_2040/FW/pico-sdk/src/rp2_common/pico_stdio/stdio.c.obj
                0x100047b8                stdio_init_all
 .text.resetd_init
                0x100047c0        0x2 CMakeFiles/test_RTC_GPS.dir/D_/WORKSPACE/PSE2_RP2040/RP_2040/FW/pico-sdk/src/rp2_common/pico_stdio_usb/reset_interface.c.obj
 *fill*         0x100047c2        0x2 
 .text.resetd_reset
                0x100047c4        0xc CMakeFiles/test_RTC_GPS.dir/D_/WORKSPACE/PSE2_RP2040/RP_2040/FW/pico-sdk/src/rp2_common/pico_stdio_usb/reset_interface.c.obj
 .text.resetd_open
                0x100047d0       0x34 CMakeFiles/test_RTC_GPS.dir/D_/WORKSPACE/PSE2_RP2040/RP_2040/FW/pico-sdk/src/rp2_common/pico_stdio_usb/reset_interface.c.obj
 .text.resetd_xfer_cb
                0x10004804        0x4 CMakeFiles/test_RTC_GPS.dir/D_/WORKSPACE/PSE2_RP2040/RP_2040/FW/pico-sdk/src/rp2_common/pico_stdio_usb/reset_interface.c.obj
 .text.reset_usb_boot
                0x10004808       0x18 CMakeFiles/test_RTC_GPS.dir/D_/WORKSPACE/PSE2_RP2040/RP_2040/FW/pico-sdk/src/rp2_common/pico_stdio_usb/reset_interface.c.obj
 .text.resetd_control_xfer_cb
                0x10004820       0x5c CMakeFiles/test_RTC_GPS.dir/D_/WORKSPACE/PSE2_RP2040/RP_2040/FW/pico-sdk/src/rp2_common/pico_stdio_usb/reset_interface.c.obj
 .text.usbd_app_driver_get_cb
                0x1000487c        0xc CMakeFiles/test_RTC_GPS.dir/D_/WORKSPACE/PSE2_RP2040/RP_2040/FW/pico-sdk/src/rp2_common/pico_stdio_usb/reset_interface.c.obj
                0x1000487c                usbd_app_driver_get_cb
 .text.tud_cdc_line_coding_cb
                0x10004888       0x28 CMakeFiles/test_RTC_GPS.dir/D_/WORKSPACE/PSE2_RP2040/RP_2040/FW/pico-sdk/src/rp2_common/pico_stdio_usb/reset_interface.c.obj
                0x10004888                tud_cdc_line_coding_cb
 .text.stdio_usb_in_chars
                0x100048b0       0x70 CMakeFiles/test_RTC_GPS.dir/D_/WORKSPACE/PSE2_RP2040/RP_2040/FW/pico-sdk/src/rp2_common/pico_stdio_usb/stdio_usb.c.obj
                0x100048b0                stdio_usb_in_chars
 .text.low_priority_worker_irq
                0x10004920       0x20 CMakeFiles/test_RTC_GPS.dir/D_/WORKSPACE/PSE2_RP2040/RP_2040/FW/pico-sdk/src/rp2_common/pico_stdio_usb/stdio_usb.c.obj
 .text.stdio_usb_out_chars
                0x10004940       0xd4 CMakeFiles/test_RTC_GPS.dir/D_/WORKSPACE/PSE2_RP2040/RP_2040/FW/pico-sdk/src/rp2_common/pico_stdio_usb/stdio_usb.c.obj
 .text.timer_task
                0x10004a14       0x10 CMakeFiles/test_RTC_GPS.dir/D_/WORKSPACE/PSE2_RP2040/RP_2040/FW/pico-sdk/src/rp2_common/pico_stdio_usb/stdio_usb.c.obj
 .text.stdio_usb_init
                0x10004a24       0xb8 CMakeFiles/test_RTC_GPS.dir/D_/WORKSPACE/PSE2_RP2040/RP_2040/FW/pico-sdk/src/rp2_common/pico_stdio_usb/stdio_usb.c.obj
                0x10004a24                stdio_usb_init
 .text.tud_descriptor_device_cb
                0x10004adc        0x8 CMakeFiles/test_RTC_GPS.dir/D_/WORKSPACE/PSE2_RP2040/RP_2040/FW/pico-sdk/src/rp2_common/pico_stdio_usb/stdio_usb_descriptors.c.obj
                0x10004adc                tud_descriptor_device_cb
 .text.tud_descriptor_configuration_cb
                0x10004ae4        0x8 CMakeFiles/test_RTC_GPS.dir/D_/WORKSPACE/PSE2_RP2040/RP_2040/FW/pico-sdk/src/rp2_common/pico_stdio_usb/stdio_usb_descriptors.c.obj
                0x10004ae4                tud_descriptor_configuration_cb
 .text.tud_descriptor_string_cb
                0x10004aec       0x6c CMakeFiles/test_RTC_GPS.dir/D_/WORKSPACE/PSE2_RP2040/RP_2040/FW/pico-sdk/src/rp2_common/pico_stdio_usb/stdio_usb_descriptors.c.obj
                0x10004aec                tud_descriptor_string_cb
 .text.hw_endpoint_get_by_addr
                0x10004b58       0x18 CMakeFiles/test_RTC_GPS.dir/D_/WORKSPACE/PSE2_RP2040/RP_2040/FW/pico-sdk/lib/tinyusb/src/portable/raspberrypi/rp2040/dcd_rp2040.c.obj
 .text.reset_ep0_pid
                0x10004b70       0x28 CMakeFiles/test_RTC_GPS.dir/D_/WORKSPACE/PSE2_RP2040/RP_2040/FW/pico-sdk/lib/tinyusb/src/portable/raspberrypi/rp2040/dcd_rp2040.c.obj
 .text._hw_endpoint_alloc
                0x10004b98       0x70 CMakeFiles/test_RTC_GPS.dir/D_/WORKSPACE/PSE2_RP2040/RP_2040/FW/pico-sdk/lib/tinyusb/src/portable/raspberrypi/rp2040/dcd_rp2040.c.obj
 .text.hw_endpoint_init
                0x10004c08       0x88 CMakeFiles/test_RTC_GPS.dir/D_/WORKSPACE/PSE2_RP2040/RP_2040/FW/pico-sdk/lib/tinyusb/src/portable/raspberrypi/rp2040/dcd_rp2040.c.obj
 .text.reset_non_control_endpoints
                0x10004c90       0x40 CMakeFiles/test_RTC_GPS.dir/D_/WORKSPACE/PSE2_RP2040/RP_2040/FW/pico-sdk/lib/tinyusb/src/portable/raspberrypi/rp2040/dcd_rp2040.c.obj
 .text.hw_handle_buff_status
                0x10004cd0       0x8c CMakeFiles/test_RTC_GPS.dir/D_/WORKSPACE/PSE2_RP2040/RP_2040/FW/pico-sdk/lib/tinyusb/src/portable/raspberrypi/rp2040/dcd_rp2040.c.obj
 .text.dcd_rp2040_irq
                0x10004d5c       0xc0 CMakeFiles/test_RTC_GPS.dir/D_/WORKSPACE/PSE2_RP2040/RP_2040/FW/pico-sdk/lib/tinyusb/src/portable/raspberrypi/rp2040/dcd_rp2040.c.obj
 .text.hw_endpoint_xfer
                0x10004e1c       0x14 CMakeFiles/test_RTC_GPS.dir/D_/WORKSPACE/PSE2_RP2040/RP_2040/FW/pico-sdk/lib/tinyusb/src/portable/raspberrypi/rp2040/dcd_rp2040.c.obj
 .text.dcd_int_enable
                0x10004e30       0x2c CMakeFiles/test_RTC_GPS.dir/D_/WORKSPACE/PSE2_RP2040/RP_2040/FW/pico-sdk/lib/tinyusb/src/portable/raspberrypi/rp2040/dcd_rp2040.c.obj
                0x10004e30                dcd_int_enable
 .text.dcd_set_address
                0x10004e5c       0x2c CMakeFiles/test_RTC_GPS.dir/D_/WORKSPACE/PSE2_RP2040/RP_2040/FW/pico-sdk/lib/tinyusb/src/portable/raspberrypi/rp2040/dcd_rp2040.c.obj
                0x10004e5c                dcd_set_address
 .text.dcd_connect
                0x10004e88       0x10 CMakeFiles/test_RTC_GPS.dir/D_/WORKSPACE/PSE2_RP2040/RP_2040/FW/pico-sdk/lib/tinyusb/src/portable/raspberrypi/rp2040/dcd_rp2040.c.obj
                0x10004e88                dcd_connect
 .text.dcd_init
                0x10004e98       0x7c CMakeFiles/test_RTC_GPS.dir/D_/WORKSPACE/PSE2_RP2040/RP_2040/FW/pico-sdk/lib/tinyusb/src/portable/raspberrypi/rp2040/dcd_rp2040.c.obj
                0x10004e98                dcd_init
 .text.dcd_edpt0_status_complete
                0x10004f14       0x1c CMakeFiles/test_RTC_GPS.dir/D_/WORKSPACE/PSE2_RP2040/RP_2040/FW/pico-sdk/lib/tinyusb/src/portable/raspberrypi/rp2040/dcd_rp2040.c.obj
                0x10004f14                dcd_edpt0_status_complete
 .text.dcd_edpt_open
                0x10004f30       0x40 CMakeFiles/test_RTC_GPS.dir/D_/WORKSPACE/PSE2_RP2040/RP_2040/FW/pico-sdk/lib/tinyusb/src/portable/raspberrypi/rp2040/dcd_rp2040.c.obj
                0x10004f30                dcd_edpt_open
 .text.dcd_edpt_close_all
                0x10004f70        0x8 CMakeFiles/test_RTC_GPS.dir/D_/WORKSPACE/PSE2_RP2040/RP_2040/FW/pico-sdk/lib/tinyusb/src/portable/raspberrypi/rp2040/dcd_rp2040.c.obj
                0x10004f70                dcd_edpt_close_all
 .text.dcd_edpt_xfer
                0x10004f78       0x30 CMakeFiles/test_RTC_GPS.dir/D_/WORKSPACE/PSE2_RP2040/RP_2040/FW/pico-sdk/lib/tinyusb/src/portable/raspberrypi/rp2040/dcd_rp2040.c.obj
                0x10004f78                dcd_edpt_xfer
 .text.dcd_edpt_stall
                0x10004fa8       0x2c CMakeFiles/test_RTC_GPS.dir/D_/WORKSPACE/PSE2_RP2040/RP_2040/FW/pico-sdk/lib/tinyusb/src/portable/raspberrypi/rp2040/dcd_rp2040.c.obj
                0x10004fa8                dcd_edpt_stall
 .text.dcd_edpt_clear_stall
                0x10004fd4       0x20 CMakeFiles/test_RTC_GPS.dir/D_/WORKSPACE/PSE2_RP2040/RP_2040/FW/pico-sdk/lib/tinyusb/src/portable/raspberrypi/rp2040/dcd_rp2040.c.obj
                0x10004fd4                dcd_edpt_clear_stall
 .text.prepare_ep_buffer
                0x10004ff4       0x70 CMakeFiles/test_RTC_GPS.dir/D_/WORKSPACE/PSE2_RP2040/RP_2040/FW/pico-sdk/lib/tinyusb/src/portable/raspberrypi/rp2040/rp2040_usb.c.obj
 .text.sync_ep_buffer
                0x10005064       0x7c CMakeFiles/test_RTC_GPS.dir/D_/WORKSPACE/PSE2_RP2040/RP_2040/FW/pico-sdk/lib/tinyusb/src/portable/raspberrypi/rp2040/rp2040_usb.c.obj
 .text._hw_endpoint_xfer_sync
                0x100050e0       0x28 CMakeFiles/test_RTC_GPS.dir/D_/WORKSPACE/PSE2_RP2040/RP_2040/FW/pico-sdk/lib/tinyusb/src/portable/raspberrypi/rp2040/rp2040_usb.c.obj
 .text.rp2040_usb_init
                0x10005108       0x4c CMakeFiles/test_RTC_GPS.dir/D_/WORKSPACE/PSE2_RP2040/RP_2040/FW/pico-sdk/lib/tinyusb/src/portable/raspberrypi/rp2040/rp2040_usb.c.obj
                0x10005108                rp2040_usb_init
 .text.hw_endpoint_reset_transfer
                0x10005154        0xc CMakeFiles/test_RTC_GPS.dir/D_/WORKSPACE/PSE2_RP2040/RP_2040/FW/pico-sdk/lib/tinyusb/src/portable/raspberrypi/rp2040/rp2040_usb.c.obj
                0x10005154                hw_endpoint_reset_transfer
 .text._hw_endpoint_buffer_control_update32
                0x10005160       0x58 CMakeFiles/test_RTC_GPS.dir/D_/WORKSPACE/PSE2_RP2040/RP_2040/FW/pico-sdk/lib/tinyusb/src/portable/raspberrypi/rp2040/rp2040_usb.c.obj
                0x10005160                _hw_endpoint_buffer_control_update32
 .text._hw_endpoint_start_next_buffer
                0x100051b8       0x74 CMakeFiles/test_RTC_GPS.dir/D_/WORKSPACE/PSE2_RP2040/RP_2040/FW/pico-sdk/lib/tinyusb/src/portable/raspberrypi/rp2040/rp2040_usb.c.obj
 .text.hw_endpoint_xfer_start
                0x1000522c       0x48 CMakeFiles/test_RTC_GPS.dir/D_/WORKSPACE/PSE2_RP2040/RP_2040/FW/pico-sdk/lib/tinyusb/src/portable/raspberrypi/rp2040/rp2040_usb.c.obj
                0x1000522c                hw_endpoint_xfer_start
 .text.hw_endpoint_xfer_continue
                0x10005274       0x38 CMakeFiles/test_RTC_GPS.dir/D_/WORKSPACE/PSE2_RP2040/RP_2040/FW/pico-sdk/lib/tinyusb/src/portable/raspberrypi/rp2040/rp2040_usb.c.obj
                0x10005274                hw_endpoint_xfer_continue
 .text.configuration_reset
                0x100052ac       0x84 CMakeFiles/test_RTC_GPS.dir/D_/WORKSPACE/PSE2_RP2040/RP_2040/FW/pico-sdk/lib/tinyusb/src/device/usbd.c.obj
 .text.usbd_reset
                0x10005330        0xc CMakeFiles/test_RTC_GPS.dir/D_/WORKSPACE/PSE2_RP2040/RP_2040/FW/pico-sdk/lib/tinyusb/src/device/usbd.c.obj
 .text.invoke_class_control
                0x1000533c       0x1a CMakeFiles/test_RTC_GPS.dir/D_/WORKSPACE/PSE2_RP2040/RP_2040/FW/pico-sdk/lib/tinyusb/src/device/usbd.c.obj
 *fill*         0x10005356        0x2 
 .text.process_set_config
                0x10005358      0x1b0 CMakeFiles/test_RTC_GPS.dir/D_/WORKSPACE/PSE2_RP2040/RP_2040/FW/pico-sdk/lib/tinyusb/src/device/usbd.c.obj
 .text.process_get_descriptor
                0x10005508       0xec CMakeFiles/test_RTC_GPS.dir/D_/WORKSPACE/PSE2_RP2040/RP_2040/FW/pico-sdk/lib/tinyusb/src/device/usbd.c.obj
 .text.tud_mounted
                0x100055f4       0x10 CMakeFiles/test_RTC_GPS.dir/D_/WORKSPACE/PSE2_RP2040/RP_2040/FW/pico-sdk/lib/tinyusb/src/device/usbd.c.obj
                0x100055f4                tud_mounted
 .text.tud_suspended
                0x10005604       0x10 CMakeFiles/test_RTC_GPS.dir/D_/WORKSPACE/PSE2_RP2040/RP_2040/FW/pico-sdk/lib/tinyusb/src/device/usbd.c.obj
                0x10005604                tud_suspended
 .text.tud_inited
                0x10005614        0xc CMakeFiles/test_RTC_GPS.dir/D_/WORKSPACE/PSE2_RP2040/RP_2040/FW/pico-sdk/lib/tinyusb/src/device/usbd.c.obj
                0x10005614                tud_inited
 .text.tud_init
                0x10005620       0xcc CMakeFiles/test_RTC_GPS.dir/D_/WORKSPACE/PSE2_RP2040/RP_2040/FW/pico-sdk/lib/tinyusb/src/device/usbd.c.obj
                0x10005620                tud_init
 .text.dcd_event_handler
                0x100056ec      0x1e0 CMakeFiles/test_RTC_GPS.dir/D_/WORKSPACE/PSE2_RP2040/RP_2040/FW/pico-sdk/lib/tinyusb/src/device/usbd.c.obj
                0x100056ec                dcd_event_handler
 .text.dcd_event_bus_signal
                0x100058cc       0x26 CMakeFiles/test_RTC_GPS.dir/D_/WORKSPACE/PSE2_RP2040/RP_2040/FW/pico-sdk/lib/tinyusb/src/device/usbd.c.obj
                0x100058cc                dcd_event_bus_signal
 .text.dcd_event_bus_reset
                0x100058f2       0x2a CMakeFiles/test_RTC_GPS.dir/D_/WORKSPACE/PSE2_RP2040/RP_2040/FW/pico-sdk/lib/tinyusb/src/device/usbd.c.obj
                0x100058f2                dcd_event_bus_reset
 .text.dcd_event_setup_received
                0x1000591c       0x34 CMakeFiles/test_RTC_GPS.dir/D_/WORKSPACE/PSE2_RP2040/RP_2040/FW/pico-sdk/lib/tinyusb/src/device/usbd.c.obj
                0x1000591c                dcd_event_setup_received
 .text.dcd_event_xfer_complete
                0x10005950       0x44 CMakeFiles/test_RTC_GPS.dir/D_/WORKSPACE/PSE2_RP2040/RP_2040/FW/pico-sdk/lib/tinyusb/src/device/usbd.c.obj
                0x10005950                dcd_event_xfer_complete
 .text.usbd_edpt_open
                0x10005994       0x58 CMakeFiles/test_RTC_GPS.dir/D_/WORKSPACE/PSE2_RP2040/RP_2040/FW/pico-sdk/lib/tinyusb/src/device/usbd.c.obj
                0x10005994                usbd_edpt_open
 .text.usbd_open_edpt_pair
                0x100059ec       0x8c CMakeFiles/test_RTC_GPS.dir/D_/WORKSPACE/PSE2_RP2040/RP_2040/FW/pico-sdk/lib/tinyusb/src/device/usbd.c.obj
                0x100059ec                usbd_open_edpt_pair
 .text.usbd_edpt_claim
                0x10005a78       0x8c CMakeFiles/test_RTC_GPS.dir/D_/WORKSPACE/PSE2_RP2040/RP_2040/FW/pico-sdk/lib/tinyusb/src/device/usbd.c.obj
                0x10005a78                usbd_edpt_claim
 .text.usbd_edpt_release
                0x10005b04       0x68 CMakeFiles/test_RTC_GPS.dir/D_/WORKSPACE/PSE2_RP2040/RP_2040/FW/pico-sdk/lib/tinyusb/src/device/usbd.c.obj
                0x10005b04                usbd_edpt_release
 .text.usbd_edpt_xfer
                0x10005b6c       0x80 CMakeFiles/test_RTC_GPS.dir/D_/WORKSPACE/PSE2_RP2040/RP_2040/FW/pico-sdk/lib/tinyusb/src/device/usbd.c.obj
                0x10005b6c                usbd_edpt_xfer
 .text.usbd_edpt_stall
                0x10005bec       0x40 CMakeFiles/test_RTC_GPS.dir/D_/WORKSPACE/PSE2_RP2040/RP_2040/FW/pico-sdk/lib/tinyusb/src/device/usbd.c.obj
                0x10005bec                usbd_edpt_stall
 .text.usbd_edpt_clear_stall
                0x10005c2c       0x40 CMakeFiles/test_RTC_GPS.dir/D_/WORKSPACE/PSE2_RP2040/RP_2040/FW/pico-sdk/lib/tinyusb/src/device/usbd.c.obj
                0x10005c2c                usbd_edpt_clear_stall
 .text.usbd_edpt_stalled
                0x10005c6c       0x1c CMakeFiles/test_RTC_GPS.dir/D_/WORKSPACE/PSE2_RP2040/RP_2040/FW/pico-sdk/lib/tinyusb/src/device/usbd.c.obj
                0x10005c6c                usbd_edpt_stalled
 .text.process_control_request
                0x10005c88      0x3b8 CMakeFiles/test_RTC_GPS.dir/D_/WORKSPACE/PSE2_RP2040/RP_2040/FW/pico-sdk/lib/tinyusb/src/device/usbd.c.obj
 .text.tud_task
                0x10006040      0x218 CMakeFiles/test_RTC_GPS.dir/D_/WORKSPACE/PSE2_RP2040/RP_2040/FW/pico-sdk/lib/tinyusb/src/device/usbd.c.obj
                0x10006040                tud_task
 .text._data_stage_xact
                0x10006258       0x58 CMakeFiles/test_RTC_GPS.dir/D_/WORKSPACE/PSE2_RP2040/RP_2040/FW/pico-sdk/lib/tinyusb/src/device/usbd_control.c.obj
 .text.tud_control_status
                0x100062b0       0x38 CMakeFiles/test_RTC_GPS.dir/D_/WORKSPACE/PSE2_RP2040/RP_2040/FW/pico-sdk/lib/tinyusb/src/device/usbd_control.c.obj
                0x100062b0                tud_control_status
 .text.tud_control_xfer
                0x100062e8       0xa8 CMakeFiles/test_RTC_GPS.dir/D_/WORKSPACE/PSE2_RP2040/RP_2040/FW/pico-sdk/lib/tinyusb/src/device/usbd_control.c.obj
                0x100062e8                tud_control_xfer
 .text.usbd_control_reset
                0x10006390       0x14 CMakeFiles/test_RTC_GPS.dir/D_/WORKSPACE/PSE2_RP2040/RP_2040/FW/pico-sdk/lib/tinyusb/src/device/usbd_control.c.obj
                0x10006390                usbd_control_reset
 .text.usbd_control_set_complete_callback
                0x100063a4        0xc CMakeFiles/test_RTC_GPS.dir/D_/WORKSPACE/PSE2_RP2040/RP_2040/FW/pico-sdk/lib/tinyusb/src/device/usbd_control.c.obj
                0x100063a4                usbd_control_set_complete_callback
 .text.usbd_control_set_request
                0x100063b0       0x1c CMakeFiles/test_RTC_GPS.dir/D_/WORKSPACE/PSE2_RP2040/RP_2040/FW/pico-sdk/lib/tinyusb/src/device/usbd_control.c.obj
                0x100063b0                usbd_control_set_request
 .text.usbd_control_xfer_cb
                0x100063cc       0xfc CMakeFiles/test_RTC_GPS.dir/D_/WORKSPACE/PSE2_RP2040/RP_2040/FW/pico-sdk/lib/tinyusb/src/device/usbd_control.c.obj
                0x100063cc                usbd_control_xfer_cb
 .text._prep_out_transaction
                0x100064c8       0x46 CMakeFiles/test_RTC_GPS.dir/D_/WORKSPACE/PSE2_RP2040/RP_2040/FW/pico-sdk/lib/tinyusb/src/class/cdc/cdc_device.c.obj
 *fill*         0x1000650e        0x2 
 .text.tud_cdc_n_connected
                0x10006510       0x44 CMakeFiles/test_RTC_GPS.dir/D_/WORKSPACE/PSE2_RP2040/RP_2040/FW/pico-sdk/lib/tinyusb/src/class/cdc/cdc_device.c.obj
                0x10006510                tud_cdc_n_connected
 .text.tud_cdc_n_available
                0x10006554       0x18 CMakeFiles/test_RTC_GPS.dir/D_/WORKSPACE/PSE2_RP2040/RP_2040/FW/pico-sdk/lib/tinyusb/src/class/cdc/cdc_device.c.obj
                0x10006554                tud_cdc_n_available
 .text.tud_cdc_n_read
                0x1000656c       0x28 CMakeFiles/test_RTC_GPS.dir/D_/WORKSPACE/PSE2_RP2040/RP_2040/FW/pico-sdk/lib/tinyusb/src/class/cdc/cdc_device.c.obj
                0x1000656c                tud_cdc_n_read
 .text.tud_cdc_n_write_flush
                0x10006594       0xcc CMakeFiles/test_RTC_GPS.dir/D_/WORKSPACE/PSE2_RP2040/RP_2040/FW/pico-sdk/lib/tinyusb/src/class/cdc/cdc_device.c.obj
                0x10006594                tud_cdc_n_write_flush
 .text.tud_cdc_n_write
                0x10006660       0x38 CMakeFiles/test_RTC_GPS.dir/D_/WORKSPACE/PSE2_RP2040/RP_2040/FW/pico-sdk/lib/tinyusb/src/class/cdc/cdc_device.c.obj
                0x10006660                tud_cdc_n_write
 .text.tud_cdc_n_write_available
                0x10006698       0x1c CMakeFiles/test_RTC_GPS.dir/D_/WORKSPACE/PSE2_RP2040/RP_2040/FW/pico-sdk/lib/tinyusb/src/class/cdc/cdc_device.c.obj
                0x10006698                tud_cdc_n_write_available
 .text.cdcd_init
                0x100066b4       0xbc CMakeFiles/test_RTC_GPS.dir/D_/WORKSPACE/PSE2_RP2040/RP_2040/FW/pico-sdk/lib/tinyusb/src/class/cdc/cdc_device.c.obj
                0x100066b4                cdcd_init
 .text.cdcd_reset
                0x10006770       0x44 CMakeFiles/test_RTC_GPS.dir/D_/WORKSPACE/PSE2_RP2040/RP_2040/FW/pico-sdk/lib/tinyusb/src/class/cdc/cdc_device.c.obj
                0x10006770                cdcd_reset
 .text.cdcd_open
                0x100067b4       0xf8 CMakeFiles/test_RTC_GPS.dir/D_/WORKSPACE/PSE2_RP2040/RP_2040/FW/pico-sdk/lib/tinyusb/src/class/cdc/cdc_device.c.obj
                0x100067b4                cdcd_open
 .text.cdcd_control_xfer_cb
                0x100068ac      0x134 CMakeFiles/test_RTC_GPS.dir/D_/WORKSPACE/PSE2_RP2040/RP_2040/FW/pico-sdk/lib/tinyusb/src/class/cdc/cdc_device.c.obj
                0x100068ac                cdcd_control_xfer_cb
 .text.cdcd_xfer_cb
                0x100069e0      0x144 CMakeFiles/test_RTC_GPS.dir/D_/WORKSPACE/PSE2_RP2040/RP_2040/FW/pico-sdk/lib/tinyusb/src/class/cdc/cdc_device.c.obj
                0x100069e0                cdcd_xfer_cb
 .text.tusb_init
                0x10006b24       0x24 CMakeFiles/test_RTC_GPS.dir/D_/WORKSPACE/PSE2_RP2040/RP_2040/FW/pico-sdk/lib/tinyusb/src/tusb.c.obj
                0x10006b24                tusb_init
 .text.tusb_inited
                0x10006b48        0xe CMakeFiles/test_RTC_GPS.dir/D_/WORKSPACE/PSE2_RP2040/RP_2040/FW/pico-sdk/lib/tinyusb/src/tusb.c.obj
                0x10006b48                tusb_inited
 *fill*         0x10006b56        0x2 
 .text.tu_edpt_validate
                0x10006b58       0xa8 CMakeFiles/test_RTC_GPS.dir/D_/WORKSPACE/PSE2_RP2040/RP_2040/FW/pico-sdk/lib/tinyusb/src/tusb.c.obj
                0x10006b58                tu_edpt_validate
 .text.tu_edpt_bind_driver
                0x10006c00       0x2a CMakeFiles/test_RTC_GPS.dir/D_/WORKSPACE/PSE2_RP2040/RP_2040/FW/pico-sdk/lib/tinyusb/src/tusb.c.obj
                0x10006c00                tu_edpt_bind_driver
 .text.advance_pointer
                0x10006c2a       0x18 CMakeFiles/test_RTC_GPS.dir/D_/WORKSPACE/PSE2_RP2040/RP_2040/FW/pico-sdk/lib/tinyusb/src/common/tusb_fifo.c.obj
 .text.backward_pointer
                0x10006c42       0x1e CMakeFiles/test_RTC_GPS.dir/D_/WORKSPACE/PSE2_RP2040/RP_2040/FW/pico-sdk/lib/tinyusb/src/common/tusb_fifo.c.obj
 .text.get_relative_pointer
                0x10006c60       0x10 CMakeFiles/test_RTC_GPS.dir/D_/WORKSPACE/PSE2_RP2040/RP_2040/FW/pico-sdk/lib/tinyusb/src/common/tusb_fifo.c.obj
 .text._tu_fifo_peek
                0x10006c70       0x50 CMakeFiles/test_RTC_GPS.dir/D_/WORKSPACE/PSE2_RP2040/RP_2040/FW/pico-sdk/lib/tinyusb/src/common/tusb_fifo.c.obj
 .text._ff_pull_const_addr
                0x10006cc0       0x4c CMakeFiles/test_RTC_GPS.dir/D_/WORKSPACE/PSE2_RP2040/RP_2040/FW/pico-sdk/lib/tinyusb/src/common/tusb_fifo.c.obj
 .text._ff_pull_n
                0x10006d0c      0x10c CMakeFiles/test_RTC_GPS.dir/D_/WORKSPACE/PSE2_RP2040/RP_2040/FW/pico-sdk/lib/tinyusb/src/common/tusb_fifo.c.obj
 .text._tu_fifo_peek_n
                0x10006e18       0x5e CMakeFiles/test_RTC_GPS.dir/D_/WORKSPACE/PSE2_RP2040/RP_2040/FW/pico-sdk/lib/tinyusb/src/common/tusb_fifo.c.obj
 .text._tu_fifo_read_n
                0x10006e76       0x4e CMakeFiles/test_RTC_GPS.dir/D_/WORKSPACE/PSE2_RP2040/RP_2040/FW/pico-sdk/lib/tinyusb/src/common/tusb_fifo.c.obj
 .text._ff_push_const_addr
                0x10006ec4       0x40 CMakeFiles/test_RTC_GPS.dir/D_/WORKSPACE/PSE2_RP2040/RP_2040/FW/pico-sdk/lib/tinyusb/src/common/tusb_fifo.c.obj
 .text._ff_push_n
                0x10006f04      0x108 CMakeFiles/test_RTC_GPS.dir/D_/WORKSPACE/PSE2_RP2040/RP_2040/FW/pico-sdk/lib/tinyusb/src/common/tusb_fifo.c.obj
 .text._tu_fifo_write_n
                0x1000700c       0x9e CMakeFiles/test_RTC_GPS.dir/D_/WORKSPACE/PSE2_RP2040/RP_2040/FW/pico-sdk/lib/tinyusb/src/common/tusb_fifo.c.obj
 .text.tu_fifo_config
                0x100070aa       0x72 CMakeFiles/test_RTC_GPS.dir/D_/WORKSPACE/PSE2_RP2040/RP_2040/FW/pico-sdk/lib/tinyusb/src/common/tusb_fifo.c.obj
                0x100070aa                tu_fifo_config
 .text.tu_fifo_count
                0x1000711c       0x26 CMakeFiles/test_RTC_GPS.dir/D_/WORKSPACE/PSE2_RP2040/RP_2040/FW/pico-sdk/lib/tinyusb/src/common/tusb_fifo.c.obj
                0x1000711c                tu_fifo_count
 .text.tu_fifo_empty
                0x10007142       0x10 CMakeFiles/test_RTC_GPS.dir/D_/WORKSPACE/PSE2_RP2040/RP_2040/FW/pico-sdk/lib/tinyusb/src/common/tusb_fifo.c.obj
                0x10007142                tu_fifo_empty
 .text.tu_fifo_remaining
                0x10007152       0x20 CMakeFiles/test_RTC_GPS.dir/D_/WORKSPACE/PSE2_RP2040/RP_2040/FW/pico-sdk/lib/tinyusb/src/common/tusb_fifo.c.obj
                0x10007152                tu_fifo_remaining
 .text.tu_fifo_read
                0x10007172       0x42 CMakeFiles/test_RTC_GPS.dir/D_/WORKSPACE/PSE2_RP2040/RP_2040/FW/pico-sdk/lib/tinyusb/src/common/tusb_fifo.c.obj
                0x10007172                tu_fifo_read
 .text.tu_fifo_read_n
                0x100071b4        0xa CMakeFiles/test_RTC_GPS.dir/D_/WORKSPACE/PSE2_RP2040/RP_2040/FW/pico-sdk/lib/tinyusb/src/common/tusb_fifo.c.obj
                0x100071b4                tu_fifo_read_n
 .text.tu_fifo_write
                0x100071be       0x6c CMakeFiles/test_RTC_GPS.dir/D_/WORKSPACE/PSE2_RP2040/RP_2040/FW/pico-sdk/lib/tinyusb/src/common/tusb_fifo.c.obj
                0x100071be                tu_fifo_write
 .text.tu_fifo_write_n
                0x1000722a        0xa CMakeFiles/test_RTC_GPS.dir/D_/WORKSPACE/PSE2_RP2040/RP_2040/FW/pico-sdk/lib/tinyusb/src/common/tusb_fifo.c.obj
                0x1000722a                tu_fifo_write_n
 .text.tu_fifo_clear
                0x10007234       0x4c CMakeFiles/test_RTC_GPS.dir/D_/WORKSPACE/PSE2_RP2040/RP_2040/FW/pico-sdk/lib/tinyusb/src/common/tusb_fifo.c.obj
                0x10007234                tu_fifo_clear
 .text.tu_fifo_set_overwritable
                0x10007280       0x3c CMakeFiles/test_RTC_GPS.dir/D_/WORKSPACE/PSE2_RP2040/RP_2040/FW/pico-sdk/lib/tinyusb/src/common/tusb_fifo.c.obj
                0x10007280                tu_fifo_set_overwritable
 .text._retrieve_unique_id_on_boot
                0x100072bc       0x10 CMakeFiles/test_RTC_GPS.dir/D_/WORKSPACE/PSE2_RP2040/RP_2040/FW/pico-sdk/src/rp2_common/pico_unique_id/unique_id.c.obj
 .text.pico_get_unique_board_id_string
                0x100072cc       0x60 CMakeFiles/test_RTC_GPS.dir/D_/WORKSPACE/PSE2_RP2040/RP_2040/FW/pico-sdk/src/rp2_common/pico_unique_id/unique_id.c.obj
                0x100072cc                pico_get_unique_board_id_string
 .text.flash_get_unique_id
                0x1000732c       0x46 CMakeFiles/test_RTC_GPS.dir/D_/WORKSPACE/PSE2_RP2040/RP_2040/FW/pico-sdk/src/rp2_common/hardware_flash/flash.c.obj
                0x1000732c                flash_get_unique_id
 *fill*         0x10007372        0x2 
 .text.i2c_set_baudrate
                0x10007374       0xf0 CMakeFiles/test_RTC_GPS.dir/D_/WORKSPACE/PSE2_RP2040/RP_2040/FW/pico-sdk/src/rp2_common/hardware_i2c/i2c.c.obj
                0x10007374                i2c_set_baudrate
 .text.i2c_init
                0x10007464       0x58 CMakeFiles/test_RTC_GPS.dir/D_/WORKSPACE/PSE2_RP2040/RP_2040/FW/pico-sdk/src/rp2_common/hardware_i2c/i2c.c.obj
                0x10007464                i2c_init
 .text.strlen   0x100074bc       0x5c d:/program files/gnu arm embedded toolchain/10 2021.10/bin/../lib/gcc/arm-none-eabi/10.3.1/../../../../arm-none-eabi/lib/thumb/v6-m/nofp\libg.a(lib_a-strlen-stub.o)
                0x100074bc                strlen
 *(.fini)
 .fini          0x10007518        0x4 d:/program files/gnu arm embedded toolchain/10 2021.10/bin/../lib/gcc/arm-none-eabi/10.3.1/thumb/v6-m/nofp/crti.o
                0x10007518                _fini
 *fill*         0x1000751c        0x4 
 .fini.__stub   0x10007520       0x70 linker stubs
 *crtbegin.o(.ctors)
 *crtbegin?.o(.ctors)
 *(EXCLUDE_FILE(*crtend.o *crtend?.o) .ctors)
 *(SORT_BY_NAME(.ctors.*))
 *(.ctors)
 *crtbegin.o(.dtors)
 *crtbegin?.o(.dtors)
 *(EXCLUDE_FILE(*crtend.o *crtend?.o) .dtors)
 *(SORT_BY_NAME(.dtors.*))
 *(.dtors)
 *(.eh_frame*)
 .eh_frame      0x10007590        0x0 d:/program files/gnu arm embedded toolchain/10 2021.10/bin/../lib/gcc/arm-none-eabi/10.3.1/thumb/v6-m/nofp/crtbegin.o
                0x10007590                . = ALIGN (0x4)

.glue_7         0x10007590        0x0
 .glue_7        0x10007590        0x0 linker stubs

.glue_7t        0x10007590        0x0
 .glue_7t       0x10007590        0x0 linker stubs

.vfp11_veneer   0x10007590        0x0
 .vfp11_veneer  0x10007590        0x0 linker stubs

.v4_bx          0x10007590        0x0
 .v4_bx         0x10007590        0x0 linker stubs

.iplt           0x10007590        0x0
 .iplt          0x10007590        0x0 d:/program files/gnu arm embedded toolchain/10 2021.10/bin/../lib/gcc/arm-none-eabi/10.3.1/thumb/v6-m/nofp/crtbegin.o

.rodata         0x10007590     0x1738
 *(EXCLUDE_FILE(*libm.a: *libc.a:*lib_a-mem*.o *libgcc.a:) .rodata*)
 .rodata.spin_lock_claim_unused.str1.4
                0x10007590       0x1b CMakeFiles/test_RTC_GPS.dir/D_/WORKSPACE/PSE2_RP2040/RP_2040/FW/pico-sdk/src/rp2_common/hardware_sync/sync.c.obj
 *fill*         0x100075ab        0x1 
 .rodata.repeating_timer_callback.str1.4
                0x100075ac       0x5d CMakeFiles/test_RTC_GPS.dir/D_/WORKSPACE/PSE2_RP2040/RP_2040/FW/pico-sdk/src/common/pico_time/time.c.obj
 *fill*         0x10007609        0x3 
 .rodata.alarm_pool_dump_key.str1.4
                0x1000760c       0x33 CMakeFiles/test_RTC_GPS.dir/D_/WORKSPACE/PSE2_RP2040/RP_2040/FW/pico-sdk/src/common/pico_time/time.c.obj
 *fill*         0x1000763f        0x1 
 .rodata.ph_add_child_node.str1.4
                0x10007640       0xa6 CMakeFiles/test_RTC_GPS.dir/D_/WORKSPACE/PSE2_RP2040/RP_2040/FW/pico-sdk/src/common/pico_time/time.c.obj
 *fill*         0x100076e6        0x2 
 .rodata.add_alarm_under_lock.str1.4
                0x100076e8       0x28 CMakeFiles/test_RTC_GPS.dir/D_/WORKSPACE/PSE2_RP2040/RP_2040/FW/pico-sdk/src/common/pico_time/time.c.obj
                                 0x2b (size before relaxing)
 .rodata.alarm_pool_alarm_callback.str1.4
                0x10007710       0xf6 CMakeFiles/test_RTC_GPS.dir/D_/WORKSPACE/PSE2_RP2040/RP_2040/FW/pico-sdk/src/common/pico_time/time.c.obj
 *fill*         0x10007806        0x2 
 .rodata.alarm_pool_get_default.str1.4
                0x10007808       0x21 CMakeFiles/test_RTC_GPS.dir/D_/WORKSPACE/PSE2_RP2040/RP_2040/FW/pico-sdk/src/common/pico_time/time.c.obj
 *fill*         0x10007829        0x3 
 .rodata.alarm_pool_cancel_alarm.str1.4
                0x1000782c       0x27 CMakeFiles/test_RTC_GPS.dir/D_/WORKSPACE/PSE2_RP2040/RP_2040/FW/pico-sdk/src/common/pico_time/time.c.obj
 *fill*         0x10007853        0x1 
 .rodata.sleep_until.str1.4
                0x10007854       0x4d CMakeFiles/test_RTC_GPS.dir/D_/WORKSPACE/PSE2_RP2040/RP_2040/FW/pico-sdk/src/common/pico_time/time.c.obj
 *fill*         0x100078a1        0x3 
 .rodata.__func__.1
                0x100078a4       0x18 CMakeFiles/test_RTC_GPS.dir/D_/WORKSPACE/PSE2_RP2040/RP_2040/FW/pico-sdk/src/common/pico_time/time.c.obj
 .rodata.__func__.10
                0x100078bc       0x15 CMakeFiles/test_RTC_GPS.dir/D_/WORKSPACE/PSE2_RP2040/RP_2040/FW/pico-sdk/src/common/pico_time/time.c.obj
 *fill*         0x100078d1        0x3 
 .rodata.__func__.11
                0x100078d4       0x1a CMakeFiles/test_RTC_GPS.dir/D_/WORKSPACE/PSE2_RP2040/RP_2040/FW/pico-sdk/src/common/pico_time/time.c.obj
 *fill*         0x100078ee        0x2 
 .rodata.__func__.12
                0x100078f0        0xa CMakeFiles/test_RTC_GPS.dir/D_/WORKSPACE/PSE2_RP2040/RP_2040/FW/pico-sdk/src/common/pico_time/time.c.obj
 *fill*         0x100078fa        0x2 
 .rodata.__func__.3
                0x100078fc       0x17 CMakeFiles/test_RTC_GPS.dir/D_/WORKSPACE/PSE2_RP2040/RP_2040/FW/pico-sdk/src/common/pico_time/time.c.obj
 *fill*         0x10007913        0x1 
 .rodata.__func__.4
                0x10007914       0x12 CMakeFiles/test_RTC_GPS.dir/D_/WORKSPACE/PSE2_RP2040/RP_2040/FW/pico-sdk/src/common/pico_time/time.c.obj
 *fill*         0x10007926        0x2 
 .rodata.__func__.5
                0x10007928        0xd CMakeFiles/test_RTC_GPS.dir/D_/WORKSPACE/PSE2_RP2040/RP_2040/FW/pico-sdk/src/common/pico_time/time.c.obj
 *fill*         0x10007935        0x3 
 .rodata.__func__.6
                0x10007938       0x12 CMakeFiles/test_RTC_GPS.dir/D_/WORKSPACE/PSE2_RP2040/RP_2040/FW/pico-sdk/src/common/pico_time/time.c.obj
 *fill*         0x1000794a        0x2 
 .rodata.__func__.7
                0x1000794c        0xf CMakeFiles/test_RTC_GPS.dir/D_/WORKSPACE/PSE2_RP2040/RP_2040/FW/pico-sdk/src/common/pico_time/time.c.obj
 *fill*         0x1000795b        0x1 
 .rodata.__func__.8
                0x1000795c        0xc CMakeFiles/test_RTC_GPS.dir/D_/WORKSPACE/PSE2_RP2040/RP_2040/FW/pico-sdk/src/common/pico_time/time.c.obj
 .rodata.__func__.9
                0x10007968       0x15 CMakeFiles/test_RTC_GPS.dir/D_/WORKSPACE/PSE2_RP2040/RP_2040/FW/pico-sdk/src/common/pico_time/time.c.obj
 *fill*         0x1000797d        0x3 
 .rodata.hardware_alarm_claim.str1.4
                0x10007980       0x22 CMakeFiles/test_RTC_GPS.dir/D_/WORKSPACE/PSE2_RP2040/RP_2040/FW/pico-sdk/src/rp2_common/hardware_timer/timer.c.obj
 *fill*         0x100079a2        0x2 
 .rodata.hardware_alarm_set_target.str1.4
                0x100079a4       0x77 CMakeFiles/test_RTC_GPS.dir/D_/WORKSPACE/PSE2_RP2040/RP_2040/FW/pico-sdk/src/rp2_common/hardware_timer/timer.c.obj
 *fill*         0x10007a1b        0x1 
 .rodata.__func__.0
                0x10007a1c       0x1a CMakeFiles/test_RTC_GPS.dir/D_/WORKSPACE/PSE2_RP2040/RP_2040/FW/pico-sdk/src/rp2_common/hardware_timer/timer.c.obj
 *fill*         0x10007a36        0x2 
 .rodata.str1.4
                0x10007a38       0x9d CMakeFiles/test_RTC_GPS.dir/D_/WORKSPACE/PSE2_RP2040/RP_2040/FW/pico-sdk/src/common/pico_sync/mutex.c.obj
                                0x111 (size before relaxing)
 *fill*         0x10007ad5        0x3 
 .rodata.__func__.1
                0x10007ad8        0xb CMakeFiles/test_RTC_GPS.dir/D_/WORKSPACE/PSE2_RP2040/RP_2040/FW/pico-sdk/src/common/pico_sync/mutex.c.obj
 *fill*         0x10007ae3        0x1 
 .rodata.__func__.3
                0x10007ae4       0x18 CMakeFiles/test_RTC_GPS.dir/D_/WORKSPACE/PSE2_RP2040/RP_2040/FW/pico-sdk/src/common/pico_sync/mutex.c.obj
 .rodata.__func__.4
                0x10007afc       0x15 CMakeFiles/test_RTC_GPS.dir/D_/WORKSPACE/PSE2_RP2040/RP_2040/FW/pico-sdk/src/common/pico_sync/mutex.c.obj
 .rodata.ph_add_child_node.str1.4
                0x10007b11       0xa6 CMakeFiles/test_RTC_GPS.dir/D_/WORKSPACE/PSE2_RP2040/RP_2040/FW/pico-sdk/src/common/pico_util/pheap.c.obj
 *fill*         0x10007b11        0x3 
 .rodata.ph_remove_any_head.str1.4
                0x10007b14       0xa0 CMakeFiles/test_RTC_GPS.dir/D_/WORKSPACE/PSE2_RP2040/RP_2040/FW/pico-sdk/src/common/pico_util/pheap.c.obj
 .rodata.ph_remove_and_free_node.str1.4
                0x10007bb4       0x26 CMakeFiles/test_RTC_GPS.dir/D_/WORKSPACE/PSE2_RP2040/RP_2040/FW/pico-sdk/src/common/pico_util/pheap.c.obj
 *fill*         0x10007bda        0x2 
 .rodata.__func__.0
                0x10007bdc       0x18 CMakeFiles/test_RTC_GPS.dir/D_/WORKSPACE/PSE2_RP2040/RP_2040/FW/pico-sdk/src/common/pico_util/pheap.c.obj
 .rodata.__func__.1
                0x10007bf4       0x13 CMakeFiles/test_RTC_GPS.dir/D_/WORKSPACE/PSE2_RP2040/RP_2040/FW/pico-sdk/src/common/pico_util/pheap.c.obj
 *fill*         0x10007c07        0x1 
 .rodata.__func__.2
                0x10007c08       0x12 CMakeFiles/test_RTC_GPS.dir/D_/WORKSPACE/PSE2_RP2040/RP_2040/FW/pico-sdk/src/common/pico_util/pheap.c.obj
 *fill*         0x10007c1a        0x2 
 .rodata.__func__.3
                0x10007c1c        0xc CMakeFiles/test_RTC_GPS.dir/D_/WORKSPACE/PSE2_RP2040/RP_2040/FW/pico-sdk/src/common/pico_util/pheap.c.obj
 .rodata.__assert_func.str1.4
                0x10007c28       0x3f CMakeFiles/test_RTC_GPS.dir/D_/WORKSPACE/PSE2_RP2040/RP_2040/FW/pico-sdk/src/rp2_common/pico_runtime/runtime.c.obj
                                 0x43 (size before relaxing)
 *fill*         0x10007c67        0x1 
 .rodata.runtime_init.str1.4
                0x10007c68       0x73 CMakeFiles/test_RTC_GPS.dir/D_/WORKSPACE/PSE2_RP2040/RP_2040/FW/pico-sdk/src/rp2_common/pico_runtime/runtime.c.obj
 *fill*         0x10007cdb        0x1 
 .rodata.panic.str1.4
                0x10007cdc       0x12 CMakeFiles/test_RTC_GPS.dir/D_/WORKSPACE/PSE2_RP2040/RP_2040/FW/pico-sdk/src/rp2_common/pico_runtime/runtime.c.obj
 *fill*         0x10007cee        0x2 
 .rodata.__func__.1
                0x10007cf0        0xd CMakeFiles/test_RTC_GPS.dir/D_/WORKSPACE/PSE2_RP2040/RP_2040/FW/pico-sdk/src/rp2_common/pico_runtime/runtime.c.obj
 *fill*         0x10007cfd        0x3 
 .rodata.clock_configure.str1.4
                0x10007d00       0x69 CMakeFiles/test_RTC_GPS.dir/D_/WORKSPACE/PSE2_RP2040/RP_2040/FW/pico-sdk/src/rp2_common/hardware_clocks/clocks.c.obj
 *fill*         0x10007d69        0x3 
 .rodata.__func__.1
                0x10007d6c       0x10 CMakeFiles/test_RTC_GPS.dir/D_/WORKSPACE/PSE2_RP2040/RP_2040/FW/pico-sdk/src/rp2_common/hardware_clocks/clocks.c.obj
 .rodata.make_branch.str1.4
                0x10007d7c       0x5f CMakeFiles/test_RTC_GPS.dir/D_/WORKSPACE/PSE2_RP2040/RP_2040/FW/pico-sdk/src/rp2_common/hardware_irq/irq.c.obj
 *fill*         0x10007ddb        0x1 
 .rodata.irq_set_exclusive_handler.str1.4
                0x10007ddc       0x36 CMakeFiles/test_RTC_GPS.dir/D_/WORKSPACE/PSE2_RP2040/RP_2040/FW/pico-sdk/src/rp2_common/hardware_irq/irq.c.obj
 *fill*         0x10007e12        0x2 
 .rodata.irq_add_shared_handler.str1.4
                0x10007e14       0xd9 CMakeFiles/test_RTC_GPS.dir/D_/WORKSPACE/PSE2_RP2040/RP_2040/FW/pico-sdk/src/rp2_common/hardware_irq/irq.c.obj
 *fill*         0x10007eed        0x3 
 .rodata.irq_remove_handler.str1.4
                0x10007ef0       0x2a CMakeFiles/test_RTC_GPS.dir/D_/WORKSPACE/PSE2_RP2040/RP_2040/FW/pico-sdk/src/rp2_common/hardware_irq/irq.c.obj
 *fill*         0x10007f1a        0x2 
 .rodata.irq_add_tail_to_free_list.str1.4
                0x10007f1c       0x32 CMakeFiles/test_RTC_GPS.dir/D_/WORKSPACE/PSE2_RP2040/RP_2040/FW/pico-sdk/src/rp2_common/hardware_irq/irq.c.obj
                                 0x3a (size before relaxing)
 *fill*         0x10007f4e        0x2 
 .rodata.__func__.0
                0x10007f50       0x1a CMakeFiles/test_RTC_GPS.dir/D_/WORKSPACE/PSE2_RP2040/RP_2040/FW/pico-sdk/src/rp2_common/hardware_irq/irq.c.obj
 *fill*         0x10007f6a        0x2 
 .rodata.__func__.1
                0x10007f6c       0x17 CMakeFiles/test_RTC_GPS.dir/D_/WORKSPACE/PSE2_RP2040/RP_2040/FW/pico-sdk/src/rp2_common/hardware_irq/irq.c.obj
 *fill*         0x10007f83        0x1 
 .rodata.__func__.2
                0x10007f84       0x13 CMakeFiles/test_RTC_GPS.dir/D_/WORKSPACE/PSE2_RP2040/RP_2040/FW/pico-sdk/src/rp2_common/hardware_irq/irq.c.obj
 *fill*         0x10007f97        0x1 
 .rodata.__func__.3
                0x10007f98        0xc CMakeFiles/test_RTC_GPS.dir/D_/WORKSPACE/PSE2_RP2040/RP_2040/FW/pico-sdk/src/rp2_common/hardware_irq/irq.c.obj
 .rodata.__func__.4
                0x10007fa4        0xf CMakeFiles/test_RTC_GPS.dir/D_/WORKSPACE/PSE2_RP2040/RP_2040/FW/pico-sdk/src/rp2_common/hardware_irq/irq.c.obj
 *fill*         0x10007fb3        0x1 
 .rodata.__func__.6
                0x10007fb4       0x1a CMakeFiles/test_RTC_GPS.dir/D_/WORKSPACE/PSE2_RP2040/RP_2040/FW/pico-sdk/src/rp2_common/hardware_irq/irq.c.obj
 *fill*         0x10007fce        0x2 
 .rodata.pll_init.str1.4
                0x10007fd0       0xeb CMakeFiles/test_RTC_GPS.dir/D_/WORKSPACE/PSE2_RP2040/RP_2040/FW/pico-sdk/src/rp2_common/hardware_pll/pll.c.obj
 *fill*         0x100080bb        0x1 
 .rodata.__func__.0
                0x100080bc        0x9 CMakeFiles/test_RTC_GPS.dir/D_/WORKSPACE/PSE2_RP2040/RP_2040/FW/pico-sdk/src/rp2_common/hardware_pll/pll.c.obj
 *fill*         0x100080c5        0x3 
 .rodata._ftoa.str1.4
                0x100080c8       0x15 CMakeFiles/test_RTC_GPS.dir/D_/WORKSPACE/PSE2_RP2040/RP_2040/FW/pico-sdk/src/rp2_common/pico_printf/printf.c.obj
 *fill*         0x100080dd        0x3 
 .rodata._vsnprintf
                0x100080e0      0x1e0 CMakeFiles/test_RTC_GPS.dir/D_/WORKSPACE/PSE2_RP2040/RP_2040/FW/pico-sdk/src/rp2_common/pico_printf/printf.c.obj
 .rodata.pow10.0
                0x100082c0       0x50 CMakeFiles/test_RTC_GPS.dir/D_/WORKSPACE/PSE2_RP2040/RP_2040/FW/pico-sdk/src/rp2_common/pico_printf/printf.c.obj
 .rodata.__aeabi_double_init.str1.4
                0x10008310       0xba CMakeFiles/test_RTC_GPS.dir/D_/WORKSPACE/PSE2_RP2040/RP_2040/FW/pico-sdk/src/rp2_common/pico_double/double_init_rom.c.obj
 *fill*         0x100083ca        0x2 
 .rodata.__func__.0
                0x100083cc       0x14 CMakeFiles/test_RTC_GPS.dir/D_/WORKSPACE/PSE2_RP2040/RP_2040/FW/pico-sdk/src/rp2_common/pico_double/double_init_rom.c.obj
 .rodata.__aeabi_float_init.str1.4
                0x100083e0       0x8c CMakeFiles/test_RTC_GPS.dir/D_/WORKSPACE/PSE2_RP2040/RP_2040/FW/pico-sdk/src/rp2_common/pico_float/float_init_rom.c.obj
                                 0x90 (size before relaxing)
 .rodata.__func__.0
                0x1000846c       0x13 CMakeFiles/test_RTC_GPS.dir/D_/WORKSPACE/PSE2_RP2040/RP_2040/FW/pico-sdk/src/rp2_common/pico_float/float_init_rom.c.obj
 *fill*         0x1000847f        0x1 
 .rodata.str1.4
                0x10008480       0x44 CMakeFiles/test_RTC_GPS.dir/D_/WORKSPACE/PSE2_RP2040/RP_2040/FW/pico-sdk/src/rp2_common/pico_standard_link/binary_info.c.obj
 .rodata.__bi_44
                0x100084c4        0xc CMakeFiles/test_RTC_GPS.dir/D_/WORKSPACE/PSE2_RP2040/RP_2040/FW/pico-sdk/src/rp2_common/pico_standard_link/binary_info.c.obj
 .rodata.__bi_75
                0x100084d0        0xc CMakeFiles/test_RTC_GPS.dir/D_/WORKSPACE/PSE2_RP2040/RP_2040/FW/pico-sdk/src/rp2_common/pico_standard_link/binary_info.c.obj
 .rodata.__bi_81
                0x100084dc        0xc CMakeFiles/test_RTC_GPS.dir/D_/WORKSPACE/PSE2_RP2040/RP_2040/FW/pico-sdk/src/rp2_common/pico_standard_link/binary_info.c.obj
 .rodata.crlf_str.3
                0x100084e8        0x2 CMakeFiles/test_RTC_GPS.dir/D_/WORKSPACE/PSE2_RP2040/RP_2040/FW/pico-sdk/src/rp2_common/pico_stdio/stdio.c.obj
 *fill*         0x100084ea        0x2 
 .rodata._resetd_driver
                0x100084ec       0x18 CMakeFiles/test_RTC_GPS.dir/D_/WORKSPACE/PSE2_RP2040/RP_2040/FW/pico-sdk/src/rp2_common/pico_stdio_usb/reset_interface.c.obj
 .rodata.stdio_usb_init.str1.4
                0x10008504       0x73 CMakeFiles/test_RTC_GPS.dir/D_/WORKSPACE/PSE2_RP2040/RP_2040/FW/pico-sdk/src/rp2_common/pico_stdio_usb/stdio_usb.c.obj
 .rodata.str1.4
                0x10008504       0x13 CMakeFiles/test_RTC_GPS.dir/D_/WORKSPACE/PSE2_RP2040/RP_2040/FW/pico-sdk/src/rp2_common/pico_stdio_usb/stdio_usb.c.obj
 *fill*         0x10008517        0x1 
 .rodata.__bi_93.1
                0x10008518        0xc CMakeFiles/test_RTC_GPS.dir/D_/WORKSPACE/PSE2_RP2040/RP_2040/FW/pico-sdk/src/rp2_common/pico_stdio_usb/stdio_usb.c.obj
 .rodata.__func__.0
                0x10008524       0x15 CMakeFiles/test_RTC_GPS.dir/D_/WORKSPACE/PSE2_RP2040/RP_2040/FW/pico-sdk/src/rp2_common/pico_stdio_usb/stdio_usb.c.obj
 *fill*         0x10008539        0x3 
 .rodata.str1.4
                0x1000853c       0x2a CMakeFiles/test_RTC_GPS.dir/D_/WORKSPACE/PSE2_RP2040/RP_2040/FW/pico-sdk/src/rp2_common/pico_stdio_usb/stdio_usb_descriptors.c.obj
 *fill*         0x10008566        0x2 
 .rodata.usbd_desc_cfg
                0x10008568       0x54 CMakeFiles/test_RTC_GPS.dir/D_/WORKSPACE/PSE2_RP2040/RP_2040/FW/pico-sdk/src/rp2_common/pico_stdio_usb/stdio_usb_descriptors.c.obj
 .rodata.usbd_desc_device
                0x100085bc       0x12 CMakeFiles/test_RTC_GPS.dir/D_/WORKSPACE/PSE2_RP2040/RP_2040/FW/pico-sdk/src/rp2_common/pico_stdio_usb/stdio_usb_descriptors.c.obj
 *fill*         0x100085ce        0x2 
 .rodata.usbd_desc_str
                0x100085d0       0x18 CMakeFiles/test_RTC_GPS.dir/D_/WORKSPACE/PSE2_RP2040/RP_2040/FW/pico-sdk/src/rp2_common/pico_stdio_usb/stdio_usb_descriptors.c.obj
 .rodata._hw_endpoint_alloc.str1.4
                0x100085e8       0xc9 CMakeFiles/test_RTC_GPS.dir/D_/WORKSPACE/PSE2_RP2040/RP_2040/FW/pico-sdk/lib/tinyusb/src/portable/raspberrypi/rp2040/dcd_rp2040.c.obj
 *fill*         0x100086b1        0x3 
 .rodata.dcd_rp2040_irq.str1.4
                0x100086b4       0x14 CMakeFiles/test_RTC_GPS.dir/D_/WORKSPACE/PSE2_RP2040/RP_2040/FW/pico-sdk/lib/tinyusb/src/portable/raspberrypi/rp2040/dcd_rp2040.c.obj
 .rodata.dcd_int_enable.str1.4
                0x100086c8        0xc CMakeFiles/test_RTC_GPS.dir/D_/WORKSPACE/PSE2_RP2040/RP_2040/FW/pico-sdk/lib/tinyusb/src/portable/raspberrypi/rp2040/dcd_rp2040.c.obj
 .rodata.__func__.0
                0x100086d4        0xe CMakeFiles/test_RTC_GPS.dir/D_/WORKSPACE/PSE2_RP2040/RP_2040/FW/pico-sdk/lib/tinyusb/src/portable/raspberrypi/rp2040/dcd_rp2040.c.obj
 *fill*         0x100086e2        0x2 
 .rodata.__func__.1
                0x100086e4        0xe CMakeFiles/test_RTC_GPS.dir/D_/WORKSPACE/PSE2_RP2040/RP_2040/FW/pico-sdk/lib/tinyusb/src/portable/raspberrypi/rp2040/dcd_rp2040.c.obj
 *fill*         0x100086f2        0x2 
 .rodata.__func__.3
                0x100086f4       0x10 CMakeFiles/test_RTC_GPS.dir/D_/WORKSPACE/PSE2_RP2040/RP_2040/FW/pico-sdk/lib/tinyusb/src/portable/raspberrypi/rp2040/dcd_rp2040.c.obj
 .rodata.__func__.5
                0x10008704        0xf CMakeFiles/test_RTC_GPS.dir/D_/WORKSPACE/PSE2_RP2040/RP_2040/FW/pico-sdk/lib/tinyusb/src/portable/raspberrypi/rp2040/dcd_rp2040.c.obj
 *fill*         0x10008713        0x1 
 .rodata.__func__.6
                0x10008714       0x13 CMakeFiles/test_RTC_GPS.dir/D_/WORKSPACE/PSE2_RP2040/RP_2040/FW/pico-sdk/lib/tinyusb/src/portable/raspberrypi/rp2040/dcd_rp2040.c.obj
 *fill*         0x10008727        0x1 
 .rodata.__func__.7
                0x10008728        0x9 CMakeFiles/test_RTC_GPS.dir/D_/WORKSPACE/PSE2_RP2040/RP_2040/FW/pico-sdk/lib/tinyusb/src/portable/raspberrypi/rp2040/dcd_rp2040.c.obj
 *fill*         0x10008731        0x3 
 .rodata.sync_ep_buffer.str1.4
                0x10008734       0xa5 CMakeFiles/test_RTC_GPS.dir/D_/WORKSPACE/PSE2_RP2040/RP_2040/FW/pico-sdk/lib/tinyusb/src/portable/raspberrypi/rp2040/rp2040_usb.c.obj
 *fill*         0x100087d9        0x3 
 .rodata._hw_endpoint_buffer_control_update32.str1.4
                0x100087dc       0x1f CMakeFiles/test_RTC_GPS.dir/D_/WORKSPACE/PSE2_RP2040/RP_2040/FW/pico-sdk/lib/tinyusb/src/portable/raspberrypi/rp2040/rp2040_usb.c.obj
 *fill*         0x100087fb        0x1 
 .rodata.hw_endpoint_xfer_start.str1.4
                0x100087fc       0x38 CMakeFiles/test_RTC_GPS.dir/D_/WORKSPACE/PSE2_RP2040/RP_2040/FW/pico-sdk/lib/tinyusb/src/portable/raspberrypi/rp2040/rp2040_usb.c.obj
 .rodata.hw_endpoint_xfer_continue.str1.4
                0x10008834       0x29 CMakeFiles/test_RTC_GPS.dir/D_/WORKSPACE/PSE2_RP2040/RP_2040/FW/pico-sdk/lib/tinyusb/src/portable/raspberrypi/rp2040/rp2040_usb.c.obj
 *fill*         0x1000885d        0x3 
 .rodata.str1.4
                0x10008860        0x7 CMakeFiles/test_RTC_GPS.dir/D_/WORKSPACE/PSE2_RP2040/RP_2040/FW/pico-sdk/lib/tinyusb/src/portable/raspberrypi/rp2040/rp2040_usb.c.obj
 *fill*         0x10008867        0x1 
 .rodata.__func__.0
                0x10008868        0xf CMakeFiles/test_RTC_GPS.dir/D_/WORKSPACE/PSE2_RP2040/RP_2040/FW/pico-sdk/lib/tinyusb/src/portable/raspberrypi/rp2040/rp2040_usb.c.obj
 *fill*         0x10008877        0x1 
 .rodata.process_set_config.str1.4
                0x10008878       0x17 CMakeFiles/test_RTC_GPS.dir/D_/WORKSPACE/PSE2_RP2040/RP_2040/FW/pico-sdk/lib/tinyusb/src/device/usbd.c.obj
 *fill*         0x1000888f        0x1 
 .rodata.process_get_descriptor
                0x10008890       0x40 CMakeFiles/test_RTC_GPS.dir/D_/WORKSPACE/PSE2_RP2040/RP_2040/FW/pico-sdk/lib/tinyusb/src/device/usbd.c.obj
 .rodata.process_control_request
                0x100088d0       0x28 CMakeFiles/test_RTC_GPS.dir/D_/WORKSPACE/PSE2_RP2040/RP_2040/FW/pico-sdk/lib/tinyusb/src/device/usbd.c.obj
 .rodata.tud_task
                0x100088f8       0x24 CMakeFiles/test_RTC_GPS.dir/D_/WORKSPACE/PSE2_RP2040/RP_2040/FW/pico-sdk/lib/tinyusb/src/device/usbd.c.obj
 .rodata.__func__.2
                0x1000891c        0xf CMakeFiles/test_RTC_GPS.dir/D_/WORKSPACE/PSE2_RP2040/RP_2040/FW/pico-sdk/lib/tinyusb/src/device/usbd.c.obj
 *fill*         0x1000892b        0x1 
 .rodata.__func__.3
                0x1000892c        0xf CMakeFiles/test_RTC_GPS.dir/D_/WORKSPACE/PSE2_RP2040/RP_2040/FW/pico-sdk/lib/tinyusb/src/device/usbd.c.obj
 *fill*         0x1000893b        0x1 
 .rodata.__func__.4
                0x1000893c       0x14 CMakeFiles/test_RTC_GPS.dir/D_/WORKSPACE/PSE2_RP2040/RP_2040/FW/pico-sdk/lib/tinyusb/src/device/usbd.c.obj
 .rodata.__func__.5
                0x10008950       0x10 CMakeFiles/test_RTC_GPS.dir/D_/WORKSPACE/PSE2_RP2040/RP_2040/FW/pico-sdk/lib/tinyusb/src/device/usbd.c.obj
 .rodata.__func__.6
                0x10008960       0x17 CMakeFiles/test_RTC_GPS.dir/D_/WORKSPACE/PSE2_RP2040/RP_2040/FW/pico-sdk/lib/tinyusb/src/device/usbd.c.obj
 *fill*         0x10008977        0x1 
 .rodata.__func__.7
                0x10008978       0x13 CMakeFiles/test_RTC_GPS.dir/D_/WORKSPACE/PSE2_RP2040/RP_2040/FW/pico-sdk/lib/tinyusb/src/device/usbd.c.obj
 *fill*         0x1000898b        0x1 
 .rodata.__func__.8
                0x1000898c       0x18 CMakeFiles/test_RTC_GPS.dir/D_/WORKSPACE/PSE2_RP2040/RP_2040/FW/pico-sdk/lib/tinyusb/src/device/usbd.c.obj
 .rodata.__func__.9
                0x100089a4        0x9 CMakeFiles/test_RTC_GPS.dir/D_/WORKSPACE/PSE2_RP2040/RP_2040/FW/pico-sdk/lib/tinyusb/src/device/usbd.c.obj
 *fill*         0x100089ad        0x3 
 .rodata._usbd_driver
                0x100089b0       0x18 CMakeFiles/test_RTC_GPS.dir/D_/WORKSPACE/PSE2_RP2040/RP_2040/FW/pico-sdk/lib/tinyusb/src/device/usbd.c.obj
 .rodata.tud_control_xfer.str1.4
                0x100089c8       0x17 CMakeFiles/test_RTC_GPS.dir/D_/WORKSPACE/PSE2_RP2040/RP_2040/FW/pico-sdk/lib/tinyusb/src/device/usbd_control.c.obj
 .rodata.__func__.0
                0x100089c8       0x15 CMakeFiles/test_RTC_GPS.dir/D_/WORKSPACE/PSE2_RP2040/RP_2040/FW/pico-sdk/lib/tinyusb/src/device/usbd_control.c.obj
 *fill*         0x100089dd        0x3 
 .rodata.__func__.1
                0x100089e0       0x11 CMakeFiles/test_RTC_GPS.dir/D_/WORKSPACE/PSE2_RP2040/RP_2040/FW/pico-sdk/lib/tinyusb/src/device/usbd_control.c.obj
 .rodata.tud_cdc_n_write_flush.str1.4
                0x100089f1       0x17 CMakeFiles/test_RTC_GPS.dir/D_/WORKSPACE/PSE2_RP2040/RP_2040/FW/pico-sdk/lib/tinyusb/src/class/cdc/cdc_device.c.obj
 *fill*         0x100089f1        0x3 
 .rodata.__func__.0
                0x100089f4        0xd CMakeFiles/test_RTC_GPS.dir/D_/WORKSPACE/PSE2_RP2040/RP_2040/FW/pico-sdk/lib/tinyusb/src/class/cdc/cdc_device.c.obj
 *fill*         0x10008a01        0x3 
 .rodata.__func__.1
                0x10008a04        0xa CMakeFiles/test_RTC_GPS.dir/D_/WORKSPACE/PSE2_RP2040/RP_2040/FW/pico-sdk/lib/tinyusb/src/class/cdc/cdc_device.c.obj
 *fill*         0x10008a0e        0x2 
 .rodata.__func__.2
                0x10008a10       0x16 CMakeFiles/test_RTC_GPS.dir/D_/WORKSPACE/PSE2_RP2040/RP_2040/FW/pico-sdk/lib/tinyusb/src/class/cdc/cdc_device.c.obj
 .rodata.tusb_init.str1.4
                0x10008a26       0x17 CMakeFiles/test_RTC_GPS.dir/D_/WORKSPACE/PSE2_RP2040/RP_2040/FW/pico-sdk/lib/tinyusb/src/tusb.c.obj
 *fill*         0x10008a26        0x2 
 .rodata.__func__.0
                0x10008a28       0x11 CMakeFiles/test_RTC_GPS.dir/D_/WORKSPACE/PSE2_RP2040/RP_2040/FW/pico-sdk/lib/tinyusb/src/tusb.c.obj
 *fill*         0x10008a39        0x3 
 .rodata.__func__.1
                0x10008a3c        0xa CMakeFiles/test_RTC_GPS.dir/D_/WORKSPACE/PSE2_RP2040/RP_2040/FW/pico-sdk/lib/tinyusb/src/tusb.c.obj
 *fill*         0x10008a46        0x2 
 .rodata.pico_get_unique_board_id_string.str1.4
                0x10008a48       0x5f CMakeFiles/test_RTC_GPS.dir/D_/WORKSPACE/PSE2_RP2040/RP_2040/FW/pico-sdk/src/rp2_common/pico_unique_id/unique_id.c.obj
 *fill*         0x10008aa7        0x1 
 .rodata.__func__.0
                0x10008aa8       0x20 CMakeFiles/test_RTC_GPS.dir/D_/WORKSPACE/PSE2_RP2040/RP_2040/FW/pico-sdk/src/rp2_common/pico_unique_id/unique_id.c.obj
 .rodata.str1.4
                0x10008ac8      0x16a CMakeFiles/test_RTC_GPS.dir/D_/WORKSPACE/PSE2_RP2040/RP_2040/FW/pico-sdk/src/rp2_common/hardware_flash/flash.c.obj
 *fill*         0x10008c32        0x2 
 .rodata.__func__.0
                0x10008c34        0xd CMakeFiles/test_RTC_GPS.dir/D_/WORKSPACE/PSE2_RP2040/RP_2040/FW/pico-sdk/src/rp2_common/hardware_flash/flash.c.obj
 *fill*         0x10008c41        0x3 
 .rodata.i2c_set_baudrate.str1.4
                0x10008c44       0x6f CMakeFiles/test_RTC_GPS.dir/D_/WORKSPACE/PSE2_RP2040/RP_2040/FW/pico-sdk/src/rp2_common/hardware_i2c/i2c.c.obj
 *fill*         0x10008cb3        0x1 
 .rodata.__func__.0
                0x10008cb4       0x11 CMakeFiles/test_RTC_GPS.dir/D_/WORKSPACE/PSE2_RP2040/RP_2040/FW/pico-sdk/src/rp2_common/hardware_i2c/i2c.c.obj
                0x10008cc8                . = ALIGN (0x4)
 *fill*         0x10008cc5        0x3 
 *(SORT_BY_ALIGNMENT(SORT_BY_NAME(.flashdata*)))
                0x10008cc8                . = ALIGN (0x4)

.rel.dyn        0x10008cc8        0x0
 .rel.iplt      0x10008cc8        0x0 d:/program files/gnu arm embedded toolchain/10 2021.10/bin/../lib/gcc/arm-none-eabi/10.3.1/thumb/v6-m/nofp/crtbegin.o

.ARM.extab
 *(.ARM.extab* .gnu.linkonce.armextab.*)
                0x10008cc8                __exidx_start = .

.ARM.exidx
 *(.ARM.exidx* .gnu.linkonce.armexidx.*)
                0x10008cc8                __exidx_end = .
                0x10008cc8                . = ALIGN (0x4)
                0x10008cc8                __binary_info_start = .

.binary_info    0x10008cc8       0x20
 *(.binary_info.keep.*)
 .binary_info.keep.__bi_ptr22
                0x10008cc8        0x4 CMakeFiles/test_RTC_GPS.dir/D_/WORKSPACE/PSE2_RP2040/RP_2040/FW/pico-sdk/src/rp2_common/pico_standard_link/binary_info.c.obj
 .binary_info.keep.__bi_ptr30
                0x10008ccc        0x4 CMakeFiles/test_RTC_GPS.dir/D_/WORKSPACE/PSE2_RP2040/RP_2040/FW/pico-sdk/src/rp2_common/pico_standard_link/binary_info.c.obj
 .binary_info.keep.__bi_ptr38
                0x10008cd0        0x4 CMakeFiles/test_RTC_GPS.dir/D_/WORKSPACE/PSE2_RP2040/RP_2040/FW/pico-sdk/src/rp2_common/pico_standard_link/binary_info.c.obj
 .binary_info.keep.__bi_ptr44
                0x10008cd4        0x4 CMakeFiles/test_RTC_GPS.dir/D_/WORKSPACE/PSE2_RP2040/RP_2040/FW/pico-sdk/src/rp2_common/pico_standard_link/binary_info.c.obj
 .binary_info.keep.__bi_ptr50
                0x10008cd8        0x4 CMakeFiles/test_RTC_GPS.dir/D_/WORKSPACE/PSE2_RP2040/RP_2040/FW/pico-sdk/src/rp2_common/pico_standard_link/binary_info.c.obj
 .binary_info.keep.__bi_ptr75
                0x10008cdc        0x4 CMakeFiles/test_RTC_GPS.dir/D_/WORKSPACE/PSE2_RP2040/RP_2040/FW/pico-sdk/src/rp2_common/pico_standard_link/binary_info.c.obj
 .binary_info.keep.__bi_ptr81
                0x10008ce0        0x4 CMakeFiles/test_RTC_GPS.dir/D_/WORKSPACE/PSE2_RP2040/RP_2040/FW/pico-sdk/src/rp2_common/pico_standard_link/binary_info.c.obj
 *(.binary_info.*)
 .binary_info.__bi_ptr93
                0x10008ce4        0x4 CMakeFiles/test_RTC_GPS.dir/D_/WORKSPACE/PSE2_RP2040/RP_2040/FW/pico-sdk/src/rp2_common/pico_stdio_usb/stdio_usb.c.obj
                0x10008ce8                __binary_info_end = .
                0x10008ce8                . = ALIGN (0x4)
                0x10008ce8                __etext = .

.ram_vector_table
                0x20000000       0xc0
 *(.ram_vector_table)
 .ram_vector_table
                0x20000000       0xc0 CMakeFiles/test_RTC_GPS.dir/D_/WORKSPACE/PSE2_RP2040/RP_2040/FW/pico-sdk/src/rp2_common/pico_runtime/runtime.c.obj
                0x20000000                ram_vector_table

.data           0x200000c0      0x468 load address 0x10008ce8
                0x200000c0                __data_start__ = .
 *(vtable)
 *(.time_critical*)
 .time_critical.mutex_enter_blocking
                0x200000c0       0x48 CMakeFiles/test_RTC_GPS.dir/D_/WORKSPACE/PSE2_RP2040/RP_2040/FW/pico-sdk/src/common/pico_sync/mutex.c.obj
                0x200000c0                mutex_enter_blocking
 .time_critical.mutex_try_enter
                0x20000108       0x46 CMakeFiles/test_RTC_GPS.dir/D_/WORKSPACE/PSE2_RP2040/RP_2040/FW/pico-sdk/src/common/pico_sync/mutex.c.obj
                0x20000108                mutex_try_enter
 *fill*         0x2000014e        0x2 
 .time_critical.mutex_enter_block_until
                0x20000150       0x8c CMakeFiles/test_RTC_GPS.dir/D_/WORKSPACE/PSE2_RP2040/RP_2040/FW/pico-sdk/src/common/pico_sync/mutex.c.obj
                0x20000150                mutex_enter_block_until
 .time_critical.mutex_enter_timeout_ms
                0x200001dc       0x74 CMakeFiles/test_RTC_GPS.dir/D_/WORKSPACE/PSE2_RP2040/RP_2040/FW/pico-sdk/src/common/pico_sync/mutex.c.obj
                0x200001dc                mutex_enter_timeout_ms
 .time_critical.mutex_exit
                0x20000250       0x4c CMakeFiles/test_RTC_GPS.dir/D_/WORKSPACE/PSE2_RP2040/RP_2040/FW/pico-sdk/src/common/pico_sync/mutex.c.obj
                0x20000250                mutex_exit
 .time_critical.flash_init_boot2_copyout
                0x2000029c       0x30 CMakeFiles/test_RTC_GPS.dir/D_/WORKSPACE/PSE2_RP2040/RP_2040/FW/pico-sdk/src/rp2_common/hardware_flash/flash.c.obj
 .time_critical.flash_enable_xip_via_boot2
                0x200002cc       0x10 CMakeFiles/test_RTC_GPS.dir/D_/WORKSPACE/PSE2_RP2040/RP_2040/FW/pico-sdk/src/rp2_common/hardware_flash/flash.c.obj
 .time_critical.flash_cs_force
                0x200002dc       0x28 CMakeFiles/test_RTC_GPS.dir/D_/WORKSPACE/PSE2_RP2040/RP_2040/FW/pico-sdk/src/rp2_common/hardware_flash/flash.c.obj
 .time_critical.flash_do_cmd
                0x20000304       0xd8 CMakeFiles/test_RTC_GPS.dir/D_/WORKSPACE/PSE2_RP2040/RP_2040/FW/pico-sdk/src/rp2_common/hardware_flash/flash.c.obj
                0x20000304                flash_do_cmd
 *(.text*)