Archive member included to satisfy reference by file (symbol)

d:/program files/gnu arm embedded toolchain/10 2021.10/bin/../lib/gcc/arm-none-eabi/10.3.1/thumb/v6-m/nofp\libgcc.a(_dvmd_tls.o)
                              CMakeFiles/test_RTC_GPS.dir/D_/WORKSPACE/PSE2_RP2040/RP_2040/FW/pico-sdk/src/rp2_common/pico_divider/divider.S.obj (__aeabi_idiv0)
d:/program files/gnu arm embedded toolchain/10 2021.10/bin/../lib/gcc/arm-none-eabi/10.3.1/../../../../arm-none-eabi/lib/thumb/v6-m/nofp\libg.a(lib_a-calloc.o)
                              CMakeFiles/test_RTC_GPS.dir/D_/WORKSPACE/PSE2_RP2040/RP_2040/FW/pico-sdk/src/rp2_common/pico_malloc/pico_malloc.c.obj (calloc)
d:/program files/gnu arm embedded toolchain/10 2021.10/bin/../lib/gcc/arm-none-eabi/10.3.1/../../../../arm-none-eabi/lib/thumb/v6-m/nofp\libg.a(lib_a-callocr.o)
                              d:/program files/gnu arm embedded toolchain/10 2021.10/bin/../lib/gcc/arm-none-eabi/10.3.1/../../../../arm-none-eabi/lib/thumb/v6-m/nofp\libg.a(lib_a-calloc.o) (_calloc_r)
d:/program files/gnu arm embedded toolchain/10 2021.10/bin/../lib/gcc/arm-none-eabi/10.3.1/../../../../arm-none-eabi/lib/thumb/v6-m/nofp\libg.a(lib_a-ctype_.o)
                              CMakeFiles/test_RTC_GPS.dir/D_/WORKSPACE/PSE2_RP2040/RP_2040/FW/pico-sdk/lib/tinyusb/src/tusb.c.obj (_ctype_)
d:/program files/gnu arm embedded toolchain/10 2021.10/bin/../lib/gcc/arm-none-eabi/10.3.1/../../../../arm-none-eabi/lib/thumb/v6-m/nofp\libg.a(lib_a-errno.o)
                              d:/program files/gnu arm embedded toolchain/10 2021.10/bin/../lib/gcc/arm-none-eabi/10.3.1/../../../../arm-none-eabi/lib/thumb/v6-m/nofp\libg.a(lib_a-callocr.o) (__errno)
d:/program files/gnu arm embedded toolchain/10 2021.10/bin/../lib/gcc/arm-none-eabi/10.3.1/../../../../arm-none-eabi/lib/thumb/v6-m/nofp\libg.a(lib_a-impure.o)
                              d:/program files/gnu arm embedded toolchain/10 2021.10/bin/../lib/gcc/arm-none-eabi/10.3.1/../../../../arm-none-eabi/lib/thumb/v6-m/nofp\libg.a(lib_a-calloc.o) (_impure_ptr)
d:/program files/gnu arm embedded toolchain/10 2021.10/bin/../lib/gcc/arm-none-eabi/10.3.1/../../../../arm-none-eabi/lib/thumb/v6-m/nofp\libg.a(lib_a-init.o)
                              d:/program files/gnu arm embedded toolchain/10 2021.10/bin/../lib/gcc/arm-none-eabi/10.3.1/../../../../arm-none-eabi/lib/thumb/v6-m/nofp/crt0.o (__libc_init_array)
d:/program files/gnu arm embedded toolchain/10 2021.10/bin/../lib/gcc/arm-none-eabi/10.3.1/../../../../arm-none-eabi/lib/thumb/v6-m/nofp\libg.a(lib_a-malloc.o)
                              CMakeFiles/test_RTC_GPS.dir/D_/WORKSPACE/PSE2_RP2040/RP_2040/FW/pico-sdk/src/rp2_common/pico_malloc/pico_malloc.c.obj (malloc)
d:/program files/gnu arm embedded toolchain/10 2021.10/bin/../lib/gcc/arm-none-eabi/10.3.1/../../../../arm-none-eabi/lib/thumb/v6-m/nofp\libg.a(lib_a-mallocr.o)
                              d:/program files/gnu arm embedded toolchain/10 2021.10/bin/../lib/gcc/arm-none-eabi/10.3.1/../../../../arm-none-eabi/lib/thumb/v6-m/nofp\libg.a(lib_a-callocr.o) (_malloc_r)
d:/program files/gnu arm embedded toolchain/10 2021.10/bin/../lib/gcc/arm-none-eabi/10.3.1/../../../../arm-none-eabi/lib/thumb/v6-m/nofp\libg.a(lib_a-mlock.o)
                              d:/program files/gnu arm embedded toolchain/10 2021.10/bin/../lib/gcc/arm-none-eabi/10.3.1/../../../../arm-none-eabi/lib/thumb/v6-m/nofp\libg.a(lib_a-mallocr.o) (__malloc_lock)
d:/program files/gnu arm embedded toolchain/10 2021.10/bin/../lib/gcc/arm-none-eabi/10.3.1/../../../../arm-none-eabi/lib/thumb/v6-m/nofp\libg.a(lib_a-sbrkr.o)
                              d:/program files/gnu arm embedded toolchain/10 2021.10/bin/../lib/gcc/arm-none-eabi/10.3.1/../../../../arm-none-eabi/lib/thumb/v6-m/nofp\libg.a(lib_a-mallocr.o) (_sbrk_r)
d:/program files/gnu arm embedded toolchain/10 2021.10/bin/../lib/gcc/arm-none-eabi/10.3.1/../../../../arm-none-eabi/lib/thumb/v6-m/nofp\libg.a(lib_a-strlen-stub.o)
                              CMakeFiles/test_RTC_GPS.dir/D_/WORKSPACE/PSE2_RP2040/RP_2040/FW/pico-sdk/src/rp2_common/pico_stdio/stdio.c.obj (strlen)
d:/program files/gnu arm embedded toolchain/10 2021.10/bin/../lib/gcc/arm-none-eabi/10.3.1/../../../../arm-none-eabi/lib/thumb/v6-m/nofp\libg.a(lib_a-freer.o)
                              d:/program files/gnu arm embedded toolchain/10 2021.10/bin/../lib/gcc/arm-none-eabi/10.3.1/../../../../arm-none-eabi/lib/thumb/v6-m/nofp\libg.a(lib_a-malloc.o) (_free_r)
d:/program files/gnu arm embedded toolchain/10 2021.10/bin/../lib/gcc/arm-none-eabi/10.3.1/../../../../arm-none-eabi/lib/thumb/v6-m/nofp\libg.a(lib_a-lock.o)
                              d:/program files/gnu arm embedded toolchain/10 2021.10/bin/../lib/gcc/arm-none-eabi/10.3.1/../../../../arm-none-eabi/lib/thumb/v6-m/nofp\libg.a(lib_a-mlock.o) (__retarget_lock_acquire_recursive)
[...]
Memory Configuration

Name             Origin             Length             Attributes
FLASH            0x10000000         0x00200000         xr
RAM              0x20000000         0x00040000         xrw
SCRATCH_X        0x20040000         0x00001000         xrw
SCRATCH_Y        0x20041000         0x00001000         xrw
*default*        0x00000000         0xffffffff

Linker script and memory map

LOAD d:/program files/gnu arm embedded toolchain/10 2021.10/bin/../lib/gcc/arm-none-eabi/10.3.1/thumb/v6-m/nofp/crti.o
LOAD d:/program files/gnu arm embedded toolchain/10 2021.10/bin/../lib/gcc/arm-none-eabi/10.3.1/thumb/v6-m/nofp/crtbegin.o
LOAD d:/program files/gnu arm embedded toolchain/10 2021.10/bin/../lib/gcc/arm-none-eabi/10.3.1/../../../../arm-none-eabi/lib/thumb/v6-m/nofp/crt0.o

.flash_begin    0x10000000        0x0
                0x10000000                __flash_binary_start = .

.boot2          0x10000000      0x100
                0x10000000                __boot2_start__ = .
 *(.boot2)
 .boot2         0x10000000      0x100 C:\Users\andre\AppData\Local\Temp\ccyFR9j9.o
                0x10000100                __boot2_end__ = .
                0x00000001                ASSERT (((__boot2_end__ - __boot2_start__) == 0x100), ERROR: Pico second stage bootloader must be 256 bytes in size)

.text           0x10000100     0x77e0
                0x10000100                __logical_binary_start = .
 *(.vectors)
 .vectors       0x10000100       0xd4 CMakeFiles/test_RTC_GPS.dir/D_/WORKSPACE/PSE2_RP2040/RP_2040/FW/pico-sdk/src/rp2_common/pico_standard_link/crt0.S.obj
                0x10000100                __VECTOR_TABLE
                0x10000100                __vectors
                0x100001c0                isr_invalid
                0x100001c0                __default_isrs_start
                0x100001c2                isr_nmi
                0x100001c4                isr_hardfault
                0x100001c6                isr_svcall
                0x100001c8                isr_pendsv
                0x100001ca                isr_systick
                0x100001cc                isr_irq23
                0x100001cc                isr_irq18
                0x100001cc                isr_irq11
                0x100001cc                isr_irq28
                0x100001cc                isr_irq19
                0x100001cc                isr_irq0
                0x100001cc                isr_irq6
                0x100001cc                isr_irq5
                0x100001cc                isr_irq12
                0x100001cc                isr_irq22
                0x100001cc                isr_irq31
                0x100001cc                isr_irq17
                0x100001cc                isr_irq27
                0x100001cc                isr_irq30
                0x100001cc                isr_irq2
                0x100001cc                isr_irq10
                0x100001cc                isr_irq8
                0x100001cc                isr_irq24
                0x100001cc                isr_irq1
                0x100001cc                isr_irq7
                0x100001cc                isr_irq21
                0x100001cc                isr_irq20
                0x100001cc                isr_irq15
                0x100001cc                isr_irq25
                0x100001cc                isr_irq13
                0x100001cc                __unhandled_user_irq
                0x100001cc                isr_irq4
                0x100001cc                isr_irq16
                0x100001cc                isr_irq29
                0x100001cc                isr_irq26
                0x100001cc                __default_isrs_end
                0x100001cc                isr_irq3
                0x100001cc                isr_irq14
                0x100001cc                isr_irq9
                0x100001d2                unhandled_user_irq_num_in_r0
 *(.binary_info_header)
 .binary_info_header
                0x100001d4       0x14 CMakeFiles/test_RTC_GPS.dir/D_/WORKSPACE/PSE2_RP2040/RP_2040/FW/pico-sdk/src/rp2_common/pico_standard_link/crt0.S.obj
                0x100001e8                __binary_info_header_end = .
 *(.reset)
 .reset         0x100001e8       0xa8 CMakeFiles/test_RTC_GPS.dir/D_/WORKSPACE/PSE2_RP2040/RP_2040/FW/pico-sdk/src/rp2_common/pico_standard_link/crt0.S.obj
                0x100001e8                _entry_point
                0x10000266                __get_current_exception
 .reset         0x10000290       0x30 CMakeFiles/test_RTC_GPS.dir/D_/WORKSPACE/PSE2_RP2040/RP_2040/FW/pico-sdk/src/rp2_common/pico_standard_link/binary_info.c.obj
 *(.init)
 .init          0x100002c0        0x4 d:/program files/gnu arm embedded toolchain/10 2021.10/bin/../lib/gcc/arm-none-eabi/10.3.1/thumb/v6-m/nofp/crti.o
                0x100002c0                _init
 *(EXCLUDE_FILE(*libm.a: *libc.a:*lib_a-mem*.o *libgcc.a:) .text*)
 .text          0x100002c4       0x48 d:/program files/gnu arm embedded toolchain/10 2021.10/bin/../lib/gcc/arm-none-eabi/10.3.1/thumb/v6-m/nofp/crtbegin.o
 .text.on_uart_rx
                0x1000030c       0xac CMakeFiles/test_RTC_GPS.dir/main.c.obj
                0x1000030c                on_uart_rx
 .text.gpio_callback
                0x100003b8        0x4 CMakeFiles/test_RTC_GPS.dir/main.c.obj
                0x100003b8                gpio_callback
 .text.main     0x100003bc      0x21c CMakeFiles/test_RTC_GPS.dir/main.c.obj
                0x100003bc                main
 .text.mcp7940_get_all_data
                0x100005d8       0x3c CMakeFiles/test_RTC_GPS.dir/src/mcp7940.c.obj
                0x100005d8                mcp7940_get_all_data
 .text.mcp7940_write_multiple_registers
                0x10000614       0x48 CMakeFiles/test_RTC_GPS.dir/src/mcp7940.c.obj
                0x10000614                mcp7940_write_multiple_registers
 .text.num_to_BCD
                0x1000065c       0x24 CMakeFiles/test_RTC_GPS.dir/src/mcp7940.c.obj
                0x1000065c                num_to_BCD
 .text.BCD_to_num
                0x10000680       0x20 CMakeFiles/test_RTC_GPS.dir/src/mcp7940.c.obj
                0x10000680                BCD_to_num
 .text.gpio_set_function
                0x100006a0       0x30 CMakeFiles/test_RTC_GPS.dir/D_/WORKSPACE/PSE2_RP2040/RP_2040/FW/pico-sdk/src/rp2_common/hardware_gpio/gpio.c.obj
                0x100006a0                gpio_set_function
 .text.gpio_acknowledge_irq
                0x100006d0       0x18 CMakeFiles/test_RTC_GPS.dir/D_/WORKSPACE/PSE2_RP2040/RP_2040/FW/pico-sdk/src/rp2_common/hardware_gpio/gpio.c.obj
                0x100006d0                gpio_acknowledge_irq
 .text._gpio_set_irq_enabled
                0x100006e8       0x34 CMakeFiles/test_RTC_GPS.dir/D_/WORKSPACE/PSE2_RP2040/RP_2040/FW/pico-sdk/src/rp2_common/hardware_gpio/gpio.c.obj
 .text.gpio_set_irq_enabled
                0x1000071c       0x20 CMakeFiles/test_RTC_GPS.dir/D_/WORKSPACE/PSE2_RP2040/RP_2040/FW/pico-sdk/src/rp2_common/hardware_gpio/gpio.c.obj
                0x1000071c                gpio_set_irq_enabled
 .text.gpio_set_irq_enabled_with_callback
                0x1000073c       0x30 CMakeFiles/test_RTC_GPS.dir/D_/WORKSPACE/PSE2_RP2040/RP_2040/FW/pico-sdk/src/rp2_common/hardware_gpio/gpio.c.obj
                0x1000073c                gpio_set_irq_enabled_with_callback
 .text.gpio_irq_handler
                0x1000076c       0x68 CMakeFiles/test_RTC_GPS.dir/D_/WORKSPACE/PSE2_RP2040/RP_2040/FW/pico-sdk/src/rp2_common/hardware_gpio/gpio.c.obj
 .text.gpio_init
                0x100007d4       0x16 CMakeFiles/test_RTC_GPS.dir/D_/WORKSPACE/PSE2_RP2040/RP_2040/FW/pico-sdk/src/rp2_common/hardware_gpio/gpio.c.obj
                0x100007d4                gpio_init
 *fill*         0x100007ea        0x2 
 .text.hw_claim_lock
                0x100007ec       0x18 CMakeFiles/test_RTC_GPS.dir/D_/WORKSPACE/PSE2_RP2040/RP_2040/FW/pico-sdk/src/rp2_common/hardware_claim/claim.c.obj
                0x100007ec                hw_claim_lock
 .text.hw_claim_unlock
                0x10000804       0x14 CMakeFiles/test_RTC_GPS.dir/D_/WORKSPACE/PSE2_RP2040/RP_2040/FW/pico-sdk/src/rp2_common/hardware_claim/claim.c.obj
                0x10000804                hw_claim_unlock
 .text.hw_claim_or_assert
                0x10000818       0x32 CMakeFiles/test_RTC_GPS.dir/D_/WORKSPACE/PSE2_RP2040/RP_2040/FW/pico-sdk/src/rp2_common/hardware_claim/claim.c.obj
                0x10000818                hw_claim_or_assert
 .text.hw_claim_unused_from_range
                0x1000084a       0x50 CMakeFiles/test_RTC_GPS.dir/D_/WORKSPACE/PSE2_RP2040/RP_2040/FW/pico-sdk/src/rp2_common/hardware_claim/claim.c.obj
                0x1000084a                hw_claim_unused_from_range
 *fill*         0x1000089a        0x2 
 .text.running_on_fpga
                0x1000089c       0x14 CMakeFiles/test_RTC_GPS.dir/D_/WORKSPACE/PSE2_RP2040/RP_2040/FW/pico-sdk/src/rp2_common/pico_platform/platform.c.obj
                0x1000089c                running_on_fpga
 .text.spin_locks_reset
                0x100008b0       0x20 CMakeFiles/test_RTC_GPS.dir/D_/WORKSPACE/PSE2_RP2040/RP_2040/FW/pico-sdk/src/rp2_common/hardware_sync/sync.c.obj
                0x100008b0                spin_locks_reset
 .text.next_striped_spin_lock_num
                0x100008d0       0x1c CMakeFiles/test_RTC_GPS.dir/D_/WORKSPACE/PSE2_RP2040/RP_2040/FW/pico-sdk/src/rp2_common/hardware_sync/sync.c.obj
                0x100008d0                next_striped_spin_lock_num
 .text.spin_lock_claim_unused
                0x100008ec       0x20 CMakeFiles/test_RTC_GPS.dir/D_/WORKSPACE/PSE2_RP2040/RP_2040/FW/pico-sdk/src/rp2_common/hardware_sync/sync.c.obj
                0x100008ec                spin_lock_claim_unused
 .text.uart_set_baudrate
                0x1000090c       0x5c CMakeFiles/test_RTC_GPS.dir/D_/WORKSPACE/PSE2_RP2040/RP_2040/FW/pico-sdk/src/rp2_common/hardware_uart/uart.c.obj
                0x1000090c                uart_set_baudrate
 .text.uart_set_translate_crlf
                0x10000968       0x28 CMakeFiles/test_RTC_GPS.dir/D_/WORKSPACE/PSE2_RP2040/RP_2040/FW/pico-sdk/src/rp2_common/hardware_uart/uart.c.obj
                0x10000968                uart_set_translate_crlf
 .text.uart_init
                0x10000990       0x80 CMakeFiles/test_RTC_GPS.dir/D_/WORKSPACE/PSE2_RP2040/RP_2040/FW/pico-sdk/src/rp2_common/hardware_uart/uart.c.obj
                0x10000990                uart_init
 .text.alarm_pool_post_alloc_init
                0x10000a10       0x40 CMakeFiles/test_RTC_GPS.dir/D_/WORKSPACE/PSE2_RP2040/RP_2040/FW/pico-sdk/src/common/pico_time/time.c.obj
 .text.sleep_until_callback
                0x10000a50       0x30 CMakeFiles/test_RTC_GPS.dir/D_/WORKSPACE/PSE2_RP2040/RP_2040/FW/pico-sdk/src/common/pico_time/time.c.obj
 .text.timer_pool_entry_comparator
                0x10000a80       0x7c CMakeFiles/test_RTC_GPS.dir/D_/WORKSPACE/PSE2_RP2040/RP_2040/FW/pico-sdk/src/common/pico_time/time.c.obj
                0x10000a80                timer_pool_entry_comparator
 .text.ph_add_child_node
                0x10000afc       0xa4 CMakeFiles/test_RTC_GPS.dir/D_/WORKSPACE/PSE2_RP2040/RP_2040/FW/pico-sdk/src/common/pico_time/time.c.obj
 .text.ph_merge_nodes
                0x10000ba0       0x3e CMakeFiles/test_RTC_GPS.dir/D_/WORKSPACE/PSE2_RP2040/RP_2040/FW/pico-sdk/src/common/pico_time/time.c.obj
 *fill*         0x10000bde        0x2 
 .text.add_alarm_under_lock
                0x10000be0      0x174 CMakeFiles/test_RTC_GPS.dir/D_/WORKSPACE/PSE2_RP2040/RP_2040/FW/pico-sdk/src/common/pico_time/time.c.obj
 .text.alarm_pool_alarm_callback
                0x10000d54      0x328 CMakeFiles/test_RTC_GPS.dir/D_/WORKSPACE/PSE2_RP2040/RP_2040/FW/pico-sdk/src/common/pico_time/time.c.obj
 .text.alarm_pool_init_default
                0x1000107c       0x38 CMakeFiles/test_RTC_GPS.dir/D_/WORKSPACE/PSE2_RP2040/RP_2040/FW/pico-sdk/src/common/pico_time/time.c.obj
                0x1000107c                alarm_pool_init_default
 .text.alarm_pool_get_default
                0x100010b4       0x2c CMakeFiles/test_RTC_GPS.dir/D_/WORKSPACE/PSE2_RP2040/RP_2040/FW/pico-sdk/src/common/pico_time/time.c.obj
                0x100010b4                alarm_pool_get_default
 .text.alarm_pool_add_alarm_at
                0x100010e0      0x170 CMakeFiles/test_RTC_GPS.dir/D_/WORKSPACE/PSE2_RP2040/RP_2040/FW/pico-sdk/src/common/pico_time/time.c.obj
                0x100010e0                alarm_pool_add_alarm_at
 .text.alarm_pool_cancel_alarm
                0x10001250       0xf0 CMakeFiles/test_RTC_GPS.dir/D_/WORKSPACE/PSE2_RP2040/RP_2040/FW/pico-sdk/src/common/pico_time/time.c.obj
                0x10001250                alarm_pool_cancel_alarm
 .text.sleep_until
                0x10001340       0xfc CMakeFiles/test_RTC_GPS.dir/D_/WORKSPACE/PSE2_RP2040/RP_2040/FW/pico-sdk/src/common/pico_time/time.c.obj
                0x10001340                sleep_until
 .text.sleep_us
                0x1000143c       0x58 CMakeFiles/test_RTC_GPS.dir/D_/WORKSPACE/PSE2_RP2040/RP_2040/FW/pico-sdk/src/common/pico_time/time.c.obj
                0x1000143c                sleep_us
 .text.sleep_ms
                0x10001494       0x14 CMakeFiles/test_RTC_GPS.dir/D_/WORKSPACE/PSE2_RP2040/RP_2040/FW/pico-sdk/src/common/pico_time/time.c.obj
                0x10001494                sleep_ms
 .text.best_effort_wfe_or_timeout
                0x100014a8       0x80 CMakeFiles/test_RTC_GPS.dir/D_/WORKSPACE/PSE2_RP2040/RP_2040/FW/pico-sdk/src/common/pico_time/time.c.obj
                0x100014a8                best_effort_wfe_or_timeout
 .text.hardware_alarm_irq_handler
                0x10001528       0x8c CMakeFiles/test_RTC_GPS.dir/D_/WORKSPACE/PSE2_RP2040/RP_2040/FW/pico-sdk/src/rp2_common/hardware_timer/timer.c.obj
 .text.hardware_alarm_claim
                0x100015b4       0x18 CMakeFiles/test_RTC_GPS.dir/D_/WORKSPACE/PSE2_RP2040/RP_2040/FW/pico-sdk/src/rp2_common/hardware_timer/timer.c.obj
                0x100015b4                hardware_alarm_claim
 .text.time_us_64
                0x100015cc       0x18 CMakeFiles/test_RTC_GPS.dir/D_/WORKSPACE/PSE2_RP2040/RP_2040/FW/pico-sdk/src/rp2_common/hardware_timer/timer.c.obj
                0x100015cc                time_us_64
 .text.busy_wait_until
                0x100015e4       0x28 CMakeFiles/test_RTC_GPS.dir/D_/WORKSPACE/PSE2_RP2040/RP_2040/FW/pico-sdk/src/rp2_common/hardware_timer/timer.c.obj
                0x100015e4                busy_wait_until
 .text.hardware_alarm_set_callback
                0x1000160c       0x90 CMakeFiles/test_RTC_GPS.dir/D_/WORKSPACE/PSE2_RP2040/RP_2040/FW/pico-sdk/src/rp2_common/hardware_timer/timer.c.obj
                0x1000160c                hardware_alarm_set_callback
 .text.hardware_alarm_set_target
                0x1000169c       0xe8 CMakeFiles/test_RTC_GPS.dir/D_/WORKSPACE/PSE2_RP2040/RP_2040/FW/pico-sdk/src/rp2_common/hardware_timer/timer.c.obj
                0x1000169c                hardware_alarm_set_target
 .text.hardware_alarm_cancel
                0x10001784       0x40 CMakeFiles/test_RTC_GPS.dir/D_/WORKSPACE/PSE2_RP2040/RP_2040/FW/pico-sdk/src/rp2_common/hardware_timer/timer.c.obj
                0x10001784                hardware_alarm_cancel
 .text.lock_init
                0x100017c4       0x10 CMakeFiles/test_RTC_GPS.dir/D_/WORKSPACE/PSE2_RP2040/RP_2040/FW/pico-sdk/src/common/pico_sync/lock_core.c.obj
                0x100017c4                lock_init
 .text.mutex_init
                0x100017d4       0x1a CMakeFiles/test_RTC_GPS.dir/D_/WORKSPACE/PSE2_RP2040/RP_2040/FW/pico-sdk/src/common/pico_sync/mutex.c.obj
                0x100017d4                mutex_init
 .text.recursive_mutex_init
                0x100017ee       0x1e CMakeFiles/test_RTC_GPS.dir/D_/WORKSPACE/PSE2_RP2040/RP_2040/FW/pico-sdk/src/common/pico_sync/mutex.c.obj
                0x100017ee                recursive_mutex_init
 .text.critical_section_init_with_lock_num
                0x1000180c       0x14 CMakeFiles/test_RTC_GPS.dir/D_/WORKSPACE/PSE2_RP2040/RP_2040/FW/pico-sdk/src/common/pico_sync/critical_section.c.obj
                0x1000180c                critical_section_init_with_lock_num
 .text.critical_section_init
                0x10001820       0x14 CMakeFiles/test_RTC_GPS.dir/D_/WORKSPACE/PSE2_RP2040/RP_2040/FW/pico-sdk/src/common/pico_sync/critical_section.c.obj
                0x10001820                critical_section_init
 .text.ph_add_child_node
                0x10001834       0xa4 CMakeFiles/test_RTC_GPS.dir/D_/WORKSPACE/PSE2_RP2040/RP_2040/FW/pico-sdk/src/common/pico_util/pheap.c.obj
 .text.ph_merge_nodes
                0x100018d8       0x3e CMakeFiles/test_RTC_GPS.dir/D_/WORKSPACE/PSE2_RP2040/RP_2040/FW/pico-sdk/src/common/pico_util/pheap.c.obj
 *fill*         0x10001916        0x2 
 .text.ph_clear
                0x10001918       0x70 CMakeFiles/test_RTC_GPS.dir/D_/WORKSPACE/PSE2_RP2040/RP_2040/FW/pico-sdk/src/common/pico_util/pheap.c.obj
                0x10001918                ph_clear
 .text.ph_post_alloc_init
                0x10001988        0xe CMakeFiles/test_RTC_GPS.dir/D_/WORKSPACE/PSE2_RP2040/RP_2040/FW/pico-sdk/src/common/pico_util/pheap.c.obj
                0x10001988                ph_post_alloc_init
 *fill*         0x10001996        0x2 
 .text.ph_merge_two_pass
                0x10001998       0xa8 CMakeFiles/test_RTC_GPS.dir/D_/WORKSPACE/PSE2_RP2040/RP_2040/FW/pico-sdk/src/common/pico_util/pheap.c.obj
                0x10001998                ph_merge_two_pass
 .text.ph_remove_any_head
                0x10001a40      0x108 CMakeFiles/test_RTC_GPS.dir/D_/WORKSPACE/PSE2_RP2040/RP_2040/FW/pico-sdk/src/common/pico_util/pheap.c.obj
 .text.ph_remove_head
                0x10001b48       0x14 CMakeFiles/test_RTC_GPS.dir/D_/WORKSPACE/PSE2_RP2040/RP_2040/FW/pico-sdk/src/common/pico_util/pheap.c.obj
                0x10001b48                ph_remove_head
 .text.ph_remove_and_free_node
                0x10001b5c       0xf8 CMakeFiles/test_RTC_GPS.dir/D_/WORKSPACE/PSE2_RP2040/RP_2040/FW/pico-sdk/src/common/pico_util/pheap.c.obj
                0x10001b5c                ph_remove_and_free_node
 .text._exit    0x10001c54        0x4 CMakeFiles/test_RTC_GPS.dir/D_/WORKSPACE/PSE2_RP2040/RP_2040/FW/pico-sdk/src/rp2_common/pico_runtime/runtime.c.obj
                0x10001c54                _exit
 .text.exit     0x10001c58        0x6 CMakeFiles/test_RTC_GPS.dir/D_/WORKSPACE/PSE2_RP2040/RP_2040/FW/pico-sdk/src/rp2_common/pico_runtime/runtime.c.obj
                0x10001c58                exit
 *fill*         0x10001c5e        0x2 
 .text.__assert_func
                0x10001c60       0x3c CMakeFiles/test_RTC_GPS.dir/D_/WORKSPACE/PSE2_RP2040/RP_2040/FW/pico-sdk/src/rp2_common/pico_runtime/runtime.c.obj
                0x10001c60                __assert_func
 .text.runtime_init
                0x10001c9c       0xf8 CMakeFiles/test_RTC_GPS.dir/D_/WORKSPACE/PSE2_RP2040/RP_2040/FW/pico-sdk/src/rp2_common/pico_runtime/runtime.c.obj
                0x10001c9c                runtime_init
 .text.panic    0x10001d94       0x30 CMakeFiles/test_RTC_GPS.dir/D_/WORKSPACE/PSE2_RP2040/RP_2040/FW/pico-sdk/src/rp2_common/pico_runtime/runtime.c.obj
                0x10001d94                panic
 .text.clock_configure
                0x10001dc4      0x104 CMakeFiles/test_RTC_GPS.dir/D_/WORKSPACE/PSE2_RP2040/RP_2040/FW/pico-sdk/src/rp2_common/hardware_clocks/clocks.c.obj
                0x10001dc4                clock_configure
 .text.clocks_init
                0x10001ec8      0x100 CMakeFiles/test_RTC_GPS.dir/D_/WORKSPACE/PSE2_RP2040/RP_2040/FW/pico-sdk/src/rp2_common/hardware_clocks/clocks.c.obj
                0x10001ec8                clocks_init
 .text.clock_get_hz
                0x10001fc8        0xc CMakeFiles/test_RTC_GPS.dir/D_/WORKSPACE/PSE2_RP2040/RP_2040/FW/pico-sdk/src/rp2_common/hardware_clocks/clocks.c.obj
                0x10001fc8                clock_get_hz
 .text.set_raw_irq_handler_and_unlock
                0x10001fd4       0x28 CMakeFiles/test_RTC_GPS.dir/D_/WORKSPACE/PSE2_RP2040/RP_2040/FW/pico-sdk/src/rp2_common/hardware_irq/irq.c.obj
 .text.make_branch
                0x10001ffc       0x34 CMakeFiles/test_RTC_GPS.dir/D_/WORKSPACE/PSE2_RP2040/RP_2040/FW/pico-sdk/src/rp2_common/hardware_irq/irq.c.obj
 .text.insert_branch_and_link
                0x10002030       0x40 CMakeFiles/test_RTC_GPS.dir/D_/WORKSPACE/PSE2_RP2040/RP_2040/FW/pico-sdk/src/rp2_common/hardware_irq/irq.c.obj
 .text.irq_is_enabled
                0x10002070       0x18 CMakeFiles/test_RTC_GPS.dir/D_/WORKSPACE/PSE2_RP2040/RP_2040/FW/pico-sdk/src/rp2_common/hardware_irq/irq.c.obj
                0x10002070                irq_is_enabled
 .text.irq_set_mask_enabled
                0x10002088       0x20 CMakeFiles/test_RTC_GPS.dir/D_/WORKSPACE/PSE2_RP2040/RP_2040/FW/pico-sdk/src/rp2_common/hardware_irq/irq.c.obj
                0x10002088                irq_set_mask_enabled
 .text.irq_set_enabled
                0x100020a8        0xe CMakeFiles/test_RTC_GPS.dir/D_/WORKSPACE/PSE2_RP2040/RP_2040/FW/pico-sdk/src/rp2_common/hardware_irq/irq.c.obj
                0x100020a8                irq_set_enabled
 *fill*         0x100020b6        0x2 
 .text.irq_set_pending
                0x100020b8       0x10 CMakeFiles/test_RTC_GPS.dir/D_/WORKSPACE/PSE2_RP2040/RP_2040/FW/pico-sdk/src/rp2_common/hardware_irq/irq.c.obj
                0x100020b8                irq_set_pending
 .text.irq_get_vtable_handler
                0x100020c8       0x10 CMakeFiles/test_RTC_GPS.dir/D_/WORKSPACE/PSE2_RP2040/RP_2040/FW/pico-sdk/src/rp2_common/hardware_irq/irq.c.obj
                0x100020c8                irq_get_vtable_handler
 .text.irq_set_exclusive_handler
                0x100020d8       0x54 CMakeFiles/test_RTC_GPS.dir/D_/WORKSPACE/PSE2_RP2040/RP_2040/FW/pico-sdk/src/rp2_common/hardware_irq/irq.c.obj
                0x100020d8                irq_set_exclusive_handler
 .text.irq_remove_handler
                0x1000212c      0x1ac CMakeFiles/test_RTC_GPS.dir/D_/WORKSPACE/PSE2_RP2040/RP_2040/FW/pico-sdk/src/rp2_common/hardware_irq/irq.c.obj
                0x1000212c                irq_remove_handler
 .text.irq_add_tail_to_free_list
                0x100022d8       0xf0 CMakeFiles/test_RTC_GPS.dir/D_/WORKSPACE/PSE2_RP2040/RP_2040/FW/pico-sdk/src/rp2_common/hardware_irq/irq.c.obj
                0x100022d8                irq_add_tail_to_free_list
 .text.irq_init_priorities
                0x100023c8       0x1c CMakeFiles/test_RTC_GPS.dir/D_/WORKSPACE/PSE2_RP2040/RP_2040/FW/pico-sdk/src/rp2_common/hardware_irq/irq.c.obj
                0x100023c8                irq_init_priorities
 .text.pll_init
                0x100023e4      0x118 CMakeFiles/test_RTC_GPS.dir/D_/WORKSPACE/PSE2_RP2040/RP_2040/FW/pico-sdk/src/rp2_common/hardware_pll/pll.c.obj
                0x100023e4                pll_init
 .text.watchdog_start_tick
                0x100024fc       0x10 CMakeFiles/test_RTC_GPS.dir/D_/WORKSPACE/PSE2_RP2040/RP_2040/FW/pico-sdk/src/rp2_common/hardware_watchdog/watchdog.c.obj
                0x100024fc                watchdog_start_tick
 .text.watchdog_update
                0x1000250c       0x14 CMakeFiles/test_RTC_GPS.dir/D_/WORKSPACE/PSE2_RP2040/RP_2040/FW/pico-sdk/src/rp2_common/hardware_watchdog/watchdog.c.obj
                0x1000250c                watchdog_update
 .text._watchdog_enable
                0x10002520       0x78 CMakeFiles/test_RTC_GPS.dir/D_/WORKSPACE/PSE2_RP2040/RP_2040/FW/pico-sdk/src/rp2_common/hardware_watchdog/watchdog.c.obj
                0x10002520                _watchdog_enable
 .text.watchdog_reboot
                0x10002598       0x48 CMakeFiles/test_RTC_GPS.dir/D_/WORKSPACE/PSE2_RP2040/RP_2040/FW/pico-sdk/src/rp2_common/hardware_watchdog/watchdog.c.obj
                0x10002598                watchdog_reboot
 .text.xosc_init
                0x100025e0       0x28 CMakeFiles/test_RTC_GPS.dir/D_/WORKSPACE/PSE2_RP2040/RP_2040/FW/pico-sdk/src/rp2_common/hardware_xosc/xosc.c.obj
                0x100025e0                xosc_init
 .text._out_null
                0x10002608        0x2 CMakeFiles/test_RTC_GPS.dir/D_/WORKSPACE/PSE2_RP2040/RP_2040/FW/pico-sdk/src/rp2_common/pico_printf/printf.c.obj
 .text._out_fct
                0x1000260a        0xe CMakeFiles/test_RTC_GPS.dir/D_/WORKSPACE/PSE2_RP2040/RP_2040/FW/pico-sdk/src/rp2_common/pico_printf/printf.c.obj
 .text._atoi    0x10002618       0x24 CMakeFiles/test_RTC_GPS.dir/D_/WORKSPACE/PSE2_RP2040/RP_2040/FW/pico-sdk/src/rp2_common/pico_printf/printf.c.obj
 .text._out_rev
                0x1000263c       0xae CMakeFiles/test_RTC_GPS.dir/D_/WORKSPACE/PSE2_RP2040/RP_2040/FW/pico-sdk/src/rp2_common/pico_printf/printf.c.obj
 .text._ntoa_format
                0x100026ea      0x112 CMakeFiles/test_RTC_GPS.dir/D_/WORKSPACE/PSE2_RP2040/RP_2040/FW/pico-sdk/src/rp2_common/pico_printf/printf.c.obj
 .text._ntoa_long
                0x100027fc       0xbc CMakeFiles/test_RTC_GPS.dir/D_/WORKSPACE/PSE2_RP2040/RP_2040/FW/pico-sdk/src/rp2_common/pico_printf/printf.c.obj
 .text._ntoa_long_long
                0x100028b8       0xe2 CMakeFiles/test_RTC_GPS.dir/D_/WORKSPACE/PSE2_RP2040/RP_2040/FW/pico-sdk/src/rp2_common/pico_printf/printf.c.obj
 *fill*         0x1000299a        0x2 
 .text._etoa    0x1000299c      0x414 CMakeFiles/test_RTC_GPS.dir/D_/WORKSPACE/PSE2_RP2040/RP_2040/FW/pico-sdk/src/rp2_common/pico_printf/printf.c.obj
 .text._ftoa    0x10002db0      0x354 CMakeFiles/test_RTC_GPS.dir/D_/WORKSPACE/PSE2_RP2040/RP_2040/FW/pico-sdk/src/rp2_common/pico_printf/printf.c.obj
 .text._vsnprintf
                0x10003104      0x624 CMakeFiles/test_RTC_GPS.dir/D_/WORKSPACE/PSE2_RP2040/RP_2040/FW/pico-sdk/src/rp2_common/pico_printf/printf.c.obj
 .text.vfctprintf
                0x10003728       0x20 CMakeFiles/test_RTC_GPS.dir/D_/WORKSPACE/PSE2_RP2040/RP_2040/FW/pico-sdk/src/rp2_common/pico_printf/printf.c.obj
                0x10003728                vfctprintf
 .text          0x10003748       0x10 CMakeFiles/test_RTC_GPS.dir/D_/WORKSPACE/PSE2_RP2040/RP_2040/FW/pico-sdk/src/rp2_common/pico_bit_ops/bit_ops_aeabi.S.obj
 .text.rom_func_lookup
                0x10003758       0x10 CMakeFiles/test_RTC_GPS.dir/D_/WORKSPACE/PSE2_RP2040/RP_2040/FW/pico-sdk/src/rp2_common/pico_bootrom/bootrom.c.obj
                0x10003758                rom_func_lookup
 .text.rom_data_lookup
                0x10003768       0x10 CMakeFiles/test_RTC_GPS.dir/D_/WORKSPACE/PSE2_RP2040/RP_2040/FW/pico-sdk/src/rp2_common/pico_bootrom/bootrom.c.obj
                0x10003768                rom_data_lookup
 .text.rom_funcs_lookup
                0x10003778       0x36 CMakeFiles/test_RTC_GPS.dir/D_/WORKSPACE/PSE2_RP2040/RP_2040/FW/pico-sdk/src/rp2_common/pico_bootrom/bootrom.c.obj
                0x10003778                rom_funcs_lookup
 *fill*         0x100037ae        0x2 
 .text.__wrap___aeabi_idiv
                0x100037b0       0x50 CMakeFiles/test_RTC_GPS.dir/D_/WORKSPACE/PSE2_RP2040/RP_2040/FW/pico-sdk/src/rp2_common/pico_divider/divider.S.obj
                0x100037b0                __wrap___aeabi_idivmod
                0x100037b0                divmod_s32s32
                0x100037b0                div_s32s32
                0x100037b0                __wrap___aeabi_idiv
                0x100037b8                divmod_s32s32_unsafe
                0x100037e4                divmod_s32s32_savestate
 .text.__wrap___aeabi_uidiv
                0x10003800       0x4c CMakeFiles/test_RTC_GPS.dir/D_/WORKSPACE/PSE2_RP2040/RP_2040/FW/pico-sdk/src/rp2_common/pico_divider/divider.S.obj
                0x10003800                __wrap___aeabi_uidiv
                0x10003800                __wrap___aeabi_uidivmod
                0x10003800                div_u32u32
                0x10003800                divmod_u32u32
                0x10003808                divmod_u32u32_unsafe
                0x10003830                divmod_u32u32_savestate
 .text.__wrap___aeabi_ldiv
                0x1000384c      0x434 CMakeFiles/test_RTC_GPS.dir/D_/WORKSPACE/PSE2_RP2040/RP_2040/FW/pico-sdk/src/rp2_common/pico_divider/divider.S.obj
                0x1000384c                div_s64s64
                0x1000384c                divmod_s64s64
                0x1000384c                __wrap___aeabi_ldivmod
                0x10003884                divmod_u64u64
                0x10003884                div_u64u64
                0x10003884                __wrap___aeabi_uldivmod
                0x10003894                divmod_u64u64_savestate
                0x100038bc                divmod_s64s64_unsafe
                0x10003944                divmod_u64u64_unsafe
 .text.__wrap___aeabi_darithmetic
                0x10003c80       0x80 CMakeFiles/test_RTC_GPS.dir/D_/WORKSPACE/PSE2_RP2040/RP_2040/FW/pico-sdk/src/rp2_common/pico_double/double_aeabi.S.obj
                0x10003c80                __wrap___aeabi_drsub
                0x10003c86                __wrap___aeabi_dsub
                0x10003c98                __wrap___aeabi_dadd
                0x10003caa                __wrap___aeabi_ddiv
                0x10003ce6                __wrap___aeabi_dmul
 .text.__wrap___aeabi_cdcmple
                0x10003d00       0x6c CMakeFiles/test_RTC_GPS.dir/D_/WORKSPACE/PSE2_RP2040/RP_2040/FW/pico-sdk/src/rp2_common/pico_double/double_aeabi.S.obj
                0x10003d00                __wrap___aeabi_cdrcmple
                0x10003d10                __wrap___aeabi_cdcmpeq
                0x10003d10                __wrap___aeabi_cdcmple
 .text.__wrap___aeabi_dcmplt
                0x10003d6c        0xc CMakeFiles/test_RTC_GPS.dir/D_/WORKSPACE/PSE2_RP2040/RP_2040/FW/pico-sdk/src/rp2_common/pico_double/double_aeabi.S.obj
                0x10003d6c                __wrap___aeabi_dcmplt
 .text.__wrap___aeabi_dcmple
                0x10003d78       0x10 CMakeFiles/test_RTC_GPS.dir/D_/WORKSPACE/PSE2_RP2040/RP_2040/FW/pico-sdk/src/rp2_common/pico_double/double_aeabi.S.obj
                0x10003d78                __wrap___aeabi_dcmple
 .text.__wrap___aeabi_dcmpge
                0x10003d88       0x10 CMakeFiles/test_RTC_GPS.dir/D_/WORKSPACE/PSE2_RP2040/RP_2040/FW/pico-sdk/src/rp2_common/pico_double/double_aeabi.S.obj
                0x10003d88                __wrap___aeabi_dcmpge
 .text.__wrap___aeabi_dcmpgt
                0x10003d98        0xa CMakeFiles/test_RTC_GPS.dir/D_/WORKSPACE/PSE2_RP2040/RP_2040/FW/pico-sdk/src/rp2_common/pico_double/double_aeabi.S.obj
                0x10003d98                __wrap___aeabi_dcmpgt
 .text.__wrap___aeabi_dcmpun
                0x10003da2       0x1c CMakeFiles/test_RTC_GPS.dir/D_/WORKSPACE/PSE2_RP2040/RP_2040/FW/pico-sdk/src/rp2_common/pico_double/double_aeabi.S.obj
                0x10003da2                __wrap___aeabi_dcmpun
 *fill*         0x10003dbe        0x2 
 .text.__wrap___aeabi_i2d
                0x10003dc0       0x38 CMakeFiles/test_RTC_GPS.dir/D_/WORKSPACE/PSE2_RP2040/RP_2040/FW/pico-sdk/src/rp2_common/pico_double/double_aeabi.S.obj
                0x10003dc0                __wrap___aeabi_ui2d
                0x10003dc8                __wrap___aeabi_i2d
 .text.__wrap___aeabi_d2iz
                0x10003df8       0x48 CMakeFiles/test_RTC_GPS.dir/D_/WORKSPACE/PSE2_RP2040/RP_2040/FW/pico-sdk/src/rp2_common/pico_double/double_aeabi.S.obj
                0x10003df8                double2int_z
                0x10003df8                __wrap___aeabi_d2iz
 .text.__wrap___aeabi_d2uiz
                0x10003e40       0x18 CMakeFiles/test_RTC_GPS.dir/D_/WORKSPACE/PSE2_RP2040/RP_2040/FW/pico-sdk/src/rp2_common/pico_double/double_aeabi.S.obj
                0x10003e40                __wrap___aeabi_d2uiz
                0x10003e40                double2uint
 .text.__aeabi_double_init
                0x10003e58       0xc8 CMakeFiles/test_RTC_GPS.dir/D_/WORKSPACE/PSE2_RP2040/RP_2040/FW/pico-sdk/src/rp2_common/pico_double/double_init_rom.c.obj
                0x10003e58                __aeabi_double_init
 .text.double_table_shim_on_use_helper
                0x10003f20       0x34 CMakeFiles/test_RTC_GPS.dir/D_/WORKSPACE/PSE2_RP2040/RP_2040/FW/pico-sdk/src/rp2_common/pico_double/double_v1_rom_shim.S.obj
                0x10003f20                double_table_shim_on_use_helper
 .text.__wrap___aeabi_dsub
                0x10003f54       0x10 CMakeFiles/test_RTC_GPS.dir/D_/WORKSPACE/PSE2_RP2040/RP_2040/FW/pico-sdk/src/rp2_common/pico_double/double_v1_rom_shim.S.obj
                0x10003f54                drsub_shim
                0x10003f5a                dsub_shim
 .text.dadd_shim
                0x10003f64      0x15c CMakeFiles/test_RTC_GPS.dir/D_/WORKSPACE/PSE2_RP2040/RP_2040/FW/pico-sdk/src/rp2_common/pico_double/double_v1_rom_shim.S.obj
                0x10003f64                dadd_shim
 .text.dmul_shim
                0x100040c0      0x15c CMakeFiles/test_RTC_GPS.dir/D_/WORKSPACE/PSE2_RP2040/RP_2040/FW/pico-sdk/src/rp2_common/pico_double/double_v1_rom_shim.S.obj
                0x100040c0                dmul_shim
 .text.ddiv_shim
                0x1000421c      0x1b0 CMakeFiles/test_RTC_GPS.dir/D_/WORKSPACE/PSE2_RP2040/RP_2040/FW/pico-sdk/src/rp2_common/pico_double/double_v1_rom_shim.S.obj
                0x1000421c                ddiv_shim
 .text.double2uint_shim
                0x100043cc        0xe CMakeFiles/test_RTC_GPS.dir/D_/WORKSPACE/PSE2_RP2040/RP_2040/FW/pico-sdk/src/rp2_common/pico_double/double_v1_rom_shim.S.obj
                0x100043cc                double2uint_shim
                0x100043ce                double2ufix_shim
 *fill*         0x100043da        0x2 
 .text.double2uint64_shim
                0x100043dc       0x70 CMakeFiles/test_RTC_GPS.dir/D_/WORKSPACE/PSE2_RP2040/RP_2040/FW/pico-sdk/src/rp2_common/pico_double/double_v1_rom_shim.S.obj
                0x100043dc                double2uint64_shim
                0x100043de                double2ufix64_shim
                0x100043fe                d2fix_a
 .text.dunpacks
                0x1000444c       0x3c CMakeFiles/test_RTC_GPS.dir/D_/WORKSPACE/PSE2_RP2040/RP_2040/FW/pico-sdk/src/rp2_common/pico_double/double_v1_rom_shim.S.obj
                0x1000444c                dunpacks
 .text.__aeabi_lmul
                0x10004488       0x32 CMakeFiles/test_RTC_GPS.dir/D_/WORKSPACE/PSE2_RP2040/RP_2040/FW/pico-sdk/src/rp2_common/pico_int64_ops/pico_int64_ops_aeabi.S.obj
                0x10004488                __wrap___aeabi_lmul
 *fill*         0x100044ba        0x2 
 .text.__aeabi_float_init
                0x100044bc       0xfc CMakeFiles/test_RTC_GPS.dir/D_/WORKSPACE/PSE2_RP2040/RP_2040/FW/pico-sdk/src/rp2_common/pico_float/float_init_rom.c.obj
                0x100044bc                __aeabi_float_init
 .text.float_table_shim_on_use_helper
                0x100045b8       0x34 CMakeFiles/test_RTC_GPS.dir/D_/WORKSPACE/PSE2_RP2040/RP_2040/FW/pico-sdk/src/rp2_common/pico_float/float_v1_rom_shim.S.obj
                0x100045b8                float_table_shim_on_use_helper
 .text          0x100045ec       0x10 CMakeFiles/test_RTC_GPS.dir/D_/WORKSPACE/PSE2_RP2040/RP_2040/FW/pico-sdk/src/rp2_common/pico_mem_ops/mem_ops_aeabi.S.obj
                0x100045ec                __aeabi_mem_init
 .text.memset   0x100045fc        0xc CMakeFiles/test_RTC_GPS.dir/D_/WORKSPACE/PSE2_RP2040/RP_2040/FW/pico-sdk/src/rp2_common/pico_mem_ops/mem_ops_aeabi.S.obj
                0x100045fc                __wrap_memset
 .text.memcpy   0x10004608        0xc CMakeFiles/test_RTC_GPS.dir/D_/WORKSPACE/PSE2_RP2040/RP_2040/FW/pico-sdk/src/rp2_common/pico_mem_ops/mem_ops_aeabi.S.obj
                0x10004608                __wrap_memcpy
                0x10004608                __wrap___aeabi_memcpy
 .text.stdio_out_chars_no_crlf
                0x10004614        0xe CMakeFiles/test_RTC_GPS.dir/D_/WORKSPACE/PSE2_RP2040/RP_2040/FW/pico-sdk/src/rp2_common/pico_stdio/stdio.c.obj
 *fill*         0x10004622        0x2 
 .text.stdio_out_chars_crlf
                0x10004624       0x80 CMakeFiles/test_RTC_GPS.dir/D_/WORKSPACE/PSE2_RP2040/RP_2040/FW/pico-sdk/src/rp2_common/pico_stdio/stdio.c.obj
 .text.stdio_stack_buffer_flush
                0x100046a4       0x44 CMakeFiles/test_RTC_GPS.dir/D_/WORKSPACE/PSE2_RP2040/RP_2040/FW/pico-sdk/src/rp2_common/pico_stdio/stdio.c.obj
 .text.stdio_buffered_printer
                0x100046e8       0x20 CMakeFiles/test_RTC_GPS.dir/D_/WORKSPACE/PSE2_RP2040/RP_2040/FW/pico-sdk/src/rp2_common/pico_stdio/stdio.c.obj
 .text.stdout_serialize_begin
                0x10004708       0x30 CMakeFiles/test_RTC_GPS.dir/D_/WORKSPACE/PSE2_RP2040/RP_2040/FW/pico-sdk/src/rp2_common/pico_stdio/stdio.c.obj
                0x10004708                stdout_serialize_begin
 .text.stdout_serialize_end
                0x10004738       0x10 CMakeFiles/test_RTC_GPS.dir/D_/WORKSPACE/PSE2_RP2040/RP_2040/FW/pico-sdk/src/rp2_common/pico_stdio/stdio.c.obj
                0x10004738                stdout_serialize_end
 .text.stdio_put_string
                0x10004748       0x98 CMakeFiles/test_RTC_GPS.dir/D_/WORKSPACE/PSE2_RP2040/RP_2040/FW/pico-sdk/src/rp2_common/pico_stdio/stdio.c.obj
 .text.stdio_set_driver_enabled
                0x100047e0       0x38 CMakeFiles/test_RTC_GPS.dir/D_/WORKSPACE/PSE2_RP2040/RP_2040/FW/pico-sdk/src/rp2_common/pico_stdio/stdio.c.obj
                0x100047e0                stdio_set_driver_enabled
 .text.stdio_flush
                0x10004818       0x20 CMakeFiles/test_RTC_GPS.dir/D_/WORKSPACE/PSE2_RP2040/RP_2040/FW/pico-sdk/src/rp2_common/pico_stdio/stdio.c.obj
                0x10004818                stdio_flush
 .text.__wrap_puts
                0x10004838       0x1e CMakeFiles/test_RTC_GPS.dir/D_/WORKSPACE/PSE2_RP2040/RP_2040/FW/pico-sdk/src/rp2_common/pico_stdio/stdio.c.obj
                0x10004838                __wrap_puts
 *fill*         0x10004856        0x2 
 .text.__wrap_vprintf
                0x10004858       0x44 CMakeFiles/test_RTC_GPS.dir/D_/WORKSPACE/PSE2_RP2040/RP_2040/FW/pico-sdk/src/rp2_common/pico_stdio/stdio.c.obj
                0x10004858                __wrap_vprintf
 .text.__wrap_printf
                0x1000489c       0x18 CMakeFiles/test_RTC_GPS.dir/D_/WORKSPACE/PSE2_RP2040/RP_2040/FW/pico-sdk/src/rp2_common/pico_stdio/stdio.c.obj
                0x1000489c                __wrap_printf
 .text.stdio_init_all
                0x100048b4        0x8 CMakeFiles/test_RTC_GPS.dir/D_/WORKSPACE/PSE2_RP2040/RP_2040/FW/pico-sdk/src/rp2_common/pico_stdio/stdio.c.obj
                0x100048b4                stdio_init_all
 .text.resetd_init
                0x100048bc        0x2 CMakeFiles/test_RTC_GPS.dir/D_/WORKSPACE/PSE2_RP2040/RP_2040/FW/pico-sdk/src/rp2_common/pico_stdio_usb/reset_interface.c.obj
 *fill*         0x100048be        0x2 
 .text.resetd_reset
                0x100048c0        0xc CMakeFiles/test_RTC_GPS.dir/D_/WORKSPACE/PSE2_RP2040/RP_2040/FW/pico-sdk/src/rp2_common/pico_stdio_usb/reset_interface.c.obj
 .text.resetd_open
                0x100048cc       0x34 CMakeFiles/test_RTC_GPS.dir/D_/WORKSPACE/PSE2_RP2040/RP_2040/FW/pico-sdk/src/rp2_common/pico_stdio_usb/reset_interface.c.obj
 .text.resetd_xfer_cb
                0x10004900        0x4 CMakeFiles/test_RTC_GPS.dir/D_/WORKSPACE/PSE2_RP2040/RP_2040/FW/pico-sdk/src/rp2_common/pico_stdio_usb/reset_interface.c.obj
 .text.reset_usb_boot
                0x10004904       0x18 CMakeFiles/test_RTC_GPS.dir/D_/WORKSPACE/PSE2_RP2040/RP_2040/FW/pico-sdk/src/rp2_common/pico_stdio_usb/reset_interface.c.obj
 .text.resetd_control_xfer_cb
                0x1000491c       0x5c CMakeFiles/test_RTC_GPS.dir/D_/WORKSPACE/PSE2_RP2040/RP_2040/FW/pico-sdk/src/rp2_common/pico_stdio_usb/reset_interface.c.obj
 .text.usbd_app_driver_get_cb
                0x10004978        0xc CMakeFiles/test_RTC_GPS.dir/D_/WORKSPACE/PSE2_RP2040/RP_2040/FW/pico-sdk/src/rp2_common/pico_stdio_usb/reset_interface.c.obj
                0x10004978                usbd_app_driver_get_cb
 .text.tud_cdc_line_coding_cb
                0x10004984       0x28 CMakeFiles/test_RTC_GPS.dir/D_/WORKSPACE/PSE2_RP2040/RP_2040/FW/pico-sdk/src/rp2_common/pico_stdio_usb/reset_interface.c.obj
                0x10004984                tud_cdc_line_coding_cb
 .text.stdio_usb_in_chars
                0x100049ac       0x70 CMakeFiles/test_RTC_GPS.dir/D_/WORKSPACE/PSE2_RP2040/RP_2040/FW/pico-sdk/src/rp2_common/pico_stdio_usb/stdio_usb.c.obj
                0x100049ac                stdio_usb_in_chars
 .text.low_priority_worker_irq
                0x10004a1c       0x20 CMakeFiles/test_RTC_GPS.dir/D_/WORKSPACE/PSE2_RP2040/RP_2040/FW/pico-sdk/src/rp2_common/pico_stdio_usb/stdio_usb.c.obj
 .text.stdio_usb_out_chars
                0x10004a3c       0xd4 CMakeFiles/test_RTC_GPS.dir/D_/WORKSPACE/PSE2_RP2040/RP_2040/FW/pico-sdk/src/rp2_common/pico_stdio_usb/stdio_usb.c.obj
 .text.timer_task
                0x10004b10       0x10 CMakeFiles/test_RTC_GPS.dir/D_/WORKSPACE/PSE2_RP2040/RP_2040/FW/pico-sdk/src/rp2_common/pico_stdio_usb/stdio_usb.c.obj
 .text.stdio_usb_init
                0x10004b20       0xb8 CMakeFiles/test_RTC_GPS.dir/D_/WORKSPACE/PSE2_RP2040/RP_2040/FW/pico-sdk/src/rp2_common/pico_stdio_usb/stdio_usb.c.obj
                0x10004b20                stdio_usb_init
 .text.tud_descriptor_device_cb
                0x10004bd8        0x8 CMakeFiles/test_RTC_GPS.dir/D_/WORKSPACE/PSE2_RP2040/RP_2040/FW/pico-sdk/src/rp2_common/pico_stdio_usb/stdio_usb_descriptors.c.obj
                0x10004bd8                tud_descriptor_device_cb
 .text.tud_descriptor_configuration_cb
                0x10004be0        0x8 CMakeFiles/test_RTC_GPS.dir/D_/WORKSPACE/PSE2_RP2040/RP_2040/FW/pico-sdk/src/rp2_common/pico_stdio_usb/stdio_usb_descriptors.c.obj
                0x10004be0                tud_descriptor_configuration_cb
 .text.tud_descriptor_string_cb
                0x10004be8       0x6c CMakeFiles/test_RTC_GPS.dir/D_/WORKSPACE/PSE2_RP2040/RP_2040/FW/pico-sdk/src/rp2_common/pico_stdio_usb/stdio_usb_descriptors.c.obj
                0x10004be8                tud_descriptor_string_cb
 .text.hw_endpoint_get_by_addr
                0x10004c54       0x18 CMakeFiles/test_RTC_GPS.dir/D_/WORKSPACE/PSE2_RP2040/RP_2040/FW/pico-sdk/lib/tinyusb/src/portable/raspberrypi/rp2040/dcd_rp2040.c.obj
 .text.reset_ep0_pid
                0x10004c6c       0x28 CMakeFiles/test_RTC_GPS.dir/D_/WORKSPACE/PSE2_RP2040/RP_2040/FW/pico-sdk/lib/tinyusb/src/portable/raspberrypi/rp2040/dcd_rp2040.c.obj
 .text._hw_endpoint_alloc
                0x10004c94       0x70 CMakeFiles/test_RTC_GPS.dir/D_/WORKSPACE/PSE2_RP2040/RP_2040/FW/pico-sdk/lib/tinyusb/src/portable/raspberrypi/rp2040/dcd_rp2040.c.obj
 .text.hw_endpoint_init
                0x10004d04       0x88 CMakeFiles/test_RTC_GPS.dir/D_/WORKSPACE/PSE2_RP2040/RP_2040/FW/pico-sdk/lib/tinyusb/src/portable/raspberrypi/rp2040/dcd_rp2040.c.obj
 .text.reset_non_control_endpoints
                0x10004d8c       0x40 CMakeFiles/test_RTC_GPS.dir/D_/WORKSPACE/PSE2_RP2040/RP_2040/FW/pico-sdk/lib/tinyusb/src/portable/raspberrypi/rp2040/dcd_rp2040.c.obj
 .text.hw_handle_buff_status
                0x10004dcc       0x8c CMakeFiles/test_RTC_GPS.dir/D_/WORKSPACE/PSE2_RP2040/RP_2040/FW/pico-sdk/lib/tinyusb/src/portable/raspberrypi/rp2040/dcd_rp2040.c.obj
 .text.dcd_rp2040_irq
                0x10004e58       0xc0 CMakeFiles/test_RTC_GPS.dir/D_/WORKSPACE/PSE2_RP2040/RP_2040/FW/pico-sdk/lib/tinyusb/src/portable/raspberrypi/rp2040/dcd_rp2040.c.obj
 .text.hw_endpoint_xfer
                0x10004f18       0x14 CMakeFiles/test_RTC_GPS.dir/D_/WORKSPACE/PSE2_RP2040/RP_2040/FW/pico-sdk/lib/tinyusb/src/portable/raspberrypi/rp2040/dcd_rp2040.c.obj
 .text.dcd_int_enable
                0x10004f2c       0x2c CMakeFiles/test_RTC_GPS.dir/D_/WORKSPACE/PSE2_RP2040/RP_2040/FW/pico-sdk/lib/tinyusb/src/portable/raspberrypi/rp2040/dcd_rp2040.c.obj
                0x10004f2c                dcd_int_enable
 .text.dcd_set_address
                0x10004f58       0x2c CMakeFiles/test_RTC_GPS.dir/D_/WORKSPACE/PSE2_RP2040/RP_2040/FW/pico-sdk/lib/tinyusb/src/portable/raspberrypi/rp2040/dcd_rp2040.c.obj
                0x10004f58                dcd_set_address
 .text.dcd_connect
                0x10004f84       0x10 CMakeFiles/test_RTC_GPS.dir/D_/WORKSPACE/PSE2_RP2040/RP_2040/FW/pico-sdk/lib/tinyusb/src/portable/raspberrypi/rp2040/dcd_rp2040.c.obj
                0x10004f84                dcd_connect
 .text.dcd_init
                0x10004f94       0x7c CMakeFiles/test_RTC_GPS.dir/D_/WORKSPACE/PSE2_RP2040/RP_2040/FW/pico-sdk/lib/tinyusb/src/portable/raspberrypi/rp2040/dcd_rp2040.c.obj
                0x10004f94                dcd_init
 .text.dcd_edpt0_status_complete
                0x10005010       0x1c CMakeFiles/test_RTC_GPS.dir/D_/WORKSPACE/PSE2_RP2040/RP_2040/FW/pico-sdk/lib/tinyusb/src/portable/raspberrypi/rp2040/dcd_rp2040.c.obj
                0x10005010                dcd_edpt0_status_complete
 .text.dcd_edpt_open
                0x1000502c       0x40 CMakeFiles/test_RTC_GPS.dir/D_/WORKSPACE/PSE2_RP2040/RP_2040/FW/pico-sdk/lib/tinyusb/src/portable/raspberrypi/rp2040/dcd_rp2040.c.obj
                0x1000502c                dcd_edpt_open
 .text.dcd_edpt_close_all
                0x1000506c        0x8 CMakeFiles/test_RTC_GPS.dir/D_/WORKSPACE/PSE2_RP2040/RP_2040/FW/pico-sdk/lib/tinyusb/src/portable/raspberrypi/rp2040/dcd_rp2040.c.obj
                0x1000506c                dcd_edpt_close_all
 .text.dcd_edpt_xfer
                0x10005074       0x30 CMakeFiles/test_RTC_GPS.dir/D_/WORKSPACE/PSE2_RP2040/RP_2040/FW/pico-sdk/lib/tinyusb/src/portable/raspberrypi/rp2040/dcd_rp2040.c.obj
                0x10005074                dcd_edpt_xfer
 .text.dcd_edpt_stall
                0x100050a4       0x2c CMakeFiles/test_RTC_GPS.dir/D_/WORKSPACE/PSE2_RP2040/RP_2040/FW/pico-sdk/lib/tinyusb/src/portable/raspberrypi/rp2040/dcd_rp2040.c.obj
                0x100050a4                dcd_edpt_stall
 .text.dcd_edpt_clear_stall
                0x100050d0       0x20 CMakeFiles/test_RTC_GPS.dir/D_/WORKSPACE/PSE2_RP2040/RP_2040/FW/pico-sdk/lib/tinyusb/src/portable/raspberrypi/rp2040/dcd_rp2040.c.obj
                0x100050d0                dcd_edpt_clear_stall
 .text.prepare_ep_buffer
                0x100050f0       0x70 CMakeFiles/test_RTC_GPS.dir/D_/WORKSPACE/PSE2_RP2040/RP_2040/FW/pico-sdk/lib/tinyusb/src/portable/raspberrypi/rp2040/rp2040_usb.c.obj
 .text.sync_ep_buffer
                0x10005160       0x7c CMakeFiles/test_RTC_GPS.dir/D_/WORKSPACE/PSE2_RP2040/RP_2040/FW/pico-sdk/lib/tinyusb/src/portable/raspberrypi/rp2040/rp2040_usb.c.obj
 .text._hw_endpoint_xfer_sync
                0x100051dc       0x28 CMakeFiles/test_RTC_GPS.dir/D_/WORKSPACE/PSE2_RP2040/RP_2040/FW/pico-sdk/lib/tinyusb/src/portable/raspberrypi/rp2040/rp2040_usb.c.obj
 .text.rp2040_usb_init
                0x10005204       0x4c CMakeFiles/test_RTC_GPS.dir/D_/WORKSPACE/PSE2_RP2040/RP_2040/FW/pico-sdk/lib/tinyusb/src/portable/raspberrypi/rp2040/rp2040_usb.c.obj
                0x10005204                rp2040_usb_init
 .text.hw_endpoint_reset_transfer
                0x10005250        0xc CMakeFiles/test_RTC_GPS.dir/D_/WORKSPACE/PSE2_RP2040/RP_2040/FW/pico-sdk/lib/tinyusb/src/portable/raspberrypi/rp2040/rp2040_usb.c.obj
                0x10005250                hw_endpoint_reset_transfer
 .text._hw_endpoint_buffer_control_update32
                0x1000525c       0x58 CMakeFiles/test_RTC_GPS.dir/D_/WORKSPACE/PSE2_RP2040/RP_2040/FW/pico-sdk/lib/tinyusb/src/portable/raspberrypi/rp2040/rp2040_usb.c.obj
                0x1000525c                _hw_endpoint_buffer_control_update32
 .text._hw_endpoint_start_next_buffer
                0x100052b4       0x74 CMakeFiles/test_RTC_GPS.dir/D_/WORKSPACE/PSE2_RP2040/RP_2040/FW/pico-sdk/lib/tinyusb/src/portable/raspberrypi/rp2040/rp2040_usb.c.obj
 .text.hw_endpoint_xfer_start
                0x10005328       0x48 CMakeFiles/test_RTC_GPS.dir/D_/WORKSPACE/PSE2_RP2040/RP_2040/FW/pico-sdk/lib/tinyusb/src/portable/raspberrypi/rp2040/rp2040_usb.c.obj
                0x10005328                hw_endpoint_xfer_start
 .text.hw_endpoint_xfer_continue
                0x10005370       0x38 CMakeFiles/test_RTC_GPS.dir/D_/WORKSPACE/PSE2_RP2040/RP_2040/FW/pico-sdk/lib/tinyusb/src/portable/raspberrypi/rp2040/rp2040_usb.c.obj
                0x10005370                hw_endpoint_xfer_continue
 .text.configuration_reset
                0x100053a8       0x84 CMakeFiles/test_RTC_GPS.dir/D_/WORKSPACE/PSE2_RP2040/RP_2040/FW/pico-sdk/lib/tinyusb/src/device/usbd.c.obj
 .text.usbd_reset
                0x1000542c        0xc CMakeFiles/test_RTC_GPS.dir/D_/WORKSPACE/PSE2_RP2040/RP_2040/FW/pico-sdk/lib/tinyusb/src/device/usbd.c.obj
 .text.invoke_class_control
                0x10005438       0x1a CMakeFiles/test_RTC_GPS.dir/D_/WORKSPACE/PSE2_RP2040/RP_2040/FW/pico-sdk/lib/tinyusb/src/device/usbd.c.obj
 *fill*         0x10005452        0x2 
 .text.process_set_config
                0x10005454      0x1b0 CMakeFiles/test_RTC_GPS.dir/D_/WORKSPACE/PSE2_RP2040/RP_2040/FW/pico-sdk/lib/tinyusb/src/device/usbd.c.obj
 .text.process_get_descriptor
                0x10005604       0xec CMakeFiles/test_RTC_GPS.dir/D_/WORKSPACE/PSE2_RP2040/RP_2040/FW/pico-sdk/lib/tinyusb/src/device/usbd.c.obj
 .text.tud_mounted
                0x100056f0       0x10 CMakeFiles/test_RTC_GPS.dir/D_/WORKSPACE/PSE2_RP2040/RP_2040/FW/pico-sdk/lib/tinyusb/src/device/usbd.c.obj
                0x100056f0                tud_mounted
 .text.tud_suspended
                0x10005700       0x10 CMakeFiles/test_RTC_GPS.dir/D_/WORKSPACE/PSE2_RP2040/RP_2040/FW/pico-sdk/lib/tinyusb/src/device/usbd.c.obj
                0x10005700                tud_suspended
 .text.tud_inited
                0x10005710        0xc CMakeFiles/test_RTC_GPS.dir/D_/WORKSPACE/PSE2_RP2040/RP_2040/FW/pico-sdk/lib/tinyusb/src/device/usbd.c.obj
                0x10005710                tud_inited
 .text.tud_init
                0x1000571c       0xcc CMakeFiles/test_RTC_GPS.dir/D_/WORKSPACE/PSE2_RP2040/RP_2040/FW/pico-sdk/lib/tinyusb/src/device/usbd.c.obj
                0x1000571c                tud_init
 .text.dcd_event_handler
                0x100057e8      0x1e0 CMakeFiles/test_RTC_GPS.dir/D_/WORKSPACE/PSE2_RP2040/RP_2040/FW/pico-sdk/lib/tinyusb/src/device/usbd.c.obj
                0x100057e8                dcd_event_handler
 .text.dcd_event_bus_signal
                0x100059c8       0x26 CMakeFiles/test_RTC_GPS.dir/D_/WORKSPACE/PSE2_RP2040/RP_2040/FW/pico-sdk/lib/tinyusb/src/device/usbd.c.obj
                0x100059c8                dcd_event_bus_signal
 .text.dcd_event_bus_reset
                0x100059ee       0x2a CMakeFiles/test_RTC_GPS.dir/D_/WORKSPACE/PSE2_RP2040/RP_2040/FW/pico-sdk/lib/tinyusb/src/device/usbd.c.obj
                0x100059ee                dcd_event_bus_reset
 .text.dcd_event_setup_received
                0x10005a18       0x34 CMakeFiles/test_RTC_GPS.dir/D_/WORKSPACE/PSE2_RP2040/RP_2040/FW/pico-sdk/lib/tinyusb/src/device/usbd.c.obj
                0x10005a18                dcd_event_setup_received
 .text.dcd_event_xfer_complete
                0x10005a4c       0x44 CMakeFiles/test_RTC_GPS.dir/D_/WORKSPACE/PSE2_RP2040/RP_2040/FW/pico-sdk/lib/tinyusb/src/device/usbd.c.obj
                0x10005a4c                dcd_event_xfer_complete
 .text.usbd_edpt_open
                0x10005a90       0x58 CMakeFiles/test_RTC_GPS.dir/D_/WORKSPACE/PSE2_RP2040/RP_2040/FW/pico-sdk/lib/tinyusb/src/device/usbd.c.obj
                0x10005a90                usbd_edpt_open
 .text.usbd_open_edpt_pair
                0x10005ae8       0x8c CMakeFiles/test_RTC_GPS.dir/D_/WORKSPACE/PSE2_RP2040/RP_2040/FW/pico-sdk/lib/tinyusb/src/device/usbd.c.obj
                0x10005ae8                usbd_open_edpt_pair
 .text.usbd_edpt_claim
                0x10005b74       0x8c CMakeFiles/test_RTC_GPS.dir/D_/WORKSPACE/PSE2_RP2040/RP_2040/FW/pico-sdk/lib/tinyusb/src/device/usbd.c.obj
                0x10005b74                usbd_edpt_claim
 .text.usbd_edpt_release
                0x10005c00       0x68 CMakeFiles/test_RTC_GPS.dir/D_/WORKSPACE/PSE2_RP2040/RP_2040/FW/pico-sdk/lib/tinyusb/src/device/usbd.c.obj
                0x10005c00                usbd_edpt_release
 .text.usbd_edpt_xfer
                0x10005c68       0x80 CMakeFiles/test_RTC_GPS.dir/D_/WORKSPACE/PSE2_RP2040/RP_2040/FW/pico-sdk/lib/tinyusb/src/device/usbd.c.obj
                0x10005c68                usbd_edpt_xfer
 .text.usbd_edpt_stall
                0x10005ce8       0x40 CMakeFiles/test_RTC_GPS.dir/D_/WORKSPACE/PSE2_RP2040/RP_2040/FW/pico-sdk/lib/tinyusb/src/device/usbd.c.obj
                0x10005ce8                usbd_edpt_stall
 .text.usbd_edpt_clear_stall
                0x10005d28       0x40 CMakeFiles/test_RTC_GPS.dir/D_/WORKSPACE/PSE2_RP2040/RP_2040/FW/pico-sdk/lib/tinyusb/src/device/usbd.c.obj
                0x10005d28                usbd_edpt_clear_stall
 .text.usbd_edpt_stalled
                0x10005d68       0x1c CMakeFiles/test_RTC_GPS.dir/D_/WORKSPACE/PSE2_RP2040/RP_2040/FW/pico-sdk/lib/tinyusb/src/device/usbd.c.obj
                0x10005d68                usbd_edpt_stalled
 .text.process_control_request
                0x10005d84      0x3b8 CMakeFiles/test_RTC_GPS.dir/D_/WORKSPACE/PSE2_RP2040/RP_2040/FW/pico-sdk/lib/tinyusb/src/device/usbd.c.obj
 .text.tud_task
                0x1000613c      0x218 CMakeFiles/test_RTC_GPS.dir/D_/WORKSPACE/PSE2_RP2040/RP_2040/FW/pico-sdk/lib/tinyusb/src/device/usbd.c.obj
                0x1000613c                tud_task
 .text._data_stage_xact
                0x10006354       0x58 CMakeFiles/test_RTC_GPS.dir/D_/WORKSPACE/PSE2_RP2040/RP_2040/FW/pico-sdk/lib/tinyusb/src/device/usbd_control.c.obj
 .text.tud_control_status
                0x100063ac       0x38 CMakeFiles/test_RTC_GPS.dir/D_/WORKSPACE/PSE2_RP2040/RP_2040/FW/pico-sdk/lib/tinyusb/src/device/usbd_control.c.obj
                0x100063ac                tud_control_status
 .text.tud_control_xfer
                0x100063e4       0xa8 CMakeFiles/test_RTC_GPS.dir/D_/WORKSPACE/PSE2_RP2040/RP_2040/FW/pico-sdk/lib/tinyusb/src/device/usbd_control.c.obj
                0x100063e4                tud_control_xfer
 .text.usbd_control_reset
                0x1000648c       0x14 CMakeFiles/test_RTC_GPS.dir/D_/WORKSPACE/PSE2_RP2040/RP_2040/FW/pico-sdk/lib/tinyusb/src/device/usbd_control.c.obj
                0x1000648c                usbd_control_reset
 .text.usbd_control_set_complete_callback
                0x100064a0        0xc CMakeFiles/test_RTC_GPS.dir/D_/WORKSPACE/PSE2_RP2040/RP_2040/FW/pico-sdk/lib/tinyusb/src/device/usbd_control.c.obj
                0x100064a0                usbd_control_set_complete_callback
 .text.usbd_control_set_request
                0x100064ac       0x1c CMakeFiles/test_RTC_GPS.dir/D_/WORKSPACE/PSE2_RP2040/RP_2040/FW/pico-sdk/lib/tinyusb/src/device/usbd_control.c.obj
                0x100064ac                usbd_control_set_request
 .text.usbd_control_xfer_cb
                0x100064c8       0xfc CMakeFiles/test_RTC_GPS.dir/D_/WORKSPACE/PSE2_RP2040/RP_2040/FW/pico-sdk/lib/tinyusb/src/device/usbd_control.c.obj
                0x100064c8                usbd_control_xfer_cb
 .text._prep_out_transaction
                0x100065c4       0x46 CMakeFiles/test_RTC_GPS.dir/D_/WORKSPACE/PSE2_RP2040/RP_2040/FW/pico-sdk/lib/tinyusb/src/class/cdc/cdc_device.c.obj
 *fill*         0x1000660a        0x2 
 .text.tud_cdc_n_connected
                0x1000660c       0x44 CMakeFiles/test_RTC_GPS.dir/D_/WORKSPACE/PSE2_RP2040/RP_2040/FW/pico-sdk/lib/tinyusb/src/class/cdc/cdc_device.c.obj
                0x1000660c                tud_cdc_n_connected
 .text.tud_cdc_n_available
                0x10006650       0x18 CMakeFiles/test_RTC_GPS.dir/D_/WORKSPACE/PSE2_RP2040/RP_2040/FW/pico-sdk/lib/tinyusb/src/class/cdc/cdc_device.c.obj
                0x10006650                tud_cdc_n_available
 .text.tud_cdc_n_read
                0x10006668       0x28 CMakeFiles/test_RTC_GPS.dir/D_/WORKSPACE/PSE2_RP2040/RP_2040/FW/pico-sdk/lib/tinyusb/src/class/cdc/cdc_device.c.obj
                0x10006668                tud_cdc_n_read
 .text.tud_cdc_n_write_flush
                0x10006690       0xcc CMakeFiles/test_RTC_GPS.dir/D_/WORKSPACE/PSE2_RP2040/RP_2040/FW/pico-sdk/lib/tinyusb/src/class/cdc/cdc_device.c.obj
                0x10006690                tud_cdc_n_write_flush
 .text.tud_cdc_n_write
                0x1000675c       0x38 CMakeFiles/test_RTC_GPS.dir/D_/WORKSPACE/PSE2_RP2040/RP_2040/FW/pico-sdk/lib/tinyusb/src/class/cdc/cdc_device.c.obj
                0x1000675c                tud_cdc_n_write
 .text.tud_cdc_n_write_available
                0x10006794       0x1c CMakeFiles/test_RTC_GPS.dir/D_/WORKSPACE/PSE2_RP2040/RP_2040/FW/pico-sdk/lib/tinyusb/src/class/cdc/cdc_device.c.obj
                0x10006794                tud_cdc_n_write_available
 .text.cdcd_init
                0x100067b0       0xbc CMakeFiles/test_RTC_GPS.dir/D_/WORKSPACE/PSE2_RP2040/RP_2040/FW/pico-sdk/lib/tinyusb/src/class/cdc/cdc_device.c.obj
                0x100067b0                cdcd_init
 .text.cdcd_reset
                0x1000686c       0x44 CMakeFiles/test_RTC_GPS.dir/D_/WORKSPACE/PSE2_RP2040/RP_2040/FW/pico-sdk/lib/tinyusb/src/class/cdc/cdc_device.c.obj
                0x1000686c                cdcd_reset
 .text.cdcd_open
                0x100068b0       0xf8 CMakeFiles/test_RTC_GPS.dir/D_/WORKSPACE/PSE2_RP2040/RP_2040/FW/pico-sdk/lib/tinyusb/src/class/cdc/cdc_device.c.obj
                0x100068b0                cdcd_open
 .text.cdcd_control_xfer_cb
                0x100069a8      0x134 CMakeFiles/test_RTC_GPS.dir/D_/WORKSPACE/PSE2_RP2040/RP_2040/FW/pico-sdk/lib/tinyusb/src/class/cdc/cdc_device.c.obj
                0x100069a8                cdcd_control_xfer_cb
 .text.cdcd_xfer_cb
                0x10006adc      0x144 CMakeFiles/test_RTC_GPS.dir/D_/WORKSPACE/PSE2_RP2040/RP_2040/FW/pico-sdk/lib/tinyusb/src/class/cdc/cdc_device.c.obj
                0x10006adc                cdcd_xfer_cb
 .text.tusb_init
                0x10006c20       0x24 CMakeFiles/test_RTC_GPS.dir/D_/WORKSPACE/PSE2_RP2040/RP_2040/FW/pico-sdk/lib/tinyusb/src/tusb.c.obj
                0x10006c20                tusb_init
 .text.tusb_inited
                0x10006c44        0xe CMakeFiles/test_RTC_GPS.dir/D_/WORKSPACE/PSE2_RP2040/RP_2040/FW/pico-sdk/lib/tinyusb/src/tusb.c.obj
                0x10006c44                tusb_inited
 *fill*         0x10006c52        0x2 
 .text.tu_edpt_validate
                0x10006c54       0xa8 CMakeFiles/test_RTC_GPS.dir/D_/WORKSPACE/PSE2_RP2040/RP_2040/FW/pico-sdk/lib/tinyusb/src/tusb.c.obj
                0x10006c54                tu_edpt_validate
 .text.tu_edpt_bind_driver
                0x10006cfc       0x2a CMakeFiles/test_RTC_GPS.dir/D_/WORKSPACE/PSE2_RP2040/RP_2040/FW/pico-sdk/lib/tinyusb/src/tusb.c.obj
                0x10006cfc                tu_edpt_bind_driver
 .text.advance_pointer
                0x10006d26       0x18 CMakeFiles/test_RTC_GPS.dir/D_/WORKSPACE/PSE2_RP2040/RP_2040/FW/pico-sdk/lib/tinyusb/src/common/tusb_fifo.c.obj
 .text.backward_pointer
                0x10006d3e       0x1e CMakeFiles/test_RTC_GPS.dir/D_/WORKSPACE/PSE2_RP2040/RP_2040/FW/pico-sdk/lib/tinyusb/src/common/tusb_fifo.c.obj
 .text.get_relative_pointer
                0x10006d5c       0x10 CMakeFiles/test_RTC_GPS.dir/D_/WORKSPACE/PSE2_RP2040/RP_2040/FW/pico-sdk/lib/tinyusb/src/common/tusb_fifo.c.obj
 .text._tu_fifo_peek
                0x10006d6c       0x50 CMakeFiles/test_RTC_GPS.dir/D_/WORKSPACE/PSE2_RP2040/RP_2040/FW/pico-sdk/lib/tinyusb/src/common/tusb_fifo.c.obj
 .text._ff_pull_const_addr
                0x10006dbc       0x4c CMakeFiles/test_RTC_GPS.dir/D_/WORKSPACE/PSE2_RP2040/RP_2040/FW/pico-sdk/lib/tinyusb/src/common/tusb_fifo.c.obj
 .text._ff_pull_n
                0x10006e08      0x10c CMakeFiles/test_RTC_GPS.dir/D_/WORKSPACE/PSE2_RP2040/RP_2040/FW/pico-sdk/lib/tinyusb/src/common/tusb_fifo.c.obj
 .text._tu_fifo_peek_n
                0x10006f14       0x5e CMakeFiles/test_RTC_GPS.dir/D_/WORKSPACE/PSE2_RP2040/RP_2040/FW/pico-sdk/lib/tinyusb/src/common/tusb_fifo.c.obj
 .text._tu_fifo_read_n
                0x10006f72       0x4e CMakeFiles/test_RTC_GPS.dir/D_/WORKSPACE/PSE2_RP2040/RP_2040/FW/pico-sdk/lib/tinyusb/src/common/tusb_fifo.c.obj
 .text._ff_push_const_addr
                0x10006fc0       0x40 CMakeFiles/test_RTC_GPS.dir/D_/WORKSPACE/PSE2_RP2040/RP_2040/FW/pico-sdk/lib/tinyusb/src/common/tusb_fifo.c.obj
 .text._ff_push_n
                0x10007000      0x108 CMakeFiles/test_RTC_GPS.dir/D_/WORKSPACE/PSE2_RP2040/RP_2040/FW/pico-sdk/lib/tinyusb/src/common/tusb_fifo.c.obj
 .text._tu_fifo_write_n
                0x10007108       0x9e CMakeFiles/test_RTC_GPS.dir/D_/WORKSPACE/PSE2_RP2040/RP_2040/FW/pico-sdk/lib/tinyusb/src/common/tusb_fifo.c.obj
 .text.tu_fifo_config
                0x100071a6       0x72 CMakeFiles/test_RTC_GPS.dir/D_/WORKSPACE/PSE2_RP2040/RP_2040/FW/pico-sdk/lib/tinyusb/src/common/tusb_fifo.c.obj
                0x100071a6                tu_fifo_config
 .text.tu_fifo_count
                0x10007218       0x26 CMakeFiles/test_RTC_GPS.dir/D_/WORKSPACE/PSE2_RP2040/RP_2040/FW/pico-sdk/lib/tinyusb/src/common/tusb_fifo.c.obj
                0x10007218                tu_fifo_count
 .text.tu_fifo_empty
                0x1000723e       0x10 CMakeFiles/test_RTC_GPS.dir/D_/WORKSPACE/PSE2_RP2040/RP_2040/FW/pico-sdk/lib/tinyusb/src/common/tusb_fifo.c.obj
                0x1000723e                tu_fifo_empty
 .text.tu_fifo_remaining
                0x1000724e       0x20 CMakeFiles/test_RTC_GPS.dir/D_/WORKSPACE/PSE2_RP2040/RP_2040/FW/pico-sdk/lib/tinyusb/src/common/tusb_fifo.c.obj
                0x1000724e                tu_fifo_remaining
 .text.tu_fifo_read
                0x1000726e       0x42 CMakeFiles/test_RTC_GPS.dir/D_/WORKSPACE/PSE2_RP2040/RP_2040/FW/pico-sdk/lib/tinyusb/src/common/tusb_fifo.c.obj
                0x1000726e                tu_fifo_read
 .text.tu_fifo_read_n
                0x100072b0        0xa CMakeFiles/test_RTC_GPS.dir/D_/WORKSPACE/PSE2_RP2040/RP_2040/FW/pico-sdk/lib/tinyusb/src/common/tusb_fifo.c.obj
                0x100072b0                tu_fifo_read_n
 .text.tu_fifo_write
                0x100072ba       0x6c CMakeFiles/test_RTC_GPS.dir/D_/WORKSPACE/PSE2_RP2040/RP_2040/FW/pico-sdk/lib/tinyusb/src/common/tusb_fifo.c.obj
                0x100072ba                tu_fifo_write
 .text.tu_fifo_write_n
                0x10007326        0xa CMakeFiles/test_RTC_GPS.dir/D_/WORKSPACE/PSE2_RP2040/RP_2040/FW/pico-sdk/lib/tinyusb/src/common/tusb_fifo.c.obj
                0x10007326                tu_fifo_write_n
 .text.tu_fifo_clear
                0x10007330       0x4c CMakeFiles/test_RTC_GPS.dir/D_/WORKSPACE/PSE2_RP2040/RP_2040/FW/pico-sdk/lib/tinyusb/src/common/tusb_fifo.c.obj
                0x10007330                tu_fifo_clear
 .text.tu_fifo_set_overwritable
                0x1000737c       0x3c CMakeFiles/test_RTC_GPS.dir/D_/WORKSPACE/PSE2_RP2040/RP_2040/FW/pico-sdk/lib/tinyusb/src/common/tusb_fifo.c.obj
                0x1000737c                tu_fifo_set_overwritable
 .text._retrieve_unique_id_on_boot
                0x100073b8       0x10 CMakeFiles/test_RTC_GPS.dir/D_/WORKSPACE/PSE2_RP2040/RP_2040/FW/pico-sdk/src/rp2_common/pico_unique_id/unique_id.c.obj
 .text.pico_get_unique_board_id_string
                0x100073c8       0x60 CMakeFiles/test_RTC_GPS.dir/D_/WORKSPACE/PSE2_RP2040/RP_2040/FW/pico-sdk/src/rp2_common/pico_unique_id/unique_id.c.obj
                0x100073c8                pico_get_unique_board_id_string
 .text.flash_get_unique_id
                0x10007428       0x46 CMakeFiles/test_RTC_GPS.dir/D_/WORKSPACE/PSE2_RP2040/RP_2040/FW/pico-sdk/src/rp2_common/hardware_flash/flash.c.obj
                0x10007428                flash_get_unique_id
 .text.i2c_write_blocking_internal
                0x1000746e      0x140 CMakeFiles/test_RTC_GPS.dir/D_/WORKSPACE/PSE2_RP2040/RP_2040/FW/pico-sdk/src/rp2_common/hardware_i2c/i2c.c.obj
 .text.i2c_read_blocking_internal
                0x100075ae       0xe6 CMakeFiles/test_RTC_GPS.dir/D_/WORKSPACE/PSE2_RP2040/RP_2040/FW/pico-sdk/src/rp2_common/hardware_i2c/i2c.c.obj
 .text.i2c_set_baudrate
                0x10007694       0xf0 CMakeFiles/test_RTC_GPS.dir/D_/WORKSPACE/PSE2_RP2040/RP_2040/FW/pico-sdk/src/rp2_common/hardware_i2c/i2c.c.obj
                0x10007694                i2c_set_baudrate
 .text.i2c_init
                0x10007784       0x58 CMakeFiles/test_RTC_GPS.dir/D_/WORKSPACE/PSE2_RP2040/RP_2040/FW/pico-sdk/src/rp2_common/hardware_i2c/i2c.c.obj
                0x10007784                i2c_init
 .text.i2c_write_blocking
                0x100077dc       0x18 CMakeFiles/test_RTC_GPS.dir/D_/WORKSPACE/PSE2_RP2040/RP_2040/FW/pico-sdk/src/rp2_common/hardware_i2c/i2c.c.obj
                0x100077dc                i2c_write_blocking
 .text.i2c_read_blocking
                0x100077f4       0x18 CMakeFiles/test_RTC_GPS.dir/D_/WORKSPACE/PSE2_RP2040/RP_2040/FW/pico-sdk/src/rp2_common/hardware_i2c/i2c.c.obj
                0x100077f4                i2c_read_blocking
 .text.strlen   0x1000780c       0x5c d:/program files/gnu arm embedded toolchain/10 2021.10/bin/../lib/gcc/arm-none-eabi/10.3.1/../../../../arm-none-eabi/lib/thumb/v6-m/nofp\libg.a(lib_a-strlen-stub.o)
                0x1000780c                strlen
 *(.fini)
 .fini          0x10007868        0x4 d:/program files/gnu arm embedded toolchain/10 2021.10/bin/../lib/gcc/arm-none-eabi/10.3.1/thumb/v6-m/nofp/crti.o
                0x10007868                _fini
 *fill*         0x1000786c        0x4 
 .fini.__stub   0x10007870       0x70 linker stubs
 *crtbegin.o(.ctors)
 *crtbegin?.o(.ctors)
 *(EXCLUDE_FILE(*crtend.o *crtend?.o) .ctors)
 *(SORT_BY_NAME(.ctors.*))
 *(.ctors)
 *crtbegin.o(.dtors)
 *crtbegin?.o(.dtors)
 *(EXCLUDE_FILE(*crtend.o *crtend?.o) .dtors)
 *(SORT_BY_NAME(.dtors.*))
 *(.dtors)
 *(.eh_frame*)
 .eh_frame      0x100078e0        0x0 d:/program files/gnu arm embedded toolchain/10 2021.10/bin/../lib/gcc/arm-none-eabi/10.3.1/thumb/v6-m/nofp/crtbegin.o
                0x100078e0                . = ALIGN (0x4)

.glue_7         0x100078e0        0x0
 .glue_7        0x100078e0        0x0 linker stubs

.glue_7t        0x100078e0        0x0
 .glue_7t       0x100078e0        0x0 linker stubs

.vfp11_veneer   0x100078e0        0x0
 .vfp11_veneer  0x100078e0        0x0 linker stubs

.v4_bx          0x100078e0        0x0
 .v4_bx         0x100078e0        0x0 linker stubs

.iplt           0x100078e0        0x0
 .iplt          0x100078e0        0x0 d:/program files/gnu arm embedded toolchain/10 2021.10/bin/../lib/gcc/arm-none-eabi/10.3.1/thumb/v6-m/nofp/crtbegin.o

.rodata         0x100078e0     0x1750
 *(EXCLUDE_FILE(*libm.a: *libc.a:*lib_a-mem*.o *libgcc.a:) .rodata*)
 .rodata.main.str1.4
                0x100078e0       0x18 CMakeFiles/test_RTC_GPS.dir/main.c.obj
 .rodata.spin_lock_claim_unused.str1.4
                0x100078f8       0x1b CMakeFiles/test_RTC_GPS.dir/D_/WORKSPACE/PSE2_RP2040/RP_2040/FW/pico-sdk/src/rp2_common/hardware_sync/sync.c.obj
 *fill*         0x10007913        0x1 
 .rodata.repeating_timer_callback.str1.4
                0x10007914       0x5d CMakeFiles/test_RTC_GPS.dir/D_/WORKSPACE/PSE2_RP2040/RP_2040/FW/pico-sdk/src/common/pico_time/time.c.obj
 *fill*         0x10007971        0x3 
 .rodata.alarm_pool_dump_key.str1.4
                0x10007974       0x33 CMakeFiles/test_RTC_GPS.dir/D_/WORKSPACE/PSE2_RP2040/RP_2040/FW/pico-sdk/src/common/pico_time/time.c.obj
 *fill*         0x100079a7        0x1 
 .rodata.ph_add_child_node.str1.4
                0x100079a8       0xa6 CMakeFiles/test_RTC_GPS.dir/D_/WORKSPACE/PSE2_RP2040/RP_2040/FW/pico-sdk/src/common/pico_time/time.c.obj
 *fill*         0x10007a4e        0x2 
 .rodata.add_alarm_under_lock.str1.4
                0x10007a50       0x28 CMakeFiles/test_RTC_GPS.dir/D_/WORKSPACE/PSE2_RP2040/RP_2040/FW/pico-sdk/src/common/pico_time/time.c.obj
                                 0x2b (size before relaxing)
 .rodata.alarm_pool_alarm_callback.str1.4
                0x10007a78       0xf6 CMakeFiles/test_RTC_GPS.dir/D_/WORKSPACE/PSE2_RP2040/RP_2040/FW/pico-sdk/src/common/pico_time/time.c.obj
 *fill*         0x10007b6e        0x2 
 .rodata.alarm_pool_get_default.str1.4
                0x10007b70       0x21 CMakeFiles/test_RTC_GPS.dir/D_/WORKSPACE/PSE2_RP2040/RP_2040/FW/pico-sdk/src/common/pico_time/time.c.obj
 *fill*         0x10007b91        0x3 
 .rodata.alarm_pool_cancel_alarm.str1.4
                0x10007b94       0x27 CMakeFiles/test_RTC_GPS.dir/D_/WORKSPACE/PSE2_RP2040/RP_2040/FW/pico-sdk/src/common/pico_time/time.c.obj
 *fill*         0x10007bbb        0x1 
 .rodata.sleep_until.str1.4
                0x10007bbc       0x4d CMakeFiles/test_RTC_GPS.dir/D_/WORKSPACE/PSE2_RP2040/RP_2040/FW/pico-sdk/src/common/pico_time/time.c.obj
 *fill*         0x10007c09        0x3 
 .rodata.__func__.1
                0x10007c0c       0x18 CMakeFiles/test_RTC_GPS.dir/D_/WORKSPACE/PSE2_RP2040/RP_2040/FW/pico-sdk/src/common/pico_time/time.c.obj
 .rodata.__func__.10
                0x10007c24       0x15 CMakeFiles/test_RTC_GPS.dir/D_/WORKSPACE/PSE2_RP2040/RP_2040/FW/pico-sdk/src/common/pico_time/time.c.obj
 *fill*         0x10007c39        0x3 
 .rodata.__func__.11
                0x10007c3c       0x1a CMakeFiles/test_RTC_GPS.dir/D_/WORKSPACE/PSE2_RP2040/RP_2040/FW/pico-sdk/src/common/pico_time/time.c.obj
 *fill*         0x10007c56        0x2 
 .rodata.__func__.12
                0x10007c58        0xa CMakeFiles/test_RTC_GPS.dir/D_/WORKSPACE/PSE2_RP2040/RP_2040/FW/pico-sdk/src/common/pico_time/time.c.obj
 *fill*         0x10007c62        0x2 
 .rodata.__func__.3
                0x10007c64       0x17 CMakeFiles/test_RTC_GPS.dir/D_/WORKSPACE/PSE2_RP2040/RP_2040/FW/pico-sdk/src/common/pico_time/time.c.obj
 *fill*         0x10007c7b        0x1 
 .rodata.__func__.4
                0x10007c7c       0x12 CMakeFiles/test_RTC_GPS.dir/D_/WORKSPACE/PSE2_RP2040/RP_2040/FW/pico-sdk/src/common/pico_time/time.c.obj
 *fill*         0x10007c8e        0x2 
 .rodata.__func__.5
                0x10007c90        0xd CMakeFiles/test_RTC_GPS.dir/D_/WORKSPACE/PSE2_RP2040/RP_2040/FW/pico-sdk/src/common/pico_time/time.c.obj
 *fill*         0x10007c9d        0x3 
 .rodata.__func__.6
                0x10007ca0       0x12 CMakeFiles/test_RTC_GPS.dir/D_/WORKSPACE/PSE2_RP2040/RP_2040/FW/pico-sdk/src/common/pico_time/time.c.obj
 *fill*         0x10007cb2        0x2 
 .rodata.__func__.7
                0x10007cb4        0xf CMakeFiles/test_RTC_GPS.dir/D_/WORKSPACE/PSE2_RP2040/RP_2040/FW/pico-sdk/src/common/pico_time/time.c.obj
 *fill*         0x10007cc3        0x1 
 .rodata.__func__.8
                0x10007cc4        0xc CMakeFiles/test_RTC_GPS.dir/D_/WORKSPACE/PSE2_RP2040/RP_2040/FW/pico-sdk/src/common/pico_time/time.c.obj
 .rodata.__func__.9
                0x10007cd0       0x15 CMakeFiles/test_RTC_GPS.dir/D_/WORKSPACE/PSE2_RP2040/RP_2040/FW/pico-sdk/src/common/pico_time/time.c.obj
 *fill*         0x10007ce5        0x3 
 .rodata.hardware_alarm_claim.str1.4
                0x10007ce8       0x22 CMakeFiles/test_RTC_GPS.dir/D_/WORKSPACE/PSE2_RP2040/RP_2040/FW/pico-sdk/src/rp2_common/hardware_timer/timer.c.obj
 *fill*         0x10007d0a        0x2 
 .rodata.hardware_alarm_set_target.str1.4
                0x10007d0c       0x77 CMakeFiles/test_RTC_GPS.dir/D_/WORKSPACE/PSE2_RP2040/RP_2040/FW/pico-sdk/src/rp2_common/hardware_timer/timer.c.obj
 *fill*         0x10007d83        0x1 
 .rodata.__func__.0
                0x10007d84       0x1a CMakeFiles/test_RTC_GPS.dir/D_/WORKSPACE/PSE2_RP2040/RP_2040/FW/pico-sdk/src/rp2_common/hardware_timer/timer.c.obj
 *fill*         0x10007d9e        0x2 
 .rodata.str1.4
                0x10007da0       0x9d CMakeFiles/test_RTC_GPS.dir/D_/WORKSPACE/PSE2_RP2040/RP_2040/FW/pico-sdk/src/common/pico_sync/mutex.c.obj
                                0x111 (size before relaxing)
 *fill*         0x10007e3d        0x3 
 .rodata.__func__.1
                0x10007e40        0xb CMakeFiles/test_RTC_GPS.dir/D_/WORKSPACE/PSE2_RP2040/RP_2040/FW/pico-sdk/src/common/pico_sync/mutex.c.obj
 *fill*         0x10007e4b        0x1 
 .rodata.__func__.3
                0x10007e4c       0x18 CMakeFiles/test_RTC_GPS.dir/D_/WORKSPACE/PSE2_RP2040/RP_2040/FW/pico-sdk/src/common/pico_sync/mutex.c.obj
 .rodata.__func__.4
                0x10007e64       0x15 CMakeFiles/test_RTC_GPS.dir/D_/WORKSPACE/PSE2_RP2040/RP_2040/FW/pico-sdk/src/common/pico_sync/mutex.c.obj
 .rodata.ph_add_child_node.str1.4
                0x10007e79       0xa6 CMakeFiles/test_RTC_GPS.dir/D_/WORKSPACE/PSE2_RP2040/RP_2040/FW/pico-sdk/src/common/pico_util/pheap.c.obj
 *fill*         0x10007e79        0x3 
 .rodata.ph_remove_any_head.str1.4
                0x10007e7c       0xa0 CMakeFiles/test_RTC_GPS.dir/D_/WORKSPACE/PSE2_RP2040/RP_2040/FW/pico-sdk/src/common/pico_util/pheap.c.obj
 .rodata.ph_remove_and_free_node.str1.4
                0x10007f1c       0x26 CMakeFiles/test_RTC_GPS.dir/D_/WORKSPACE/PSE2_RP2040/RP_2040/FW/pico-sdk/src/common/pico_util/pheap.c.obj
 *fill*         0x10007f42        0x2 
 .rodata.__func__.0
                0x10007f44       0x18 CMakeFiles/test_RTC_GPS.dir/D_/WORKSPACE/PSE2_RP2040/RP_2040/FW/pico-sdk/src/common/pico_util/pheap.c.obj
 .rodata.__func__.1
                0x10007f5c       0x13 CMakeFiles/test_RTC_GPS.dir/D_/WORKSPACE/PSE2_RP2040/RP_2040/FW/pico-sdk/src/common/pico_util/pheap.c.obj
 *fill*         0x10007f6f        0x1 
 .rodata.__func__.2
                0x10007f70       0x12 CMakeFiles/test_RTC_GPS.dir/D_/WORKSPACE/PSE2_RP2040/RP_2040/FW/pico-sdk/src/common/pico_util/pheap.c.obj
 *fill*         0x10007f82        0x2 
 .rodata.__func__.3
                0x10007f84        0xc CMakeFiles/test_RTC_GPS.dir/D_/WORKSPACE/PSE2_RP2040/RP_2040/FW/pico-sdk/src/common/pico_util/pheap.c.obj
 .rodata.__assert_func.str1.4
                0x10007f90       0x3f CMakeFiles/test_RTC_GPS.dir/D_/WORKSPACE/PSE2_RP2040/RP_2040/FW/pico-sdk/src/rp2_common/pico_runtime/runtime.c.obj
                                 0x43 (size before relaxing)
 *fill*         0x10007fcf        0x1 
 .rodata.runtime_init.str1.4
                0x10007fd0       0x73 CMakeFiles/test_RTC_GPS.dir/D_/WORKSPACE/PSE2_RP2040/RP_2040/FW/pico-sdk/src/rp2_common/pico_runtime/runtime.c.obj
 *fill*         0x10008043        0x1 
 .rodata.panic.str1.4
                0x10008044       0x12 CMakeFiles/test_RTC_GPS.dir/D_/WORKSPACE/PSE2_RP2040/RP_2040/FW/pico-sdk/src/rp2_common/pico_runtime/runtime.c.obj
 *fill*         0x10008056        0x2 
 .rodata.__func__.1
                0x10008058        0xd CMakeFiles/test_RTC_GPS.dir/D_/WORKSPACE/PSE2_RP2040/RP_2040/FW/pico-sdk/src/rp2_common/pico_runtime/runtime.c.obj
 *fill*         0x10008065        0x3 
 .rodata.clock_configure.str1.4
                0x10008068       0x69 CMakeFiles/test_RTC_GPS.dir/D_/WORKSPACE/PSE2_RP2040/RP_2040/FW/pico-sdk/src/rp2_common/hardware_clocks/clocks.c.obj
 *fill*         0x100080d1        0x3 
 .rodata.__func__.1
                0x100080d4       0x10 CMakeFiles/test_RTC_GPS.dir/D_/WORKSPACE/PSE2_RP2040/RP_2040/FW/pico-sdk/src/rp2_common/hardware_clocks/clocks.c.obj
 .rodata.make_branch.str1.4
                0x100080e4       0x5f CMakeFiles/test_RTC_GPS.dir/D_/WORKSPACE/PSE2_RP2040/RP_2040/FW/pico-sdk/src/rp2_common/hardware_irq/irq.c.obj
 *fill*         0x10008143        0x1 
 .rodata.irq_set_exclusive_handler.str1.4
                0x10008144       0x36 CMakeFiles/test_RTC_GPS.dir/D_/WORKSPACE/PSE2_RP2040/RP_2040/FW/pico-sdk/src/rp2_common/hardware_irq/irq.c.obj
 *fill*         0x1000817a        0x2 
 .rodata.irq_add_shared_handler.str1.4
                0x1000817c       0xd9 CMakeFiles/test_RTC_GPS.dir/D_/WORKSPACE/PSE2_RP2040/RP_2040/FW/pico-sdk/src/rp2_common/hardware_irq/irq.c.obj
 *fill*         0x10008255        0x3 
 .rodata.irq_remove_handler.str1.4
                0x10008258       0x2a CMakeFiles/test_RTC_GPS.dir/D_/WORKSPACE/PSE2_RP2040/RP_2040/FW/pico-sdk/src/rp2_common/hardware_irq/irq.c.obj
 *fill*         0x10008282        0x2 
 .rodata.irq_add_tail_to_free_list.str1.4
                0x10008284       0x32 CMakeFiles/test_RTC_GPS.dir/D_/WORKSPACE/PSE2_RP2040/RP_2040/FW/pico-sdk/src/rp2_common/hardware_irq/irq.c.obj
                                 0x3a (size before relaxing)
 *fill*         0x100082b6        0x2 
 .rodata.__func__.0
                0x100082b8       0x1a CMakeFiles/test_RTC_GPS.dir/D_/WORKSPACE/PSE2_RP2040/RP_2040/FW/pico-sdk/src/rp2_common/hardware_irq/irq.c.obj
 *fill*         0x100082d2        0x2 
 .rodata.__func__.1
                0x100082d4       0x17 CMakeFiles/test_RTC_GPS.dir/D_/WORKSPACE/PSE2_RP2040/RP_2040/FW/pico-sdk/src/rp2_common/hardware_irq/irq.c.obj
 *fill*         0x100082eb        0x1 
 .rodata.__func__.2
                0x100082ec       0x13 CMakeFiles/test_RTC_GPS.dir/D_/WORKSPACE/PSE2_RP2040/RP_2040/FW/pico-sdk/src/rp2_common/hardware_irq/irq.c.obj
 *fill*         0x100082ff        0x1 
 .rodata.__func__.3
                0x10008300        0xc CMakeFiles/test_RTC_GPS.dir/D_/WORKSPACE/PSE2_RP2040/RP_2040/FW/pico-sdk/src/rp2_common/hardware_irq/irq.c.obj
 .rodata.__func__.4
                0x1000830c        0xf CMakeFiles/test_RTC_GPS.dir/D_/WORKSPACE/PSE2_RP2040/RP_2040/FW/pico-sdk/src/rp2_common/hardware_irq/irq.c.obj
 *fill*         0x1000831b        0x1 
 .rodata.__func__.6
                0x1000831c       0x1a CMakeFiles/test_RTC_GPS.dir/D_/WORKSPACE/PSE2_RP2040/RP_2040/FW/pico-sdk/src/rp2_common/hardware_irq/irq.c.obj
 *fill*         0x10008336        0x2 
 .rodata.pll_init.str1.4
                0x10008338       0xeb CMakeFiles/test_RTC_GPS.dir/D_/WORKSPACE/PSE2_RP2040/RP_2040/FW/pico-sdk/src/rp2_common/hardware_pll/pll.c.obj
 *fill*         0x10008423        0x1 
 .rodata.__func__.0
                0x10008424        0x9 CMakeFiles/test_RTC_GPS.dir/D_/WORKSPACE/PSE2_RP2040/RP_2040/FW/pico-sdk/src/rp2_common/hardware_pll/pll.c.obj
 *fill*         0x1000842d        0x3 
 .rodata._ftoa.str1.4
                0x10008430       0x15 CMakeFiles/test_RTC_GPS.dir/D_/WORKSPACE/PSE2_RP2040/RP_2040/FW/pico-sdk/src/rp2_common/pico_printf/printf.c.obj
 *fill*         0x10008445        0x3 
 .rodata._vsnprintf
                0x10008448      0x1e0 CMakeFiles/test_RTC_GPS.dir/D_/WORKSPACE/PSE2_RP2040/RP_2040/FW/pico-sdk/src/rp2_common/pico_printf/printf.c.obj
 .rodata.pow10.0
                0x10008628       0x50 CMakeFiles/test_RTC_GPS.dir/D_/WORKSPACE/PSE2_RP2040/RP_2040/FW/pico-sdk/src/rp2_common/pico_printf/printf.c.obj
 .rodata.__aeabi_double_init.str1.4
                0x10008678       0xba CMakeFiles/test_RTC_GPS.dir/D_/WORKSPACE/PSE2_RP2040/RP_2040/FW/pico-sdk/src/rp2_common/pico_double/double_init_rom.c.obj
 *fill*         0x10008732        0x2 
 .rodata.__func__.0
                0x10008734       0x14 CMakeFiles/test_RTC_GPS.dir/D_/WORKSPACE/PSE2_RP2040/RP_2040/FW/pico-sdk/src/rp2_common/pico_double/double_init_rom.c.obj
 .rodata.__aeabi_float_init.str1.4
                0x10008748       0x8c CMakeFiles/test_RTC_GPS.dir/D_/WORKSPACE/PSE2_RP2040/RP_2040/FW/pico-sdk/src/rp2_common/pico_float/float_init_rom.c.obj
                                 0x90 (size before relaxing)
 .rodata.__func__.0
                0x100087d4       0x13 CMakeFiles/test_RTC_GPS.dir/D_/WORKSPACE/PSE2_RP2040/RP_2040/FW/pico-sdk/src/rp2_common/pico_float/float_init_rom.c.obj
 *fill*         0x100087e7        0x1 
 .rodata.str1.4
                0x100087e8       0x44 CMakeFiles/test_RTC_GPS.dir/D_/WORKSPACE/PSE2_RP2040/RP_2040/FW/pico-sdk/src/rp2_common/pico_standard_link/binary_info.c.obj
 .rodata.__bi_44
                0x1000882c        0xc CMakeFiles/test_RTC_GPS.dir/D_/WORKSPACE/PSE2_RP2040/RP_2040/FW/pico-sdk/src/rp2_common/pico_standard_link/binary_info.c.obj
 .rodata.__bi_75
                0x10008838        0xc CMakeFiles/test_RTC_GPS.dir/D_/WORKSPACE/PSE2_RP2040/RP_2040/FW/pico-sdk/src/rp2_common/pico_standard_link/binary_info.c.obj
 .rodata.__bi_81
                0x10008844        0xc CMakeFiles/test_RTC_GPS.dir/D_/WORKSPACE/PSE2_RP2040/RP_2040/FW/pico-sdk/src/rp2_common/pico_standard_link/binary_info.c.obj
 .rodata.crlf_str.3
                0x10008850        0x2 CMakeFiles/test_RTC_GPS.dir/D_/WORKSPACE/PSE2_RP2040/RP_2040/FW/pico-sdk/src/rp2_common/pico_stdio/stdio.c.obj
 *fill*         0x10008852        0x2 
 .rodata._resetd_driver
                0x10008854       0x18 CMakeFiles/test_RTC_GPS.dir/D_/WORKSPACE/PSE2_RP2040/RP_2040/FW/pico-sdk/src/rp2_common/pico_stdio_usb/reset_interface.c.obj
 .rodata.stdio_usb_init.str1.4
                0x1000886c       0x73 CMakeFiles/test_RTC_GPS.dir/D_/WORKSPACE/PSE2_RP2040/RP_2040/FW/pico-sdk/src/rp2_common/pico_stdio_usb/stdio_usb.c.obj
 .rodata.str1.4
                0x1000886c       0x13 CMakeFiles/test_RTC_GPS.dir/D_/WORKSPACE/PSE2_RP2040/RP_2040/FW/pico-sdk/src/rp2_common/pico_stdio_usb/stdio_usb.c.obj
 *fill*         0x1000887f        0x1 
 .rodata.__bi_93.1
                0x10008880        0xc CMakeFiles/test_RTC_GPS.dir/D_/WORKSPACE/PSE2_RP2040/RP_2040/FW/pico-sdk/src/rp2_common/pico_stdio_usb/stdio_usb.c.obj
 .rodata.__func__.0
                0x1000888c       0x15 CMakeFiles/test_RTC_GPS.dir/D_/WORKSPACE/PSE2_RP2040/RP_2040/FW/pico-sdk/src/rp2_common/pico_stdio_usb/stdio_usb.c.obj
 *fill*         0x100088a1        0x3 
 .rodata.str1.4
                0x100088a4       0x2a CMakeFiles/test_RTC_GPS.dir/D_/WORKSPACE/PSE2_RP2040/RP_2040/FW/pico-sdk/src/rp2_common/pico_stdio_usb/stdio_usb_descriptors.c.obj
 *fill*         0x100088ce        0x2 
 .rodata.usbd_desc_cfg
                0x100088d0       0x54 CMakeFiles/test_RTC_GPS.dir/D_/WORKSPACE/PSE2_RP2040/RP_2040/FW/pico-sdk/src/rp2_common/pico_stdio_usb/stdio_usb_descriptors.c.obj
 .rodata.usbd_desc_device
                0x10008924       0x12 CMakeFiles/test_RTC_GPS.dir/D_/WORKSPACE/PSE2_RP2040/RP_2040/FW/pico-sdk/src/rp2_common/pico_stdio_usb/stdio_usb_descriptors.c.obj
 *fill*         0x10008936        0x2 
 .rodata.usbd_desc_str
                0x10008938       0x18 CMakeFiles/test_RTC_GPS.dir/D_/WORKSPACE/PSE2_RP2040/RP_2040/FW/pico-sdk/src/rp2_common/pico_stdio_usb/stdio_usb_descriptors.c.obj
 .rodata._hw_endpoint_alloc.str1.4
                0x10008950       0xc9 CMakeFiles/test_RTC_GPS.dir/D_/WORKSPACE/PSE2_RP2040/RP_2040/FW/pico-sdk/lib/tinyusb/src/portable/raspberrypi/rp2040/dcd_rp2040.c.obj
 *fill*         0x10008a19        0x3 
 .rodata.dcd_rp2040_irq.str1.4
                0x10008a1c       0x14 CMakeFiles/test_RTC_GPS.dir/D_/WORKSPACE/PSE2_RP2040/RP_2040/FW/pico-sdk/lib/tinyusb/src/portable/raspberrypi/rp2040/dcd_rp2040.c.obj
 .rodata.dcd_int_enable.str1.4
                0x10008a30        0xc CMakeFiles/test_RTC_GPS.dir/D_/WORKSPACE/PSE2_RP2040/RP_2040/FW/pico-sdk/lib/tinyusb/src/portable/raspberrypi/rp2040/dcd_rp2040.c.obj
 .rodata.__func__.0
                0x10008a3c        0xe CMakeFiles/test_RTC_GPS.dir/D_/WORKSPACE/PSE2_RP2040/RP_2040/FW/pico-sdk/lib/tinyusb/src/portable/raspberrypi/rp2040/dcd_rp2040.c.obj
 *fill*         0x10008a4a        0x2 
 .rodata.__func__.1
                0x10008a4c        0xe CMakeFiles/test_RTC_GPS.dir/D_/WORKSPACE/PSE2_RP2040/RP_2040/FW/pico-sdk/lib/tinyusb/src/portable/raspberrypi/rp2040/dcd_rp2040.c.obj
 *fill*         0x10008a5a        0x2 
 .rodata.__func__.3
                0x10008a5c       0x10 CMakeFiles/test_RTC_GPS.dir/D_/WORKSPACE/PSE2_RP2040/RP_2040/FW/pico-sdk/lib/tinyusb/src/portable/raspberrypi/rp2040/dcd_rp2040.c.obj
 .rodata.__func__.5
                0x10008a6c        0xf CMakeFiles/test_RTC_GPS.dir/D_/WORKSPACE/PSE2_RP2040/RP_2040/FW/pico-sdk/lib/tinyusb/src/portable/raspberrypi/rp2040/dcd_rp2040.c.obj
 *fill*         0x10008a7b        0x1 
 .rodata.__func__.6
                0x10008a7c       0x13 CMakeFiles/test_RTC_GPS.dir/D_/WORKSPACE/PSE2_RP2040/RP_2040/FW/pico-sdk/lib/tinyusb/src/portable/raspberrypi/rp2040/dcd_rp2040.c.obj
 *fill*         0x10008a8f        0x1 
 .rodata.__func__.7
                0x10008a90        0x9 CMakeFiles/test_RTC_GPS.dir/D_/WORKSPACE/PSE2_RP2040/RP_2040/FW/pico-sdk/lib/tinyusb/src/portable/raspberrypi/rp2040/dcd_rp2040.c.obj
 *fill*         0x10008a99        0x3 
 .rodata.sync_ep_buffer.str1.4
                0x10008a9c       0xa5 CMakeFiles/test_RTC_GPS.dir/D_/WORKSPACE/PSE2_RP2040/RP_2040/FW/pico-sdk/lib/tinyusb/src/portable/raspberrypi/rp2040/rp2040_usb.c.obj
 *fill*         0x10008b41        0x3 
 .rodata._hw_endpoint_buffer_control_update32.str1.4
                0x10008b44       0x1f CMakeFiles/test_RTC_GPS.dir/D_/WORKSPACE/PSE2_RP2040/RP_2040/FW/pico-sdk/lib/tinyusb/src/portable/raspberrypi/rp2040/rp2040_usb.c.obj
 *fill*         0x10008b63        0x1 
 .rodata.hw_endpoint_xfer_start.str1.4
                0x10008b64       0x38 CMakeFiles/test_RTC_GPS.dir/D_/WORKSPACE/PSE2_RP2040/RP_2040/FW/pico-sdk/lib/tinyusb/src/portable/raspberrypi/rp2040/rp2040_usb.c.obj
 .rodata.hw_endpoint_xfer_continue.str1.4
                0x10008b9c       0x29 CMakeFiles/test_RTC_GPS.dir/D_/WORKSPACE/PSE2_RP2040/RP_2040/FW/pico-sdk/lib/tinyusb/src/portable/raspberrypi/rp2040/rp2040_usb.c.obj
 *fill*         0x10008bc5        0x3 
 .rodata.str1.4
                0x10008bc8        0x7 CMakeFiles/test_RTC_GPS.dir/D_/WORKSPACE/PSE2_RP2040/RP_2040/FW/pico-sdk/lib/tinyusb/src/portable/raspberrypi/rp2040/rp2040_usb.c.obj
 *fill*         0x10008bcf        0x1 
 .rodata.__func__.0
                0x10008bd0        0xf CMakeFiles/test_RTC_GPS.dir/D_/WORKSPACE/PSE2_RP2040/RP_2040/FW/pico-sdk/lib/tinyusb/src/portable/raspberrypi/rp2040/rp2040_usb.c.obj
 *fill*         0x10008bdf        0x1 
 .rodata.process_set_config.str1.4
                0x10008be0       0x17 CMakeFiles/test_RTC_GPS.dir/D_/WORKSPACE/PSE2_RP2040/RP_2040/FW/pico-sdk/lib/tinyusb/src/device/usbd.c.obj
 *fill*         0x10008bf7        0x1 
 .rodata.process_get_descriptor
                0x10008bf8       0x40 CMakeFiles/test_RTC_GPS.dir/D_/WORKSPACE/PSE2_RP2040/RP_2040/FW/pico-sdk/lib/tinyusb/src/device/usbd.c.obj
 .rodata.process_control_request
                0x10008c38       0x28 CMakeFiles/test_RTC_GPS.dir/D_/WORKSPACE/PSE2_RP2040/RP_2040/FW/pico-sdk/lib/tinyusb/src/device/usbd.c.obj
 .rodata.tud_task
                0x10008c60       0x24 CMakeFiles/test_RTC_GPS.dir/D_/WORKSPACE/PSE2_RP2040/RP_2040/FW/pico-sdk/lib/tinyusb/src/device/usbd.c.obj
 .rodata.__func__.2
                0x10008c84        0xf CMakeFiles/test_RTC_GPS.dir/D_/WORKSPACE/PSE2_RP2040/RP_2040/FW/pico-sdk/lib/tinyusb/src/device/usbd.c.obj
 *fill*         0x10008c93        0x1 
 .rodata.__func__.3
                0x10008c94        0xf CMakeFiles/test_RTC_GPS.dir/D_/WORKSPACE/PSE2_RP2040/RP_2040/FW/pico-sdk/lib/tinyusb/src/device/usbd.c.obj
 *fill*         0x10008ca3        0x1 
 .rodata.__func__.4
                0x10008ca4       0x14 CMakeFiles/test_RTC_GPS.dir/D_/WORKSPACE/PSE2_RP2040/RP_2040/FW/pico-sdk/lib/tinyusb/src/device/usbd.c.obj
 .rodata.__func__.5
                0x10008cb8       0x10 CMakeFiles/test_RTC_GPS.dir/D_/WORKSPACE/PSE2_RP2040/RP_2040/FW/pico-sdk/lib/tinyusb/src/device/usbd.c.obj
 .rodata.__func__.6
                0x10008cc8       0x17 CMakeFiles/test_RTC_GPS.dir/D_/WORKSPACE/PSE2_RP2040/RP_2040/FW/pico-sdk/lib/tinyusb/src/device/usbd.c.obj
 *fill*         0x10008cdf        0x1 
 .rodata.__func__.7
                0x10008ce0       0x13 CMakeFiles/test_RTC_GPS.dir/D_/WORKSPACE/PSE2_RP2040/RP_2040/FW/pico-sdk/lib/tinyusb/src/device/usbd.c.obj
 *fill*         0x10008cf3        0x1 
 .rodata.__func__.8
                0x10008cf4       0x18 CMakeFiles/test_RTC_GPS.dir/D_/WORKSPACE/PSE2_RP2040/RP_2040/FW/pico-sdk/lib/tinyusb/src/device/usbd.c.obj
 .rodata.__func__.9
                0x10008d0c        0x9 CMakeFiles/test_RTC_GPS.dir/D_/WORKSPACE/PSE2_RP2040/RP_2040/FW/pico-sdk/lib/tinyusb/src/device/usbd.c.obj
 *fill*         0x10008d15        0x3 
 .rodata._usbd_driver
                0x10008d18       0x18 CMakeFiles/test_RTC_GPS.dir/D_/WORKSPACE/PSE2_RP2040/RP_2040/FW/pico-sdk/lib/tinyusb/src/device/usbd.c.obj
 .rodata.tud_control_xfer.str1.4
                0x10008d30       0x17 CMakeFiles/test_RTC_GPS.dir/D_/WORKSPACE/PSE2_RP2040/RP_2040/FW/pico-sdk/lib/tinyusb/src/device/usbd_control.c.obj
 .rodata.__func__.0
                0x10008d30       0x15 CMakeFiles/test_RTC_GPS.dir/D_/WORKSPACE/PSE2_RP2040/RP_2040/FW/pico-sdk/lib/tinyusb/src/device/usbd_control.c.obj
 *fill*         0x10008d45        0x3 
 .rodata.__func__.1
                0x10008d48       0x11 CMakeFiles/test_RTC_GPS.dir/D_/WORKSPACE/PSE2_RP2040/RP_2040/FW/pico-sdk/lib/tinyusb/src/device/usbd_control.c.obj
 .rodata.tud_cdc_n_write_flush.str1.4
                0x10008d59       0x17 CMakeFiles/test_RTC_GPS.dir/D_/WORKSPACE/PSE2_RP2040/RP_2040/FW/pico-sdk/lib/tinyusb/src/class/cdc/cdc_device.c.obj
 *fill*         0x10008d59        0x3 
 .rodata.__func__.0
                0x10008d5c        0xd CMakeFiles/test_RTC_GPS.dir/D_/WORKSPACE/PSE2_RP2040/RP_2040/FW/pico-sdk/lib/tinyusb/src/class/cdc/cdc_device.c.obj
 *fill*         0x10008d69        0x3 
 .rodata.__func__.1
                0x10008d6c        0xa CMakeFiles/test_RTC_GPS.dir/D_/WORKSPACE/PSE2_RP2040/RP_2040/FW/pico-sdk/lib/tinyusb/src/class/cdc/cdc_device.c.obj
 *fill*         0x10008d76        0x2 
 .rodata.__func__.2
                0x10008d78       0x16 CMakeFiles/test_RTC_GPS.dir/D_/WORKSPACE/PSE2_RP2040/RP_2040/FW/pico-sdk/lib/tinyusb/src/class/cdc/cdc_device.c.obj
 .rodata.tusb_init.str1.4
                0x10008d8e       0x17 CMakeFiles/test_RTC_GPS.dir/D_/WORKSPACE/PSE2_RP2040/RP_2040/FW/pico-sdk/lib/tinyusb/src/tusb.c.obj
 *fill*         0x10008d8e        0x2 
 .rodata.__func__.0
                0x10008d90       0x11 CMakeFiles/test_RTC_GPS.dir/D_/WORKSPACE/PSE2_RP2040/RP_2040/FW/pico-sdk/lib/tinyusb/src/tusb.c.obj
 *fill*         0x10008da1        0x3 
 .rodata.__func__.1
                0x10008da4        0xa CMakeFiles/test_RTC_GPS.dir/D_/WORKSPACE/PSE2_RP2040/RP_2040/FW/pico-sdk/lib/tinyusb/src/tusb.c.obj
 *fill*         0x10008dae        0x2 
 .rodata.pico_get_unique_board_id_string.str1.4
                0x10008db0       0x5f CMakeFiles/test_RTC_GPS.dir/D_/WORKSPACE/PSE2_RP2040/RP_2040/FW/pico-sdk/src/rp2_common/pico_unique_id/unique_id.c.obj
 *fill*         0x10008e0f        0x1 
 .rodata.__func__.0
                0x10008e10       0x20 CMakeFiles/test_RTC_GPS.dir/D_/WORKSPACE/PSE2_RP2040/RP_2040/FW/pico-sdk/src/rp2_common/pico_unique_id/unique_id.c.obj
 .rodata.str1.4
                0x10008e30      0x16a CMakeFiles/test_RTC_GPS.dir/D_/WORKSPACE/PSE2_RP2040/RP_2040/FW/pico-sdk/src/rp2_common/hardware_flash/flash.c.obj
 *fill*         0x10008f9a        0x2 
 .rodata.__func__.0
                0x10008f9c        0xd CMakeFiles/test_RTC_GPS.dir/D_/WORKSPACE/PSE2_RP2040/RP_2040/FW/pico-sdk/src/rp2_common/hardware_flash/flash.c.obj
 *fill*         0x10008fa9        0x3 
 .rodata.i2c_set_baudrate.str1.4
                0x10008fac       0x6f CMakeFiles/test_RTC_GPS.dir/D_/WORKSPACE/PSE2_RP2040/RP_2040/FW/pico-sdk/src/rp2_common/hardware_i2c/i2c.c.obj
 *fill*         0x1000901b        0x1 
 .rodata.__func__.0
                0x1000901c       0x11 CMakeFiles/test_RTC_GPS.dir/D_/WORKSPACE/PSE2_RP2040/RP_2040/FW/pico-sdk/src/rp2_common/hardware_i2c/i2c.c.obj
                0x10009030                . = ALIGN (0x4)
 *fill*         0x1000902d        0x3 
 *(SORT_BY_ALIGNMENT(SORT_BY_NAME(.flashdata*)))
                0x10009030                . = ALIGN (0x4)

.rel.dyn        0x10009030        0x0
 .rel.iplt      0x10009030        0x0 d:/program files/gnu arm embedded toolchain/10 2021.10/bin/../lib/gcc/arm-none-eabi/10.3.1/thumb/v6-m/nofp/crtbegin.o

.ARM.extab
 *(.ARM.extab* .gnu.linkonce.armextab.*)
                0x10009030                __exidx_start = .

.ARM.exidx
 *(.ARM.exidx* .gnu.linkonce.armexidx.*)
                0x10009030                __exidx_end = .
                0x10009030                . = ALIGN (0x4)
                0x10009030                __binary_info_start = .

.binary_info    0x10009030       0x20
 *(.binary_info.keep.*)
 .binary_info.keep.__bi_ptr22
                0x10009030        0x4 CMakeFiles/test_RTC_GPS.dir/D_/WORKSPACE/PSE2_RP2040/RP_2040/FW/pico-sdk/src/rp2_common/pico_standard_link/binary_info.c.obj
 .binary_info.keep.__bi_ptr30
                0x10009034        0x4 CMakeFiles/test_RTC_GPS.dir/D_/WORKSPACE/PSE2_RP2040/RP_2040/FW/pico-sdk/src/rp2_common/pico_standard_link/binary_info.c.obj
 .binary_info.keep.__bi_ptr38
                0x10009038        0x4 CMakeFiles/test_RTC_GPS.dir/D_/WORKSPACE/PSE2_RP2040/RP_2040/FW/pico-sdk/src/rp2_common/pico_standard_link/binary_info.c.obj
 .binary_info.keep.__bi_ptr44
                0x1000903c        0x4 CMakeFiles/test_RTC_GPS.dir/D_/WORKSPACE/PSE2_RP2040/RP_2040/FW/pico-sdk/src/rp2_common/pico_standard_link/binary_info.c.obj
 .binary_info.keep.__bi_ptr50
                0x10009040        0x4 CMakeFiles/test_RTC_GPS.dir/D_/WORKSPACE/PSE2_RP2040/RP_2040/FW/pico-sdk/src/rp2_common/pico_standard_link/binary_info.c.obj
 .binary_info.keep.__bi_ptr75
                0x10009044        0x4 CMakeFiles/test_RTC_GPS.dir/D_/WORKSPACE/PSE2_RP2040/RP_2040/FW/pico-sdk/src/rp2_common/pico_standard_link/binary_info.c.obj
 .binary_info.keep.__bi_ptr81
                0x10009048        0x4 CMakeFiles/test_RTC_GPS.dir/D_/WORKSPACE/PSE2_RP2040/RP_2040/FW/pico-sdk/src/rp2_common/pico_standard_link/binary_info.c.obj
 *(.binary_info.*)
 .binary_info.__bi_ptr93
                0x1000904c        0x4 CMakeFiles/test_RTC_GPS.dir/D_/WORKSPACE/PSE2_RP2040/RP_2040/FW/pico-sdk/src/rp2_common/pico_stdio_usb/stdio_usb.c.obj
                0x10009050                __binary_info_end = .
                0x10009050                . = ALIGN (0x4)
                0x10009050                __etext = .

.ram_vector_table
                0x20000000       0xc0
 *(.ram_vector_table)
 .ram_vector_table
                0x20000000       0xc0 CMakeFiles/test_RTC_GPS.dir/D_/WORKSPACE/PSE2_RP2040/RP_2040/FW/pico-sdk/src/rp2_common/pico_runtime/runtime.c.obj
                0x20000000                ram_vector_table

.data           0x200000c0      0x468 load address 0x10009050
                0x200000c0                __data_start__ = .
 *(vtable)
 *(.time_critical*)
 .time_critical.mutex_enter_blocking
                0x200000c0       0x48 CMakeFiles/test_RTC_GPS.dir/D_/WORKSPACE/PSE2_RP2040/RP_2040/FW/pico-sdk/src/common/pico_sync/mutex.c.obj
                0x200000c0                mutex_enter_blocking
 .time_critical.mutex_try_enter
                0x20000108       0x46 CMakeFiles/test_RTC_GPS.dir/D_/WORKSPACE/PSE2_RP2040/RP_2040/FW/pico-sdk/src/common/pico_sync/mutex.c.obj
                0x20000108                mutex_try_enter
 *fill*         0x2000014e        0x2 
 .time_critical.mutex_enter_block_until